[hadoop@emr-header-1 ~]$ ls
1.txt                                                                        aliyunDSW2atmtimequeryHDFSyarnclienttime201701010047D9L392N40M10G.txt  getdata.sh                test_isa
aliyunDSW2atmtimequeryHDFSyarnclient.sh                                      aliyunDSW2atmtimequeryHDFSyarnclienttime201701010347D9L1024N4M10G.txt  get.sh                    test.sh
aliyunDSW2atmtimequeryHDFSyarnclienttime201612302345tail.txt                 aliyunDSW2timequeryHDFS.sh                                             lib                       tools
aliyunDSW2atmtimequeryHDFSyarnclienttime201612302345.txt                     aliyunDSW2timequeryHDFSyarnclient.sh                                   ossforprestorestart.sh    txtaliyunDSW2timequeryHDFSyarnclientD8yarn201612302211.txt
aliyunDSW2atmtimequeryHDFSyarnclienttime201612302523,txt                     backup                                                                 putrun.sh                 txtaliyunDSW2timequeryHDFSyarnclientD9yarn201612302214.txt
aliyunDSW2atmtimequeryHDFSyarnclienttime201612312139D91024N1.txt             bin                                                                    put.sh                    txtaliyunDSW2timequeryHDFSyarnclientD9yarn201612302219tail.txt
aliyunDSW2atmtimequeryHDFSyarnclienttime201612312143D9L392N100.txt           dispatch.sh                                                            query                     txtaliyunDSW2timequeryHDFSyarnclientD9yarn201612302219.txt
aliyunDSW2atmtimequeryHDFSyarnclienttime201612312212D9L392N40M10G.txt        DL1Line.fasta                                                          queryD                    v1.1.1.tar.gz
aliyunDSW2atmtimequeryHDFSyarnclienttime201612312212D9L392N40M12G.txt        DL1Line.fasta.gz                                                       query.tar.gz              xubo
aliyunDSW2atmtimequeryHDFSyarnclienttime201612312212D9L392N40.txt            DL8Line.fasta                                                          realpath.sh               xubo20161230
aliyunDSW2atmtimequeryHDFSyarnclienttime201612312218D9L392N40M10G.txt        DL8Line.fasta.gz                                                       run.sh                    xubo201612311525.tar.gz
aliyunDSW2atmtimequeryHDFSyarnclienttime201612312243D9L392N40M10Gtail1.txt   DL9Line.fasta                                                          spark-1.5.2               xubo201612312030.tar.gz
aliyunDSW2atmtimequeryHDFSyarnclienttime201612312243D9L392N40M10Gtail21.txt  DL9Line.fasta.gz                                                       spark-1.5.2Master.tar.gz  xubo201612312154.tar.gz
aliyunDSW2atmtimequeryHDFSyarnclienttime201612312243D9L392N40M10Gtail2.txt   DSA.jar                                                                SparkPi.jar               xubo201701010100.tar.gz
aliyunDSW2atmtimequeryHDFSyarnclienttime201612312243D9L392N40M10G.txt        error201701010046.txt                                                  submitJob.sh
aliyunDSW2atmtimequeryHDFSyarnclienttime201701010047D9L392N40M10Gtail1.txt   getdataref.sh                                                          test
[hadoop@emr-header-1 ~]$ vi aliyunDSW2atmtimequeryHDFSyarnclienttime201701010345D9L1024N4M10G.txt 
[hadoop@emr-header-1 ~]$ vi aliyunDSW2atmtimequeryHDFSyarnclienttime20170101034
aliyunDSW2atmtimequeryHDFSyarnclienttime201701010345D9L1024N4M10G.txt  aliyunDSW2atmtimequeryHDFSyarnclienttime201701010347D9L1024N4M10G.txt  
[hadoop@emr-header-1 ~]$ ll aliyunDSW2atmtimequeryHDFSyarnclienttime20170101034*
-rw-rw-r-- 1 hadoop hadoop   3104 Jan  1 03:50 aliyunDSW2atmtimequeryHDFSyarnclienttime201701010345D9L1024N4M10G.txt
-rw-rw-r-- 1 hadoop hadoop 637842 Jan  1 08:03 aliyunDSW2atmtimequeryHDFSyarnclienttime201701010347D9L1024N4M10G.txt
[hadoop@emr-header-1 ~]$ ll aliyunDSW2atmtimequeryHDFSyarnclienttime201701010*
-rw-rw-r-- 1 hadoop hadoop   70477 Jan  1 03:10 aliyunDSW2atmtimequeryHDFSyarnclienttime201701010047D9L392N40M10Gtail1.txt
-rw-rw-r-- 1 hadoop hadoop 1177013 Jan  1 03:09 aliyunDSW2atmtimequeryHDFSyarnclienttime201701010047D9L392N40M10G.txt
-rw-rw-r-- 1 hadoop hadoop    3104 Jan  1 03:50 aliyunDSW2atmtimequeryHDFSyarnclienttime201701010345D9L1024N4M10G.txt
-rw-rw-r-- 1 hadoop hadoop  637842 Jan  1 08:03 aliyunDSW2atmtimequeryHDFSyarnclienttime201701010347D9L1024N4M10G.txt
[hadoop@emr-header-1 ~]$ ll aliyunDSW2atmtimequeryHDFSyarnclienttime201701010*
-rw-rw-r-- 1 hadoop hadoop   70477 Jan  1 03:10 aliyunDSW2atmtimequeryHDFSyarnclienttime201701010047D9L392N40M10Gtail1.txt
-rw-rw-r-- 1 hadoop hadoop 1177013 Jan  1 03:09 aliyunDSW2atmtimequeryHDFSyarnclienttime201701010047D9L392N40M10G.txt
-rw-rw-r-- 1 hadoop hadoop    3104 Jan  1 03:50 aliyunDSW2atmtimequeryHDFSyarnclienttime201701010345D9L1024N4M10G.txt
-rw-rw-r-- 1 hadoop hadoop  637923 Jan  1 08:04 aliyunDSW2atmtimequeryHDFSyarnclienttime201701010347D9L1024N4M10G.txt
[hadoop@emr-header-1 ~]$ ll |head -10
total 20000448
-rw-rw-r--  1 hadoop hadoop        115 Dec 31 22:18 1.txt
-rwxr-xr-x  1 hadoop hadoop        375 Jan  1 03:43 aliyunDSW2atmtimequeryHDFSyarnclient.sh
-rw-rw-r--  1 hadoop hadoop      72754 Dec 31 13:02 aliyunDSW2atmtimequeryHDFSyarnclienttime201612302345tail.txt
-rw-rw-r--  1 hadoop hadoop    2179099 Dec 31 07:59 aliyunDSW2atmtimequeryHDFSyarnclienttime201612302345.txt
-rw-rw-r--  1 hadoop hadoop      33793 Dec 31 15:23 aliyunDSW2atmtimequeryHDFSyarnclienttime201612302523,txt
-rw-rw-r--  1 hadoop hadoop       4277 Dec 31 21:40 aliyunDSW2atmtimequeryHDFSyarnclienttime201612312139D91024N1.txt
-rw-rw-r--  1 hadoop hadoop       6022 Dec 31 21:43 aliyunDSW2atmtimequeryHDFSyarnclienttime201612312143D9L392N100.txt
-rw-rw-r--  1 hadoop hadoop      13474 Dec 31 22:16 aliyunDSW2atmtimequeryHDFSyarnclienttime201612312212D9L392N40M10G.txt
-rw-rw-r--  1 hadoop hadoop       2001 Dec 31 22:13 aliyunDSW2atmtimequeryHDFSyarnclienttime201612312212D9L392N40M12G.txt
[hadoop@emr-header-1 ~]$ ll -t|head -10
total 20000448
-rw-rw-r--  1 hadoop hadoop     638976 Jan  1 08:04 aliyunDSW2atmtimequeryHDFSyarnclienttime201701010347D9L1024N4M10G.txt
-rw-rw-r--  1 hadoop hadoop       3104 Jan  1 03:50 aliyunDSW2atmtimequeryHDFSyarnclienttime201701010345D9L1024N4M10G.txt
-rw-r--r--  1 hadoop hadoop    2351584 Jan  1 03:47 DSA.jar
-rwxr-xr-x  1 hadoop hadoop        375 Jan  1 03:43 aliyunDSW2atmtimequeryHDFSyarnclient.sh
drwxrwxr-x  2 hadoop hadoop       4096 Jan  1 03:39 queryD
-rw-rw-r--  1 hadoop hadoop      70477 Jan  1 03:10 aliyunDSW2atmtimequeryHDFSyarnclienttime201701010047D9L392N40M10Gtail1.txt
-rw-rw-r--  1 hadoop hadoop    1177013 Jan  1 03:09 aliyunDSW2atmtimequeryHDFSyarnclienttime201701010047D9L392N40M10G.txt
drwxrwxr-x  3 hadoop hadoop       4096 Jan  1 01:59 xubo
-rw-rw-r--  1 hadoop hadoop        521 Jan  1 01:58 xubo201701010100.tar.gz
[hadoop@emr-header-1 ~]$ vi aliyunDSW2atmtimequeryHDFSyarnclienttime201701010347D9L1024N4M10G.txt 
[hadoop@emr-header-1 ~]$ vi aliyunDSW2atmtimequeryHDFSyarnclienttime201701010347D9L1024N4M10Gtail.txt 
[hadoop@emr-header-1 ~]$ vi aliyunDSW2atmtimequeryHDFSyarnclienttime201701010347D9L1024N4M10Gtail.txt 
[hadoop@emr-header-1 ~]$ vi aliyunDSW2atmtimequeryHDFSyarnclienttime201701010347D9L1024N4M10Gtail2.txt 
[hadoop@emr-header-1 ~]$ ls
1.txt                                                                        aliyunDSW2atmtimequeryHDFSyarnclienttime201612312243D9L392N40M10Gtail2.txt  DL1Line.fasta           putrun.sh                 test.sh
aliyunDSW2atmtimequeryHDFSyarnclient.sh                                      aliyunDSW2atmtimequeryHDFSyarnclienttime201612312243D9L392N40M10G.txt       DL1Line.fasta.gz        put.sh                    tools
aliyunDSW2atmtimequeryHDFSyarnclienttime201612302345tail.txt                 aliyunDSW2atmtimequeryHDFSyarnclienttime201701010047D9L392N40M10Gtail1.txt  DL8Line.fasta           query                     txtaliyunDSW2timequeryHDFSyarnclientD8yarn201612302211.txt
aliyunDSW2atmtimequeryHDFSyarnclienttime201612302345.txt                     aliyunDSW2atmtimequeryHDFSyarnclienttime201701010047D9L392N40M10G.txt       DL8Line.fasta.gz        queryD                    txtaliyunDSW2timequeryHDFSyarnclientD9yarn201612302214.txt
aliyunDSW2atmtimequeryHDFSyarnclienttime201612302523,txt                     aliyunDSW2atmtimequeryHDFSyarnclienttime201701010345D9L1024N4M10G.txt       DL9Line.fasta           query.tar.gz              txtaliyunDSW2timequeryHDFSyarnclientD9yarn201612302219tail.txt
aliyunDSW2atmtimequeryHDFSyarnclienttime201612312139D91024N1.txt             aliyunDSW2atmtimequeryHDFSyarnclienttime201701010347D9L1024N4M10Gtail2.txt  DL9Line.fasta.gz        realpath.sh               txtaliyunDSW2timequeryHDFSyarnclientD9yarn201612302219.txt
aliyunDSW2atmtimequeryHDFSyarnclienttime201612312143D9L392N100.txt           aliyunDSW2atmtimequeryHDFSyarnclienttime201701010347D9L1024N4M10Gtail.txt   DSA.jar                 run.sh                    v1.1.1.tar.gz
aliyunDSW2atmtimequeryHDFSyarnclienttime201612312212D9L392N40M10G.txt        aliyunDSW2atmtimequeryHDFSyarnclienttime201701010347D9L1024N4M10G.txt       error201701010046.txt   spark-1.5.2               xubo
aliyunDSW2atmtimequeryHDFSyarnclienttime201612312212D9L392N40M12G.txt        aliyunDSW2timequeryHDFS.sh                                                  getdataref.sh           spark-1.5.2Master.tar.gz  xubo20161230
aliyunDSW2atmtimequeryHDFSyarnclienttime201612312212D9L392N40.txt            aliyunDSW2timequeryHDFSyarnclient.sh                                        getdata.sh              SparkPi.jar               xubo201612311525.tar.gz
aliyunDSW2atmtimequeryHDFSyarnclienttime201612312218D9L392N40M10G.txt        backup                                                                      get.sh                  submitJob.sh              xubo201612312030.tar.gz
aliyunDSW2atmtimequeryHDFSyarnclienttime201612312243D9L392N40M10Gtail1.txt   bin                                                                         lib                     test                      xubo201612312154.tar.gz
aliyunDSW2atmtimequeryHDFSyarnclienttime201612312243D9L392N40M10Gtail21.txt  dispatch.sh                                                                 ossforprestorestart.sh  test_isa                  xubo201701010100.tar.gz
[hadoop@emr-header-1 ~]$ rm xubo
rm: cannot remove `xubo': Is a directory
[hadoop@emr-header-1 ~]$ rm -r xubo
[hadoop@emr-header-1 ~]$ hadoop fs -get /xubo
SLF4J: Class path contains multiple SLF4J bindings.
SLF4J: Found binding in [jar:file:/opt/apps/hadoop-2.7.2/share/hadoop/common/lib/slf4j-log4j12-1.7.10.jar!/org/slf4j/impl/StaticLoggerBinder.class]
SLF4J: Found binding in [jar:file:/opt/apps/hbase-1.1.1/lib/slf4j-log4j12-1.7.5.jar!/org/slf4j/impl/StaticLoggerBinder.class]
SLF4J: Found binding in [jar:file:/opt/apps/tez-0.8.4/lib/slf4j-log4j12-1.7.10.jar!/org/slf4j/impl/StaticLoggerBinder.class]
SLF4J: See http://www.slf4j.org/codes.html#multiple_bindings for an explanation.
SLF4J: Actual binding is of type [org.slf4j.impl.Log4jLoggerFactory]
[hadoop@emr-header-1 ~]$ tar -zcvf xubo201701010830.tar.gz xubo
xubo/
xubo/project/
xubo/project/SparkSW/
xubo/project/SparkSW/output/
xubo/project/SparkSW/output/time/
xubo/project/SparkSW/output/time/20161231233636530DSW2ATM_queryFile_D9L392N40_dbFile_DL9Line.fasta_splitNum_256_taskNum_1_topK_5/
xubo/project/SparkSW/output/time/20161231233636530DSW2ATM_queryFile_D9L392N40_dbFile_DL9Line.fasta_splitNum_256_taskNum_1_topK_5/part-00000
xubo/project/SparkSW/output/time/20161231233636530DSW2ATM_queryFile_D9L392N40_dbFile_DL9Line.fasta_splitNum_256_taskNum_1_topK_5/_SUCCESS
xubo/project/SparkSW/output/time/20161231224342922DSW2ATM_queryFile_D9L392N40_dbFile_DL9Line.fasta_splitNum_256_taskNum_1_topK_5/
xubo/project/SparkSW/output/time/20161231224342922DSW2ATM_queryFile_D9L392N40_dbFile_DL9Line.fasta_splitNum_256_taskNum_1_topK_5/part-00000
xubo/project/SparkSW/output/time/20161231224342922DSW2ATM_queryFile_D9L392N40_dbFile_DL9Line.fasta_splitNum_256_taskNum_1_topK_5/_SUCCESS
xubo/project/SparkSW/output/time/20170101034814834DSW2ATM_queryFile_D9L10240N4_dbFile_DL9Line.fasta_splitNum_256_taskNum_1_topK_5/
xubo/project/SparkSW/output/time/20170101034814834DSW2ATM_queryFile_D9L10240N4_dbFile_DL9Line.fasta_splitNum_256_taskNum_1_topK_5/part-00000
xubo/project/SparkSW/output/time/20170101034814834DSW2ATM_queryFile_D9L10240N4_dbFile_DL9Line.fasta_splitNum_256_taskNum_1_topK_5/_SUCCESS
xubo/project/SparkSW/output/time/20170101052520154DSW2ATM_queryFile_D9L10240N4_dbFile_DL9Line.fasta_splitNum_256_taskNum_1_topK_5/
xubo/project/SparkSW/output/time/20170101052520154DSW2ATM_queryFile_D9L10240N4_dbFile_DL9Line.fasta_splitNum_256_taskNum_1_topK_5/part-00000
xubo/project/SparkSW/output/time/20170101052520154DSW2ATM_queryFile_D9L10240N4_dbFile_DL9Line.fasta_splitNum_256_taskNum_1_topK_5/_SUCCESS
xubo/project/SparkSW/output/time/20170101034349152DSW2ATM_queryFile_D9L10240N1_dbFile_D9L10240N4_splitNum_256_taskNum_1_topK_5/
xubo/project/SparkSW/output/time/20170101034349152DSW2ATM_queryFile_D9L10240N1_dbFile_D9L10240N4_splitNum_256_taskNum_1_topK_5/part-00000
xubo/project/SparkSW/output/time/20170101034349152DSW2ATM_queryFile_D9L10240N1_dbFile_D9L10240N4_splitNum_256_taskNum_1_topK_5/_SUCCESS
xubo/project/SparkSW/output/time/20170101034306370DSW2ATM_queryFile_D9L10240N1_dbFile_D9L10240N4_splitNum_256_taskNum_1_topK_5/
xubo/project/SparkSW/output/time/20170101034306370DSW2ATM_queryFile_D9L10240N1_dbFile_D9L10240N4_splitNum_256_taskNum_1_topK_5/part-00000
xubo/project/SparkSW/output/time/20170101034306370DSW2ATM_queryFile_D9L10240N1_dbFile_D9L10240N4_splitNum_256_taskNum_1_topK_5/_SUCCESS
xubo/project/SparkSW/output/time/20170101014756978DSW2ATM_queryFile_D9L392N40_dbFile_DL9Line.fasta_splitNum_256_taskNum_1_topK_5/
xubo/project/SparkSW/output/time/20170101014756978DSW2ATM_queryFile_D9L392N40_dbFile_DL9Line.fasta_splitNum_256_taskNum_1_topK_5/part-00000
xubo/project/SparkSW/output/time/20170101014756978DSW2ATM_queryFile_D9L392N40_dbFile_DL9Line.fasta_splitNum_256_taskNum_1_topK_5/_SUCCESS
xubo/project/SparkSW/output/time/20170101034423563DSW2ATM_queryFile_D9L10240N1_dbFile_D9L10240N4_splitNum_256_taskNum_1_topK_5/
xubo/project/SparkSW/output/time/20170101034423563DSW2ATM_queryFile_D9L10240N1_dbFile_D9L10240N4_splitNum_256_taskNum_1_topK_5/part-00000
xubo/project/SparkSW/output/time/20170101034423563DSW2ATM_queryFile_D9L10240N1_dbFile_D9L10240N4_splitNum_256_taskNum_1_topK_5/_SUCCESS
xubo/project/SparkSW/output/time/20170101004706714DSW2ATM_queryFile_D9L392N40_dbFile_DL9Line.fasta_splitNum_256_taskNum_1_topK_5/
xubo/project/SparkSW/output/time/20170101004706714DSW2ATM_queryFile_D9L392N40_dbFile_DL9Line.fasta_splitNum_256_taskNum_1_topK_5/part-00000
xubo/project/SparkSW/output/time/20170101004706714DSW2ATM_queryFile_D9L392N40_dbFile_DL9Line.fasta_splitNum_256_taskNum_1_topK_5/_SUCCESS
[hadoop@emr-header-1 ~]$ sz xubo201701010830.tar.gz 
[hadoop@emr-header-1 ~]$ 

[hadoop@emr-header-1 ~]$ 
[hadoop@emr-header-1 ~]$ ll -t |head -20
total 20004372
-rw-rw-r--  1 hadoop hadoop     662872 Jan  1 08:35 aliyunDSW2atmtimequeryHDFSyarnclienttime201701010347D9L1024N4M10G.txt
-rw-rw-r--  1 hadoop hadoop       1388 Jan  1 08:30 xubo201701010830.tar.gz
drwxrwxr-x  3 hadoop hadoop       4096 Jan  1 08:30 xubo
-rw-rw-r--  1 hadoop hadoop     284694 Jan  1 08:08 aliyunDSW2atmtimequeryHDFSyarnclienttime201701010347D9L1024N4M10Gtail2.txt
-rw-rw-r--  1 hadoop hadoop    3700163 Jan  1 08:06 aliyunDSW2atmtimequeryHDFSyarnclienttime201701010347D9L1024N4M10Gtail.txt
-rw-rw-r--  1 hadoop hadoop       3104 Jan  1 03:50 aliyunDSW2atmtimequeryHDFSyarnclienttime201701010345D9L1024N4M10G.txt
-rw-r--r--  1 hadoop hadoop    2351584 Jan  1 03:47 DSA.jar
-rwxr-xr-x  1 hadoop hadoop        375 Jan  1 03:43 aliyunDSW2atmtimequeryHDFSyarnclient.sh
drwxrwxr-x  2 hadoop hadoop       4096 Jan  1 03:39 queryD
-rw-rw-r--  1 hadoop hadoop      70477 Jan  1 03:10 aliyunDSW2atmtimequeryHDFSyarnclienttime201701010047D9L392N40M10Gtail1.txt
-rw-rw-r--  1 hadoop hadoop    1177013 Jan  1 03:09 aliyunDSW2atmtimequeryHDFSyarnclienttime201701010047D9L392N40M10G.txt
-rw-rw-r--  1 hadoop hadoop        521 Jan  1 01:58 xubo201701010100.tar.gz
-rw-rw-r--  1 hadoop hadoop      33592 Jan  1 01:01 aliyunDSW2atmtimequeryHDFSyarnclienttime201612312243D9L392N40M10Gtail21.txt
-rw-rw-r--  1 hadoop hadoop      84847 Jan  1 00:50 aliyunDSW2atmtimequeryHDFSyarnclienttime201612312243D9L392N40M10Gtail2.txt
-rw-rw-r--  1 hadoop hadoop        169 Jan  1 00:46 error201701010046.txt
-rw-rw-r--  1 hadoop hadoop    1077378 Jan  1 00:43 aliyunDSW2atmtimequeryHDFSyarnclienttime201612312243D9L392N40M10G.txt
-rw-rw-r--  1 hadoop hadoop      95571 Dec 31 23:42 aliyunDSW2atmtimequeryHDFSyarnclienttime201612312243D9L392N40M10Gtail1.txt
-rw-rw-r--  1 hadoop hadoop     137098 Dec 31 22:43 aliyunDSW2atmtimequeryHDFSyarnclienttime201612312218D9L392N40M10G.txt
-rw-rw-r--  1 hadoop hadoop        115 Dec 31 22:18 1.txt
[hadoop@emr-header-1 ~]$ sz *.txt
[hadoop@emr-header-1 ~]$ 

[hadoop@emr-header-1 ~]$ vi aliyunDSW2atmtimequeryHDFSyarnclienttime201701010347D9L1024N4M10Gtail3.txt 
[hadoop@emr-header-1 ~]$ rm -r xubo
[hadoop@emr-header-1 ~]$ hadoop fs -get /xubo .
SLF4J: Class path contains multiple SLF4J bindings.
SLF4J: Found binding in [jar:file:/opt/apps/hadoop-2.7.2/share/hadoop/common/lib/slf4j-log4j12-1.7.10.jar!/org/slf4j/impl/StaticLoggerBinder.class]
SLF4J: Found binding in [jar:file:/opt/apps/hbase-1.1.1/lib/slf4j-log4j12-1.7.5.jar!/org/slf4j/impl/StaticLoggerBinder.class]
SLF4J: Found binding in [jar:file:/opt/apps/tez-0.8.4/lib/slf4j-log4j12-1.7.10.jar!/org/slf4j/impl/StaticLoggerBinder.class]
SLF4J: See http://www.slf4j.org/codes.html#multiple_bindings for an explanation.
SLF4J: Actual binding is of type [org.slf4j.impl.Log4jLoggerFactory]
[hadoop@emr-header-1 ~]$ ls
1.txt                                                                        aliyunDSW2atmtimequeryHDFSyarnclienttime201701010345D9L1024N4M10G.txt       error201701010046.txt     test
aliyunDSW2atmtimequeryHDFSyarnclient.sh                                      aliyunDSW2atmtimequeryHDFSyarnclienttime201701010347D9L1024N4M10Gtail2.txt  getdataref.sh             test_isa
aliyunDSW2atmtimequeryHDFSyarnclienttime201612302345tail.txt                 aliyunDSW2atmtimequeryHDFSyarnclienttime201701010347D9L1024N4M10Gtail3.txt  getdata.sh                test.sh
aliyunDSW2atmtimequeryHDFSyarnclienttime201612302345.txt                     aliyunDSW2atmtimequeryHDFSyarnclienttime201701010347D9L1024N4M10Gtail.txt   get.sh                    tools
aliyunDSW2atmtimequeryHDFSyarnclienttime201612302523,txt                     aliyunDSW2atmtimequeryHDFSyarnclienttime201701010347D9L1024N4M10G.txt       lib                       txtaliyunDSW2timequeryHDFSyarnclientD8yarn201612302211.txt
aliyunDSW2atmtimequeryHDFSyarnclienttime201612312139D91024N1.txt             aliyunDSW2timequeryHDFS.sh                                                  ossforprestorestart.sh    txtaliyunDSW2timequeryHDFSyarnclientD9yarn201612302214.txt
aliyunDSW2atmtimequeryHDFSyarnclienttime201612312143D9L392N100.txt           aliyunDSW2timequeryHDFSyarnclient.sh                                        putrun.sh                 txtaliyunDSW2timequeryHDFSyarnclientD9yarn201612302219tail.txt
aliyunDSW2atmtimequeryHDFSyarnclienttime201612312212D9L392N40M10G.txt        backup                                                                      put.sh                    txtaliyunDSW2timequeryHDFSyarnclientD9yarn201612302219.txt
aliyunDSW2atmtimequeryHDFSyarnclienttime201612312212D9L392N40M12G.txt        bin                                                                         query                     v1.1.1.tar.gz
aliyunDSW2atmtimequeryHDFSyarnclienttime201612312212D9L392N40.txt            dispatch.sh                                                                 queryD                    xubo
aliyunDSW2atmtimequeryHDFSyarnclienttime201612312218D9L392N40M10G.txt        DL1Line.fasta                                                               query.tar.gz              xubo20161230
aliyunDSW2atmtimequeryHDFSyarnclienttime201612312243D9L392N40M10Gtail1.txt   DL1Line.fasta.gz                                                            realpath.sh               xubo201612311525.tar.gz
aliyunDSW2atmtimequeryHDFSyarnclienttime201612312243D9L392N40M10Gtail21.txt  DL8Line.fasta                                                               run.sh                    xubo201612312030.tar.gz
aliyunDSW2atmtimequeryHDFSyarnclienttime201612312243D9L392N40M10Gtail2.txt   DL8Line.fasta.gz                                                            spark-1.5.2               xubo201612312154.tar.gz
aliyunDSW2atmtimequeryHDFSyarnclienttime201612312243D9L392N40M10G.txt        DL9Line.fasta                                                               spark-1.5.2Master.tar.gz  xubo201701010100.tar.gz
aliyunDSW2atmtimequeryHDFSyarnclienttime201701010047D9L392N40M10Gtail1.txt   DL9Line.fasta.gz                                                            SparkPi.jar               xubo201701010830.tar.gz
aliyunDSW2atmtimequeryHDFSyarnclienttime201701010047D9L392N40M10G.txt        DSA.jar                                                                     submitJob.sh
[hadoop@emr-header-1 ~]$ tar -zcvf xubo201701010846.tar.gz xubo
xubo/
xubo/project/
xubo/project/SparkSW/
xubo/project/SparkSW/output/
xubo/project/SparkSW/output/time/
xubo/project/SparkSW/output/time/20161231233636530DSW2ATM_queryFile_D9L392N40_dbFile_DL9Line.fasta_splitNum_256_taskNum_1_topK_5/
xubo/project/SparkSW/output/time/20161231233636530DSW2ATM_queryFile_D9L392N40_dbFile_DL9Line.fasta_splitNum_256_taskNum_1_topK_5/part-00000
xubo/project/SparkSW/output/time/20161231233636530DSW2ATM_queryFile_D9L392N40_dbFile_DL9Line.fasta_splitNum_256_taskNum_1_topK_5/_SUCCESS
xubo/project/SparkSW/output/time/20170101070154334DSW2ATM_queryFile_D9L10240N4_dbFile_DL9Line.fasta_splitNum_256_taskNum_1_topK_5/
xubo/project/SparkSW/output/time/20170101070154334DSW2ATM_queryFile_D9L10240N4_dbFile_DL9Line.fasta_splitNum_256_taskNum_1_topK_5/part-00000
xubo/project/SparkSW/output/time/20170101070154334DSW2ATM_queryFile_D9L10240N4_dbFile_DL9Line.fasta_splitNum_256_taskNum_1_topK_5/_SUCCESS
xubo/project/SparkSW/output/time/20161231224342922DSW2ATM_queryFile_D9L392N40_dbFile_DL9Line.fasta_splitNum_256_taskNum_1_topK_5/
xubo/project/SparkSW/output/time/20161231224342922DSW2ATM_queryFile_D9L392N40_dbFile_DL9Line.fasta_splitNum_256_taskNum_1_topK_5/part-00000
xubo/project/SparkSW/output/time/20161231224342922DSW2ATM_queryFile_D9L392N40_dbFile_DL9Line.fasta_splitNum_256_taskNum_1_topK_5/_SUCCESS
xubo/project/SparkSW/output/time/20170101034814834DSW2ATM_queryFile_D9L10240N4_dbFile_DL9Line.fasta_splitNum_256_taskNum_1_topK_5/
xubo/project/SparkSW/output/time/20170101034814834DSW2ATM_queryFile_D9L10240N4_dbFile_DL9Line.fasta_splitNum_256_taskNum_1_topK_5/part-00000
xubo/project/SparkSW/output/time/20170101034814834DSW2ATM_queryFile_D9L10240N4_dbFile_DL9Line.fasta_splitNum_256_taskNum_1_topK_5/_SUCCESS
xubo/project/SparkSW/output/time/20170101052520154DSW2ATM_queryFile_D9L10240N4_dbFile_DL9Line.fasta_splitNum_256_taskNum_1_topK_5/
xubo/project/SparkSW/output/time/20170101052520154DSW2ATM_queryFile_D9L10240N4_dbFile_DL9Line.fasta_splitNum_256_taskNum_1_topK_5/part-00000
xubo/project/SparkSW/output/time/20170101052520154DSW2ATM_queryFile_D9L10240N4_dbFile_DL9Line.fasta_splitNum_256_taskNum_1_topK_5/_SUCCESS
xubo/project/SparkSW/output/time/20170101034349152DSW2ATM_queryFile_D9L10240N1_dbFile_D9L10240N4_splitNum_256_taskNum_1_topK_5/
xubo/project/SparkSW/output/time/20170101034349152DSW2ATM_queryFile_D9L10240N1_dbFile_D9L10240N4_splitNum_256_taskNum_1_topK_5/part-00000
xubo/project/SparkSW/output/time/20170101034349152DSW2ATM_queryFile_D9L10240N1_dbFile_D9L10240N4_splitNum_256_taskNum_1_topK_5/_SUCCESS
xubo/project/SparkSW/output/time/20170101034306370DSW2ATM_queryFile_D9L10240N1_dbFile_D9L10240N4_splitNum_256_taskNum_1_topK_5/
xubo/project/SparkSW/output/time/20170101034306370DSW2ATM_queryFile_D9L10240N1_dbFile_D9L10240N4_splitNum_256_taskNum_1_topK_5/part-00000
xubo/project/SparkSW/output/time/20170101034306370DSW2ATM_queryFile_D9L10240N1_dbFile_D9L10240N4_splitNum_256_taskNum_1_topK_5/_SUCCESS
xubo/project/SparkSW/output/time/20170101014756978DSW2ATM_queryFile_D9L392N40_dbFile_DL9Line.fasta_splitNum_256_taskNum_1_topK_5/
xubo/project/SparkSW/output/time/20170101014756978DSW2ATM_queryFile_D9L392N40_dbFile_DL9Line.fasta_splitNum_256_taskNum_1_topK_5/part-00000
xubo/project/SparkSW/output/time/20170101014756978DSW2ATM_queryFile_D9L392N40_dbFile_DL9Line.fasta_splitNum_256_taskNum_1_topK_5/_SUCCESS
xubo/project/SparkSW/output/time/20170101034423563DSW2ATM_queryFile_D9L10240N1_dbFile_D9L10240N4_splitNum_256_taskNum_1_topK_5/
xubo/project/SparkSW/output/time/20170101034423563DSW2ATM_queryFile_D9L10240N1_dbFile_D9L10240N4_splitNum_256_taskNum_1_topK_5/part-00000
xubo/project/SparkSW/output/time/20170101034423563DSW2ATM_queryFile_D9L10240N1_dbFile_D9L10240N4_splitNum_256_taskNum_1_topK_5/_SUCCESS
xubo/project/SparkSW/output/time/20170101004706714DSW2ATM_queryFile_D9L392N40_dbFile_DL9Line.fasta_splitNum_256_taskNum_1_topK_5/
xubo/project/SparkSW/output/time/20170101004706714DSW2ATM_queryFile_D9L392N40_dbFile_DL9Line.fasta_splitNum_256_taskNum_1_topK_5/part-00000
xubo/project/SparkSW/output/time/20170101004706714DSW2ATM_queryFile_D9L392N40_dbFile_DL9Line.fasta_splitNum_256_taskNum_1_topK_5/_SUCCESS
[hadoop@emr-header-1 ~]$ sz xubo201701010846.tar.gz 

[hadoop@emr-header-1 ~]$ ls
1.txt                                                                        aliyunDSW2atmtimequeryHDFSyarnclienttime201701010347D9L1024N4M10Gtail2.txt     getdataref.sh                test_isa
aliyunDSW2atmtimequeryHDFSyarnclient.sh                                      aliyunDSW2atmtimequeryHDFSyarnclienttime201701010347D9L1024N4M10Gtail3.txt     getdata.sh                   test.sh
aliyunDSW2atmtimequeryHDFSyarnclienttime201612302345tail.txt                 aliyunDSW2atmtimequeryHDFSyarnclienttime201701010347D9L1024N4M10Gtail.txt      get.sh                       tools
aliyunDSW2atmtimequeryHDFSyarnclienttime201612302345.txt                     aliyunDSW2atmtimequeryHDFSyarnclienttime201701010347D9L1024N4M10G.txt          lib                          txtaliyunDSW2timequeryHDFSyarnclientD8yarn201612302211.txt
aliyunDSW2atmtimequeryHDFSyarnclienttime201612302523,txt                     aliyunDSW2atmtimequeryHDFSyarnclienttime201701010852D9L1024N4L10240N4M10G.txt  ossforprestorestart.sh       txtaliyunDSW2timequeryHDFSyarnclientD9yarn201612302214.txt
aliyunDSW2atmtimequeryHDFSyarnclienttime201612312139D91024N1.txt             aliyunDSW2timequeryHDFS.sh                                                     putrun.sh                    txtaliyunDSW2timequeryHDFSyarnclientD9yarn201612302219tail.txt
aliyunDSW2atmtimequeryHDFSyarnclienttime201612312143D9L392N100.txt           aliyunDSW2timequeryHDFSyarnclient.sh                                           put.sh                       txtaliyunDSW2timequeryHDFSyarnclientD9yarn201612302219.txt
aliyunDSW2atmtimequeryHDFSyarnclienttime201612312212D9L392N40M10G.txt        backup                                                                         query                        v1.1.1.tar.gz
aliyunDSW2atmtimequeryHDFSyarnclienttime201612312212D9L392N40M12G.txt        bin                                                                            queryD                       xubo
aliyunDSW2atmtimequeryHDFSyarnclienttime201612312212D9L392N40.txt            dispatch.sh                                                                    query.tar.gz                 xubo20161230
aliyunDSW2atmtimequeryHDFSyarnclienttime201612312218D9L392N40M10G.txt        DL1Line.fasta                                                                  realpath.sh                  xubo201612311525.tar.gz
aliyunDSW2atmtimequeryHDFSyarnclienttime201612312243D9L392N40M10Gtail1.txt   DL1Line.fasta.gz                                                               run.sh                       xubo201612312030.tar.gz
aliyunDSW2atmtimequeryHDFSyarnclienttime201612312243D9L392N40M10Gtail21.txt  DL8Line.fasta                                                                  spark-1.5.2                  xubo201612312154.tar.gz
aliyunDSW2atmtimequeryHDFSyarnclienttime201612312243D9L392N40M10Gtail2.txt   DL8Line.fasta.gz                                                               spark-1.5.2Master.tar.gz     xubo201701010100.tar.gz
aliyunDSW2atmtimequeryHDFSyarnclienttime201612312243D9L392N40M10G.txt        DL9Line.fasta                                                                  SparkPi.jar                  xubo201701010830.tar.gz
aliyunDSW2atmtimequeryHDFSyarnclienttime201701010047D9L392N40M10Gtail1.txt   DL9Line.fasta.gz                                                               submitJob.sh                 xubo201701010846.tar.gz
aliyunDSW2atmtimequeryHDFSyarnclienttime201701010047D9L392N40M10G.txt        DSA.jar                                                                        systemClose201701010855.txt
aliyunDSW2atmtimequeryHDFSyarnclienttime201701010345D9L1024N4M10G.txt        error201701010046.txt                                                          test
[hadoop@emr-header-1 ~]$ cd L
bash: cd: L: No such file or directory
[hadoop@emr-header-1 ~]$ ls
1.txt                                                                        aliyunDSW2atmtimequeryHDFSyarnclienttime201701010347D9L1024N4M10Gtail2.txt     getdataref.sh                test_isa
aliyunDSW2atmtimequeryHDFSyarnclient.sh                                      aliyunDSW2atmtimequeryHDFSyarnclienttime201701010347D9L1024N4M10Gtail3.txt     getdata.sh                   test.sh
aliyunDSW2atmtimequeryHDFSyarnclienttime201612302345tail.txt                 aliyunDSW2atmtimequeryHDFSyarnclienttime201701010347D9L1024N4M10Gtail.txt      get.sh                       tools
aliyunDSW2atmtimequeryHDFSyarnclienttime201612302345.txt                     aliyunDSW2atmtimequeryHDFSyarnclienttime201701010347D9L1024N4M10G.txt          lib                          txtaliyunDSW2timequeryHDFSyarnclientD8yarn201612302211.txt
aliyunDSW2atmtimequeryHDFSyarnclienttime201612302523,txt                     aliyunDSW2atmtimequeryHDFSyarnclienttime201701010852D9L1024N4L10240N4M10G.txt  ossforprestorestart.sh       txtaliyunDSW2timequeryHDFSyarnclientD9yarn201612302214.txt
aliyunDSW2atmtimequeryHDFSyarnclienttime201612312139D91024N1.txt             aliyunDSW2timequeryHDFS.sh                                                     putrun.sh                    txtaliyunDSW2timequeryHDFSyarnclientD9yarn201612302219tail.txt
aliyunDSW2atmtimequeryHDFSyarnclienttime201612312143D9L392N100.txt           aliyunDSW2timequeryHDFSyarnclient.sh                                           put.sh                       txtaliyunDSW2timequeryHDFSyarnclientD9yarn201612302219.txt
aliyunDSW2atmtimequeryHDFSyarnclienttime201612312212D9L392N40M10G.txt        backup                                                                         query                        v1.1.1.tar.gz
aliyunDSW2atmtimequeryHDFSyarnclienttime201612312212D9L392N40M12G.txt        bin                                                                            queryD                       xubo
aliyunDSW2atmtimequeryHDFSyarnclienttime201612312212D9L392N40.txt            dispatch.sh                                                                    query.tar.gz                 xubo20161230
aliyunDSW2atmtimequeryHDFSyarnclienttime201612312218D9L392N40M10G.txt        DL1Line.fasta                                                                  realpath.sh                  xubo201612311525.tar.gz
aliyunDSW2atmtimequeryHDFSyarnclienttime201612312243D9L392N40M10Gtail1.txt   DL1Line.fasta.gz                                                               run.sh                       xubo201612312030.tar.gz
aliyunDSW2atmtimequeryHDFSyarnclienttime201612312243D9L392N40M10Gtail21.txt  DL8Line.fasta                                                                  spark-1.5.2                  xubo201612312154.tar.gz
aliyunDSW2atmtimequeryHDFSyarnclienttime201612312243D9L392N40M10Gtail2.txt   DL8Line.fasta.gz                                                               spark-1.5.2Master.tar.gz     xubo201701010100.tar.gz
aliyunDSW2atmtimequeryHDFSyarnclienttime201612312243D9L392N40M10G.txt        DL9Line.fasta                                                                  SparkPi.jar                  xubo201701010830.tar.gz
aliyunDSW2atmtimequeryHDFSyarnclienttime201701010047D9L392N40M10Gtail1.txt   DL9Line.fasta.gz                                                               submitJob.sh                 xubo201701010846.tar.gz
aliyunDSW2atmtimequeryHDFSyarnclienttime201701010047D9L392N40M10G.txt        DSA.jar                                                                        systemClose201701010855.txt
aliyunDSW2atmtimequeryHDFSyarnclienttime201701010345D9L1024N4M10G.txt        error201701010046.txt                                                          test
[hadoop@emr-header-1 ~]$ hadoop fs -rm /Luniref/DL9Line.fasta
SLF4J: Class path contains multiple SLF4J bindings.
SLF4J: Found binding in [jar:file:/opt/apps/hadoop-2.7.2/share/hadoop/common/lib/slf4j-log4j12-1.7.10.jar!/org/slf4j/impl/StaticLoggerBinder.class]
SLF4J: Found binding in [jar:file:/opt/apps/hbase-1.1.1/lib/slf4j-log4j12-1.7.5.jar!/org/slf4j/impl/StaticLoggerBinder.class]
SLF4J: Found binding in [jar:file:/opt/apps/tez-0.8.4/lib/slf4j-log4j12-1.7.10.jar!/org/slf4j/impl/StaticLoggerBinder.class]
SLF4J: See http://www.slf4j.org/codes.html#multiple_bindings for an explanation.
SLF4J: Actual binding is of type [org.slf4j.impl.Log4jLoggerFactory]
17/01/01 09:00:19 INFO fs.TrashPolicyDefault: Namenode trash configuration: Deletion interval = 1440 minutes, Emptier interval = 30 minutes.
Moved: 'hdfs://iZbp16l88xgquw1qzwm6yjZ:9000/Luniref/DL9Line.fasta' to trash at: hdfs://iZbp16l88xgquw1qzwm6yjZ:9000/user/hadoop/.Trash/Current
[hadoop@emr-header-1 ~]$ hadoop fs -put DL9Line.fasta /Luniref/
SLF4J: Class path contains multiple SLF4J bindings.
SLF4J: Found binding in [jar:file:/opt/apps/hadoop-2.7.2/share/hadoop/common/lib/slf4j-log4j12-1.7.10.jar!/org/slf4j/impl/StaticLoggerBinder.class]
SLF4J: Found binding in [jar:file:/opt/apps/hbase-1.1.1/lib/slf4j-log4j12-1.7.5.jar!/org/slf4j/impl/StaticLoggerBinder.class]
SLF4J: Found binding in [jar:file:/opt/apps/tez-0.8.4/lib/slf4j-log4j12-1.7.10.jar!/org/slf4j/impl/StaticLoggerBinder.class]
SLF4J: See http://www.slf4j.org/codes.html#multiple_bindings for an explanation.
SLF4J: Actual binding is of type [org.slf4j.impl.Log4jLoggerFactory]
[hadoop@emr-header-1 ~]$ ls
1.txt                                                                        aliyunDSW2atmtimequeryHDFSyarnclienttime201701010347D9L1024N4M10Gtail1xubo.txt  DSA.jar                      test
addNode.sh                                                                   aliyunDSW2atmtimequeryHDFSyarnclienttime201701010347D9L1024N4M10Gtail2.txt      error201701010046.txt        test_isa
aliyunDSW2atmtimequeryHDFSyarnclient.sh                                      aliyunDSW2atmtimequeryHDFSyarnclienttime201701010347D9L1024N4M10Gtail3.txt      getdataref.sh                test.sh
aliyunDSW2atmtimequeryHDFSyarnclienttime201612302345tail.txt                 aliyunDSW2atmtimequeryHDFSyarnclienttime201701010347D9L1024N4M10Gtail.txt       getdata.sh                   tools
aliyunDSW2atmtimequeryHDFSyarnclienttime201612302345.txt                     aliyunDSW2atmtimequeryHDFSyarnclienttime201701010347D9L1024N4M10G.txt           get.sh                       txtaliyunDSW2timequeryHDFSyarnclientD8yarn201612302211.txt
aliyunDSW2atmtimequeryHDFSyarnclienttime201612302523,txt                     aliyunDSW2atmtimequeryHDFSyarnclienttime201701010852D9L1024N4L10240N4M10G.txt   lib                          txtaliyunDSW2timequeryHDFSyarnclientD9yarn201612302214.txt
aliyunDSW2atmtimequeryHDFSyarnclienttime201612312139D91024N1.txt             aliyunDSW2atmtimequeryHDFSyarnclienttime201701010902D9L1024N4L10240N4M10G.txt   ossforprestorestart.sh       txtaliyunDSW2timequeryHDFSyarnclientD9yarn201612302219tail.txt
aliyunDSW2atmtimequeryHDFSyarnclienttime201612312143D9L392N100.txt           aliyunDSW2atmtimequeryHDFSyarnclienttime201701010904D9L1024N4L10240N4M10G.txt   putrun.sh                    txtaliyunDSW2timequeryHDFSyarnclientD9yarn201612302219.txt
aliyunDSW2atmtimequeryHDFSyarnclienttime201612312212D9L392N40M10G.txt        aliyunDSW2timequeryHDFS.sh                                                      put.sh                       v1.1.1.tar.gz
aliyunDSW2atmtimequeryHDFSyarnclienttime201612312212D9L392N40M12G.txt        aliyunDSW2timequeryHDFSyarnclient.sh                                            query                        xubo
aliyunDSW2atmtimequeryHDFSyarnclienttime201612312212D9L392N40.txt            backup                                                                          queryD                       xubo20161230
aliyunDSW2atmtimequeryHDFSyarnclienttime201612312218D9L392N40M10G.txt        bin                                                                             query.tar.gz                 xubo201612311525.tar.gz
aliyunDSW2atmtimequeryHDFSyarnclienttime201612312243D9L392N40M10Gtail1.txt   dispatch.sh                                                                     realpath.sh                  xubo201612312030.tar.gz
aliyunDSW2atmtimequeryHDFSyarnclienttime201612312243D9L392N40M10Gtail21.txt  DL1Line.fasta                                                                   run.sh                       xubo201612312154.tar.gz
aliyunDSW2atmtimequeryHDFSyarnclienttime201612312243D9L392N40M10Gtail2.txt   DL1Line.fasta.gz                                                                spark-1.5.2                  xubo201701010100.tar.gz
aliyunDSW2atmtimequeryHDFSyarnclienttime201612312243D9L392N40M10G.txt        DL8Line.fasta                                                                   spark-1.5.2Master.tar.gz     xubo201701010830.tar.gz
aliyunDSW2atmtimequeryHDFSyarnclienttime201701010047D9L392N40M10Gtail1.txt   DL8Line.fasta.gz                                                                SparkPi.jar                  xubo201701010846.tar.gz
aliyunDSW2atmtimequeryHDFSyarnclienttime201701010047D9L392N40M10G.txt        DL9Line.fasta                                                                   submitJob.sh
aliyunDSW2atmtimequeryHDFSyarnclienttime201701010345D9L1024N4M10G.txt        DL9Line.fasta.gz                                                                systemClose201701010855.txt
[hadoop@emr-header-1 ~]$ ez *.sh
bash: ez: command not found
[hadoop@emr-header-1 ~]$ sz *.sh
[hadoop@emr-header-1 ~]$ 

[hadoop@emr-header-1 ~]$ ll -t |head -10
total 20005104
-rw-rw-r--  1 hadoop hadoop      98630 Jan  1 10:02 aliyunDSW2atmtimequeryHDFSyarnclienttime201701010904D9L1024N4L10240N4M10G.txt
-rwxr-xr-x  1 hadoop hadoop        376 Jan  1 09:04 aliyunDSW2atmtimequeryHDFSyarnclient.sh
-rw-rw-r--  1 hadoop hadoop       5536 Jan  1 09:04 aliyunDSW2atmtimequeryHDFSyarnclienttime201701010902D9L1024N4L10240N4M10G.txt
-rw-rw-r--  1 hadoop hadoop      84028 Jan  1 09:03 aliyunDSW2atmtimequeryHDFSyarnclienttime201701010347D9L1024N4M10Gtail1xubo.txt
-rwxr-xr-x  1 hadoop hadoop        128 Jan  1 09:02 addNode.sh
-rwxr-xr-x  1 hadoop hadoop        200 Jan  1 08:57 dispatch.sh
-rw-rw-r--  1 hadoop hadoop       9445 Jan  1 08:55 systemClose201701010855.txt
-rw-rw-r--  1 hadoop hadoop       9982 Jan  1 08:54 aliyunDSW2atmtimequeryHDFSyarnclienttime201701010852D9L1024N4L10240N4M10G.txt
-rw-r--r--  1 hadoop hadoop    2351696 Jan  1 08:50 DSA.jar
[hadoop@emr-header-1 ~]$ vi aliyunDSW2atmtimequeryHDFSyarnclienttime20170101090
aliyunDSW2atmtimequeryHDFSyarnclienttime201701010902D9L1024N4L10240N4M10G.txt  aliyunDSW2atmtimequeryHDFSyarnclienttime201701010904D9L1024N4L10240N4M10G.txt  
[hadoop@emr-header-1 ~]$ vi aliyunDSW2atmtimequeryHDFSyarnclienttime201701010904D9L1024N4L10240N4M10Gtail1.txt 
[hadoop@emr-header-1 ~]$ tail -f aliyunDSW2atmtimequeryHDFSyarnclienttime201701011225D9L1024N4L10240N4M10G.txt 
BLOSUM62	/queryD/D9L10240N4	/Luniref/DL9Line.fasta	256	1	5	11	1	
topK:5 Query:UniRef100_K1PNP9                                                   
AlignmentRecord(refName=UniRef100_K1PNP9, refSequence.take(100)=MFSCFRKKKKKLKGKPPLASEAVVSVKEPQRQATQQISDVVVSGQEDLSAKEALLLWSRRTVEGYPGVKVKNFSSSWRDGRAFLSIIHRHRPDLVDFRKV, cigar=10247M, score1=53844, score2=0, ref_begin1=0, ref_end1=0, read_begin1=0, read_end1=0, ref_end2=0)
AlignmentRecord(refName=UniRef100_V4A6K8, refSequence.take(100)=MLKYLTCGGCGCGRKKKKPKNLNGDNAPYAPAEKPLISSTVVPGQPQDISARDALLYWSRRTTEGYPGIKITDFSKSWRDGKAFLAIIHRNRPDLVDFRK, cigar=6M2D5M1D5M5I5M6I10M1D812M9D30M2D143M2D189M2I82M8I7M3I35M1D9M3D505M1I48M1D12M5I15M1D2M4I8M1D62M1I23M1D232M4D196M3D7M1D15M2I19M21I9M6I3M15I5M39I2M29I3M6I154M1I41M3I5M1D7M3I13M2I3M4I10M6I24M1D12M5I47M7I9M8I13M5I46M1I35M3I27M6I3M5I20M32I2M1D7M4I11M18I108M1I5M12D36M5D18M3D53M4I12M5D78M1I30M4I28M3D14M17D5M2D30M11D9M15D5M14D241M6I49M8D9M10D2M1D7M11D29M5D60M2I67M2D13M1I60M1D151M8D85M1D18M24I7M11I14M1I4M4I12M3I41M1D26M1D24M2D8M2I10M3I37M1I72M1D3M4D7M11D7M15D14M39D6M26D8M13D4M7D5M2D5M35D7M16D3M89D52M9D10M3D26M1I18M5D22M57D31M27D10M1I5M25D3M12D17M12D22M16D21M2I189M3D158M1D177M22I13M25I8M11I28M1I13M6D54M4I9M24I9M5I2M3I7M7I32M27I7M14I9M2I5M22I13M7I20M14I4M9I21M1D89M5D12M4I7M1D12M1D131M1I46M53D5M20D10M19D5M27D9M106D7M20D7M2D9M5D7M2D4M18D16M36D6M21D13M13D22M37D13M5D5M63D8M44D5M4D658M1I30M1D8M5I484M1D10M1I175M1D1200M1D499M2D151M1D8M1D9M11D7M4D4M24D138M2D81M20I35M1D7M3I27M4I14M1I5M4D29M1I17M1D41M, score1=18535, score2=8384, ref_begin1=3, ref_end1=10815, read_begin1=3, read_end1=10217, ref_end2=5684)
AlignmentRecord(refName=UniRef100_A0A0L8I8F9, refSequence.take(100)=MRFHKMQNVQISLDFLRYKGIKLVNIRADEIVDGNPKLTLGLIWTIILHFQISDVVVPGQPENLTAKEALLLWSRRTTEGYPGIKVTDFSTSWRDGKAFL, cigar=10M1D85M14I5M2I5M2D403M1D298M9D20M3D9M1I36M1I104M2I10M5D133M4I105M5I22M1I8M1I24M4I157M1D286M1I30M1I92M5D17M1D10M6D43M2I119M1D2M2I28M1D331M9D10M6I13M1D32M9I12M11I76M5I42M1I163M4D33M26D11M35D15M58D9M7D11M30D7M25D4M14D5M38D9M41D22M4D8M18D3M42D20M32D10M34D4M1D14M6D3M2D6M2D47M2D46M1D3M10I18M15I12M9I26M30I97M11D21M4I34M15D7M4D7M7D11M27D49M2D82M1I19M3D12M1D9M1D8M12D40M2D9M24D21M14D13M1D231M1D10M2I60M9I2M11I6M22I58M2I81M2I50M1D12M2I133M4D91M1D33M2I8M1I6M3D14M1D7M3I7M1I7M17I31M1D20M2D54M2I37M1I70M16D3M33D11M7D6M3I20M36D5M13D52M31D45M5I14M7I31M3D12M13D27M6D12M15D7M7D11M9D9M5D24M1I88M1I38M1I23M1I8M1I30M3D63M1I71M2I22M1I106M1I15M1I71M1D7M1D28M7D6M10D23M17D151M4D3M20D17M2D18M1D10M2I9M1D4M2D10M10D11M5D24M50D9M2D11M35D9M37D12M2D6M32D10M6D15M4D6M1D14M26D8M3D7M6D4M50D4M28D5M6D5M14D3M128D9M5D60M5D14M6D7M6D149M1I53M1D10M8D5M7D2M1D17M4D4M1D14M14D12M3D21M13D13M2D8M11D22M10D13M2I147M2I510M1I8M3I20M2I7M1D3M1D460M1D221M1I11M4D120M3I11M3D284M1I762M1D653M1I9M4I11M1I214M20I40M4D20M2I9M3I17M2I9M3D10M3D13M2I55M6I18M, score1=16995, score2=7811, ref_begin1=35, ref_end1=11382, read_begin1=35, read_end1=10239, ref_end2=6245)
AlignmentRecord(refName=UniRef100_A0A0L8I9U6, refSequence.take(100)=MLLNRNFPSTLIEMRSLLADFSRFRLEEVPPRLELKQKLFRLFDEIQALSNDTLPLGLEDELYPKNVERLFSRFLLAQQEKDMAIQSELVRLERLQRLAE, cigar=365M1D298M9D20M3D9M1I36M1I104M2I10M5D133M4I105M5I22M1I8M1I24M4I157M1D286M1I30M1I92M5D17M1D10M6D43M2I119M1D2M2I28M1D331M9D10M6I13M1D32M9I12M11I76M5I42M1I163M4D17M4I22M6I4M4I6M3I6M6I11M1D9M3I25M1I43M2I5M4D19M4I9M2I12M38I16M19I6M7I12M1D18M4I21M5I33M7I20M4I5M1D2M16I29M6I18M12I10M11I9M12I5M2I4M11I4M6I16M1I10M10I17M13I4M3I16M11I6M20I4M3I2M24I26M2I25M12I12M2I13M2D30M9I53M3D3M7I38M3D23M3D8M1D5M1I59M19I28M1D21M3I7M4I3M13I15M16I43M6D26M2I11M12I8M5I9M2I6M5I17M1I54M4I3M6I2M8I37M22I24M1D7M25I16M1I9M42I5M6I10M43I14M3I12M10I3M10I41M1D10M12I5M12I12M9I4M14I4M57I41M22I22M9I39M3D10M4D12M3I19M2I7M11I6M18I21M8I9M5I5M16I11M14I20M2I37M3D4M16D46M3I3M10I6M2D53M29I10M12I16M10I6M3I22M1D31M33I27M7I12M12I15M1I3M29I15M7I23M46I15M1D13M26I10M6I6M15I11M43I22M1I7M3I4M16I15M25I14M2I21M1D22M15I3M4I10M3I38M12I7M12I16M31I12M18I39M7I28M5D21M17I5M19I53M20I6M72I15M14I15M1I20M1I15M2I4M5I16M2I6M1D16M21I147M2I510M1I8M3I20M2I7M1D3M1D460M1D221M1I11M4D120M3I11M3D284M1I762M1D653M1I9M4I11M1I274M4D20M2I9M3I17M2I9M3D10M3D13M2I55M6I18M, score1=13993, score2=5071, ref_begin1=194, ref_end1=8687, read_begin1=194, read_end1=10239, ref_end2=3554)
AlignmentRecord(refName=UniRef100_A0A0L8I8R7, refSequence.take(100)=MLLNRNFPSTLIEMRSLLADFSRFRLEEVPPRLELKQKLFRLFDEIQALSNDTLPLGLEDELYPKNVERLFSRFLLAQQEKDMAIQSELVRLERLQRLAE, cigar=365M1D298M9D20M3D9M1I36M1I104M2I10M5D133M4I105M5I22M1I8M1I24M4I157M1D286M1I30M1I92M5D17M1D10M6D43M2I119M1D2M2I28M1D331M9D10M6I13M1D32M9I12M11I76M5I42M1I163M4D17M4I22M6I4M4I6M3I6M6I11M1D9M3I25M1I43M2I5M4D19M4I9M2I12M38I16M19I6M7I12M1D18M4I21M5I33M7I20M4I5M1D2M16I29M6I18M12I10M11I9M12I5M2I4M11I4M6I16M1I10M10I17M13I4M3I16M11I6M20I4M3I2M24I26M2I25M12I12M2I13M2D30M9I53M3D3M7I38M3D23M3D8M1D5M1I59M19I28M1D21M3I7M4I3M13I15M16I43M6D26M2I11M12I8M5I9M2I6M5I17M1I54M4I3M6I2M8I37M22I24M1D7M25I16M1I9M42I5M6I10M43I14M3I12M10I3M10I41M1D10M12I5M12I12M9I4M14I4M57I41M22I22M9I39M3D10M4D12M3I19M2I7M11I6M18I21M8I9M5I5M16I11M14I20M2I37M3D4M16D46M3I3M10I6M2D53M29I10M12I16M10I6M3I22M1D31M33I27M7I12M12I15M1I3M29I15M7I23M46I15M1D13M26I10M6I6M15I11M43I22M1I7M3I4M16I15M25I14M2I21M1D22M15I3M4I10M3I38M12I7M12I16M31I12M18I39M7I28M5D21M17I5M19I53M20I6M72I15M14I15M1I20M1I15M2I4M5I16M2I6M1D16M21I147M2I510M1I8M3I20M2I7M1D3M1D460M1D221M1I11M4D120M3I11M3D284M1I762M1D653M1I9M4I11M1I214M20I40M4D20M2I9M3I17M2I9M3D10M3D13M2I55M6I18M, score1=13945, score2=5059, ref_begin1=194, ref_end1=8667, read_begin1=194, read_end1=10239, ref_end2=3543)

topK:5 Query:UniRef100_A0A0L1HXI4
AlignmentRecord(refName=UniRef100_A0A0L1HXI4, refSequence.take(100)=MWSRLTGSSAASNSNKDDDSRRRRTSDSTRSKRDRDPDTRSMVSSTSTRKPSSTPRRDAAPSSSSIASFTTAFDDMPRSRVSANTNPNSDRYDDADAAHD, cigar=10244M, score1=54065, score2=0, ref_begin1=0, ref_end1=0, read_begin1=0, read_end1=0, ref_end2=0)
AlignmentRecord(refName=UniRef100_E3RQI2, refSequence.take(100)=MWSRLTGSSAASSSSKDEDSRRRRTSDSTRSKRDRETGDTRSVVSSTSTRKPPSTRRETAGSSIVSFATAFDEMPRSRATTNTNPNTSTNSDLYDDPENY, cigar=37M1D17M1I5M2I25M4D9M5I22M1D44M1D12M1D25M10I56M1I83M1D126M2D21M1D9M1I101M1D8M3I90M3I73M1D24M1I62M6I153M2D113M1I34M3D58M4D142M3D52M2D84M1D24M16D42M2I136M3I120M9D17M1I9M14I37M1D3M3I40M1I20M2I17M1D12M4D33M2I38M111D90M5I47M1I23M3D28M5D46M11D3M1I9M1I46M1I55M1I32M1D24M16I157M1I19M1I50M1D34M16I71M1I56M2I26M1I56M3D14M1I19M2D2M11D13M11D10M3D30M3I5M1I12M4D10M4D4M5I39M4I14M2I11M1I23M6I31M23D32M9D5M12D4M11D3M16D14M3D7M4D11M4D9M8D97M1I31M22I11M10I18M1I5M6I18M3I21M1D9M1I13M84I7M85I4M37I96M8D48M11I61M1D11M1D12M1D12M23D8M1I16M1I43M14D11M20D13M1D21M4D15M1I28M6D10M2D33M44D14M1I32M1D15M1D26M10D7M1I22M2I25M5I10M2D13M1I72M3D5M3D60M6D8M8D20M6D17M2D11M3D6M1I61M1D2M20D29M16D7M49D4M51D73M2I43M1I26M3I22M3D27M4D16M3D4M6D4M1I62M1I25M2D7M1D33M3D18M2D6M3D38M1D8M5D50M1D35M1I19M7I11M11I16M3I11M13I24M4I27M2I10M2I18M15I5M28I13M2I51M1I42M2I17M4D50M14D84M6D37M6I5M35I7M14I16M1D94M3D30M4D8M4D10M7D49M1D5M2I7M1I3M11D44M3D2M5D7M2D6M5D13M6I24M2I3M6D22M1D5M1I13M1D10M1D27M1D53M1I8M2I45M5I32M7I2M3I11M5I49M2I6M6I15M8I48M30D39M1D17M1D6M1D35M3I51M12I2M4I15M2I14M3D70M2D24M3D44M1D15M1D12M2D4M1D60M1D65M1D35M4I24M1D52M3D32M2I18M1I17M4I17M2I15M2I20M1I15M4D3M2D18M1D13M2I5M8D10M1I7M9D10M7D106M1D18M1D10M8I10M1D6M6I77M4D34M4I5M2D26M1D4M23I4M12I6M1D12M2I5M5I40M7I3M5I17M27I7M35I11M31I9M7I22M1I25M2I5M21I16M12I8M7I9M1D55M1I41M18I13M5I21M1D16M1D20M1D7M3D87M1D3M8I32M9D226M3I5M4D39M6D39M3D22M1I11M1I7M3I53M11D10M7D150M2D6M3I5M1D64M2D8M5I69M2I43M2D5M2D584M9D21M, score1=22332, score2=12922, ref_begin1=0, ref_end1=9818, read_begin1=0, read_end1=9834, ref_end2=4686)
AlignmentRecord(refName=UniRef100_B2VU89, refSequence.take(100)=MWSRLTGSSAASNSSKDEESRRRRTSDSTRSKRDRETGEARSVVSSTSTRKPPSTRRETAGSSIVSFATAFDEMPRSRATTNTNPNTNTNSDLYDDPENY, cigar=37M1D17M1I5M2I25M4D9M5I22M1D44M1D37M10I56M1I140M15I186M1D7M2I92M3I45M1I27M1D24M1I62M6I38M1I114M2D113M1I30M3D62M4D142M3D52M2D84M1D38M15D28M2I136M3I120M9D17M1I9M14I37M5I24M16D17M1I20M2I17M1D12M4D33M2I36M111D92M6I5M1D41M1I23M3D28M5D40M5D10M5D9M1I46M1I55M1I32M1D22M18I163M1I3M4D10M1I50M1D33M1D15M1D73M1I52M2I30M1I56M3D14M1I19M13D23M1I31M3I5M1I12M4D10M1I47M4I23M3D6M6I19M9I25M23D33M9D4M12D4M35D4M4D7M4D10M2D3M13D111M1I39M29I5M3I22M1I17M6I6M3I21M1D6M1I13M48I2M36I8M85I4M37I57M1I38M8D48M11I59M1D16M1D10M1D11M17D25M1I45M2D9M32D13M1D21M1I22M3D21M6D10M2D34M44D13M1I32M2I11M7I9M3I13M1I7M5D10M2I10M2D12M7D14M5D15M13D22M1I20M2I7M1I57M15D16M3D33M8I9M3D7M3D7M2I9M1D5M2D34M3I6M3D21M60D19M20D4M44D9M6D12M4D73M2I45M6D5M3D23M2I41M5I25M1I37M5I46M2D40M3D7M2D14M4D41M1D19M5D39M1D46M83I84M4I45M2D12M3I29M10I12M9D43M2I17M4D17M9D13M8D4M3I45M1I10M1D47M6D35M56I25M1D45M1D22M6D55M2D6M4D12M5D49M1D3M4D3M6D11M1D4M4D7M8D19M2D7M2I12M3D26M8I28M5D17M1D5M1I13M1D24M1D21M5I23M1I25M2I47M5I30M10I13M5I62M10I3M4I49M14I47M1D5M1D33M3I47M8I3M1I27M4I14M3D57M2D9M1D25M2D33M1I13M1D17M1D8M2D5M1D20M1I105M1D36M3I5M1I15M1D65M6I18M12I17M3D9M4I15M2I11M2I31M2D9M2I10M1D4M4D6M1D10M13D7M7D5M5D12M2I10M7D107M1D18M1D10M5I6M8I88M4D34M4I5M2D23M1D7M23I6M11I31M8I32M8I4M45I6M24I6M34I15M1D8M7I18M1I30M20I18M2I10M20I8M1D39M3D5M2D11M6I6M15I14M3I22M3I22M1D13M2I10M1D21M6D8M2I46M1I36M1D3M8I258M3I3M4D41M5D4M1D31M2D6M1D18M2I19M3I54M11D8M7D158M3I5M1D65M3I78M2I43M2D5M2D545M, score1=21877, score2=12720, ref_begin1=0, ref_end1=9656, read_begin1=0, read_end1=9774, ref_end2=4527)
AlignmentRecord(refName=UniRef100_W6YRA0, refSequence.take(100)=MWSRLTGSSGASQSPKDDDARRRRTTTSDSTRSKRDRDRDPDTRSVVSSTSTRKPSVSRRDTAPSSTASFTTAFDDIPRSRAAPNTDPNSDYDRRRDDRR, cigar=24M2D8M2D19M1I12M2I24M12I25M1D14M1I71M10D3M4I262M4D136M3I96M4I14M2I76M1I223M1D96M6I10M4D30M2I95M6I35M67D117M2D90M3I15M1D43M2I193M5I41M2D36M16I42M6I83M3I20M6D28M1D41M6I221M1I11M8D11M1I34M4D59M4I2M2I28M1D27M20I53M1D26M1I26M3I118M1D33M1D85M1I28M10D94M1I61M5I9M1I21M5I114M5I16M1D2M6I20M1D5M2D9M1D36M8D13M26D20M1D45M2D26M4D32M4D4M1I6M5I13M53I7M16I4M46I12M1D14M30I2M14I21M1D11M35I18M7I5M69I31M2I13M2D9M4D20M8I19M8I11M10I13M3I26M1D24M1I16M1D23M2I16M4I3M7I6M5I11M40I16M1D22M2D8M5D4M1I32M6D24M4I6M4I37M62I8M5I9M82I5M5I80M2D15M17I8M1D51M1D8M13D6M5D9M1I19M23D41M10D5M73D53M1D26M55I8M10I15M18I16M7I12M4I7M7I34M1D68M1D31M9D38M24I6M6I28M19I15M24I6M10I7M17I2M8I11M46I10M27I30M9I6M1I3M20I13M1D10M29I9M56I14M34I22M2D17M2I28M1D21M1D7M3I4M9I8M2I8M1I11M25I6M6I18M5I113M1I69M1D23M3D21M3I8M7I3M1I12M1D35M1I32M5D13M3I7M3I9M1I11M4D41M8I14M10I12M1I23M25I16M15I37M1I20M28I2M5I42M1D26M31I39M22I3M25I107M2I10M14I11M2I8M3I17M5I49M1D12M1D72M1D121M1I8M3I52M3D82M4I81M1D11M16I8M2I19M4D41M1I45M20I21M5I8M17I60M6I34M3I32M1D20M11I25M8I5M33I17M12I2M2I27M1I23M26I2M47I8M28I13M1I16M9I8M16I10M7I5M3I9M2I15M6I17M25I27M4I3M68I5M20I5M3I4M17I6M6I78M21D194M3I65M3I2M28I91M9I53M2I19M49I4M6I15M1D8M1I55M2I70M1D14M4D34M1I101M1D586M, score1=21443, score2=11496, ref_begin1=0, ref_end1=8309, read_begin1=0, read_end1=9832, ref_end2=3184)
AlignmentRecord(refName=UniRef100_E5ACN6, refSequence.take(100)=MWSRFTGKSDSSSSASAKDRDEDARRRRRPSESTRSKRERDSDARSVVSSTSTRKPSRRDTAPSSIASFATAFDDVPRSQPTHEVYDSGRDDRYPSSPST, cigar=7M4D13M1D32M3I6M2I17M6I6M11I7M3I16M5D72M18I94M4D64M1D7M1I6M3I15M1I7M2I17M3I59M1I20M2D145M14D7M1I39M6I44M1I26M1D25M1I73M8D31M2D232M3D82M33I18M13I20M5I6M6I23M5D39M1I38M2D13M1D75M5I11M3D5M7D2M9D13M34D35M4I245M2I23M6I3M7I22M1D16M35D4M1D12M16D9M8D15M4I24M1I15M2I27M3I20M1D17M2D21M6I15M14I94M1D13M1I43M1I31M10D5M18D7M13D55M8D73M2I14M2I12M2D23M7I3M11I21M1I51M2I87M1D12M1D50M1D23M1D9M2I88M1I123M2D30M3I32M1D23M2I49M1D6M1I27M7I30M5D15M7D19M9I14M2D9M1I7M14D20M5D4M1D6M4D31M9D45M6I25M4I14M16I6M14I6M2I15M3I17M9I2M1I49M38I4M12I24M1I6M10I10M15I17M1I47M5I11M1D18M8I4M20I14M7I24M11I11M1I10M2I11M22I34M2D29M10D44M2D12M24I15M1I14M3D10M17I3M4I6M1I7M4I4M5I17M2D6M2I5M17I15M1I15M1I4M1D10M5I15M4D13M3I6M3I17M3I12M2I23M6D13M3I37M1I6M4D17M5D38M5D22M3D9M2D57M3I4M1D7M5D9M9D11M3I4M7D7M1D45M5D21M6D4M4D9M3D50M2D21M1I8M18D41M1I17M5D8M6D5M1D16M1I11M9D45M7D26M1D4M1D41M1I10M2I23M21I33M3D12M2I26M1I4M4D21M5D20M1D4M3D11M2I17M2I8M1I3M8I20M1I22M9D60M8D10M5D5M3D5M13D10M4D36M12D10M3D15M3D29M5D16M5D11M2D30M5I37M1I5M10D14M1I22M11D45M3D3M5D3M1D16M4D3M5D10M3D40M2I9M1D45M15D3M13D11M5D6M1D3M3D17M5D3M16D4M1D37M19D29M1D6M6D8M2D11M5I11M1D23M10D3M4D17M1I7M2D26M2D31M1I25M2D14M2I12M4D25M5D12M16I33M3I16M1I11M3I14M3I53M2I18M2D5M1I15M3I36M2I20M3I12M8I12M3D7M7I10M2D4M2D7M1I7M2D29M5D6M3I17M1I24M3D15M12D3M17D28M2D10M3D17M1D7M3D3M1I22M10I6M25I9M1D17M5I2M2I33M1D10M4I23M4I62M5I14M2I9M3I5M3I12M9I6M3I2M6I8M3I49M6D29M11D35M3I26M14D16M1D21M3I13M3D38M1I8M5I11M1D39M4D18M5D25M1I11M1I39M23D29M2D5M1I10M7D63M4D50M1I20M2D3M1I14M4D20M1I6M1I10M1D15M1D7M5D19M3I42M4D65M12I22M1D16M3I10M3I9M2I7M16I8M11I8M2I34M18I17M2D66M9I28M5I13M4I2M20I7M2D8M2I5M5I4M3D24M1I55M8D24M8D10M7D19M5D17M5D17M1I16M1D10M3D11M5D8M1D27M5I5M3D63M1D3M8I14M8I155M1D5M2D13M9D7M22D55M2D17M3I28M2D4M6I3M2I27M37I9M12I21M8I7M12I47M1D34M5I19M2I33M2I93M2D115M2D28M1D4M19D119M36I373M1I34M1I7M, score1=16323, score2=9878, ref_begin1=0, ref_end1=9739, read_begin1=0, read_end1=9825, ref_end2=4604)

topK:5 Query:UniRef100_A0A0L7M5X2
AlignmentRecord(refName=UniRef100_A0A0L7M5X2, refSequence.take(100)=MKDLYSLYEDISENDKIIISEKLKNLLNYFQDKNKSYVSEFVVVSRTRFFKSISNYGEFLLLQSSSRVISSYEHILRLLHQAKVYLEFVRCLKLNNCSVI, cigar=10240M, score1=55757, score2=0, ref_begin1=0, ref_end1=0, read_begin1=0, read_end1=0, ref_end2=0)
AlignmentRecord(refName=UniRef100_W4IKS5, refSequence.take(100)=MKDLYSLYEDISENDKIIISEKLKNLLNYFQDKNKSYVSEFVVVSRTRFFKSISNYGEFLLLQSSSRVISSYEHILRLLHQAKVYLEFVRCLKLNNCSVI, cigar=8535M43D1705M, score1=55646, score2=0, ref_begin1=0, ref_end1=0, read_begin1=0, read_end1=0, ref_end2=0)
AlignmentRecord(refName=UniRef100_W7G1W4, refSequence.take(100)=MKDLYSLYEDISENDKIIISEKLKNLLNYFQDKNKSYVSEFVVVSRTRFFKSISNYGEFLLLQSSSRVISSYEHILRLLHQAKVYLEFVRCLKLNNCSVI, cigar=588M1D191M7D897M1D1400M2I3396M2I199M2D512M1D376M7D972M43D749M2I954M, score1=55409, score2=0, ref_begin1=0, ref_end1=0, read_begin1=0, read_end1=0, ref_end2=0)
AlignmentRecord(refName=UniRef100_W7JS47, refSequence.take(100)=MKDLYSLYEDISENDKIIISEKLKNLLNYFQDKNKSYVSEFVVVSRTRFFKSISNYGEFLLLQSSSRVISSYEHILRLLHQAKVYLEFVRCLKLNNCSVI, cigar=588M1D191M15D897M1D1400M2I2796M15D8M1D592M2I711M1D387M2D961M43D749M2I636M1D318M, score1=55378, score2=0, ref_begin1=0, ref_end1=0, read_begin1=0, read_end1=0, ref_end2=0)
AlignmentRecord(refName=UniRef100_A0A0L7K719, refSequence.take(100)=MKDLYSLYEDISENDKIIISEKLKNLLNYFQDKNKSYVSEFVVVSRTRFFKSISNYGEFLLLQSSSRVISSYEHILRLLHQAKVYLEFVRCLKLNNCSVI, cigar=587M1I191M21D2297M2I1038M2D2358M2I1097M1I961M43D749M2I636M2D317M, score1=55385, score2=0, ref_begin1=0, ref_end1=0, read_begin1=0, read_end1=0, ref_end2=0)

topK:5 Query:UniRef100_A0A0L0CSA9
AlignmentRecord(refName=UniRef100_A0A0L0CSA9, refSequence.take(100)=MKDLYSLYEDISENDKIIISEKLKNLLNYFQDKNKSYVSEFVVVSRTRFFKSISNYGEFLLLQSSSRVISSYEHILRLLHQAKVYLEFVRCLKLNNCSVI, cigar=10229M, score1=55680, score2=0, ref_begin1=0, ref_end1=0, read_begin1=0, read_end1=0, ref_end2=0)
AlignmentRecord(refName=UniRef100_W4IKS5, refSequence.take(100)=MKDLYSLYEDISENDKIIISEKLKNLLNYFQDKNKSYVSEFVVVSRTRFFKSISNYGEFLLLQSSSRVISSYEHILRLLHQAKVYLEFVRCLKLNNCSVI, cigar=3076M2D106M20D3179M19D72M2D864M1D1M7D222M3D1753M2D635M1D315M, score1=55320, score2=0, ref_begin1=0, ref_end1=0, read_begin1=0, read_end1=0, ref_end2=0)
AlignmentRecord(refName=UniRef100_A0A0L7K719, refSequence.take(100)=MKDLYSLYEDISENDKIIISEKLKNLLNYFQDKNKSYVSEFVVVSRTRFFKSISNYGEFLLLQSSSRVISSYEHILRLLHQAKVYLEFVRCLKLNNCSVI, cigar=587M1I191M21D2403M20D912M2D2267M19D936M1D1M7D222M2D2388M3D315M, score1=55283, score2=0, ref_begin1=0, ref_end1=0, read_begin1=0, read_end1=0, ref_end2=0)
AlignmentRecord(refName=UniRef100_W7G1W4, refSequence.take(100)=MKDLYSLYEDISENDKIIISEKLKNLLNYFQDKNKSYVSEFVVVSRTRFFKSISNYGEFLLLQSSSRVISSYEHILRLLHQAKVYLEFVRCLKLNNCSVI, cigar=588M1D191M7D897M1D1506M20D3179M19D271M2D512M1D153M1D1M7D213M8D1M2D2396M1D315M, score1=55289, score2=0, ref_begin1=0, ref_end1=0, read_begin1=0, read_end1=0, ref_end2=0)
AlignmentRecord(refName=UniRef100_W7JS47, refSequence.take(100)=MKDLYSLYEDISENDKIIISEKLKNLLNYFQDKNKSYVSEFVVVSRTRFFKSISNYGEFLLLQSSSRVISSYEHILRLLHQAKVYLEFVRCLKLNNCSVI, cigar=588M1D191M15D897M1D1506M20D2670M15D8M1D501M19D783M1D153M1D1M7D222M5D2388M2D315M, score1=55261, score2=0, ref_begin1=0, ref_end1=0, read_begin1=0, read_end1=0, ref_end2=0)

BLOSUM62	/queryD/D9L10240N4	/Luniref/DL9Line.fasta	256	1	5	11	1	
[Stage 3:==============================>                       (144 + 36) / 256]./aliyunDSW2atmtimequeryHDFSyarnclient.sh: line 14:  4595 Killed                  spark-submit --class "org.dsa.time.aliyunDSW2ATMQueryTime" --conf "spark.executor.extraJavaOptions=-Djava.library.path=/home/hadoop/lib" --master yarn-client --executor-memory 10G --driver-memory 10G --num-executors 10 --executor-cores 4 DSA.jar
^C
[hadoop@emr-header-1 ~]$ vi aliyunDSW2atmtimequeryHDFSyarnclienttime201701011225D9L1024N4L10240N4M10Gtail2.txt 
[hadoop@emr-header-1 ~]$ vi error20170101
error201701010046.txt  error201701011146.txt  
[hadoop@emr-header-1 ~]$ vi error201701011246.txt 
[hadoop@emr-header-1 ~]$ vi aliyunDSW2atmtimequeryHDFSyarnclient.sh 
[hadoop@emr-header-1 ~]$ vi aliyunDSW2atmtimequeryHDFSyarnclient.sh 
[hadoop@emr-header-1 ~]$ cat /proc/cpuinfo &> cpuinfo.txt
[hadoop@emr-header-1 ~]$ sz cpuinfo.txt 
[hadoop@emr-header-1 ~]$ 

[hadoop@emr-header-1 ~]$ 
[hadoop@emr-header-1 ~]$ cat/etc/issue
bash: cat/etc/issue: No such file or directory
[hadoop@emr-header-1 ~]$ cat /etc/issue
CentOS release 6.5 (Final)
Kernel \r on an \m

[hadoop@emr-header-1 ~]$ usname -a
bash: usname: command not found
[hadoop@emr-header-1 ~]$ usrname -a
bash: usrname: command not found
[hadoop@emr-header-1 ~]$ uname -a
Linux emr-header-1.cluster-36293 2.6.32-431.23.3.el6.x86_64 #1 SMP Thu Jul 31 17:20:51 UTC 2014 x86_64 x86_64 x86_64 GNU/Linux
[hadoop@emr-header-1 ~]$ cat /etc/redhat-release
CentOS release 6.5 (Final)
[hadoop@emr-header-1 ~]$ lsb_release -a 
LSB Version:	:base-4.0-amd64:base-4.0-noarch:core-4.0-amd64:core-4.0-noarch
Distributor ID:	CentOS
Description:	CentOS release 6.5 (Final)
Release:	6.5
Codename:	Final
[hadoop@emr-header-1 ~]$ cat /proc/version 
Linux version 2.6.32-431.23.3.el6.x86_64 (mockbuild@c6b8.bsys.dev.centos.org) (gcc version 4.4.7 20120313 (Red Hat 4.4.7-4) (GCC) ) #1 SMP Thu Jul 31 17:20:51 UTC 2014
[hadoop@emr-header-1 ~]$ ls
1.txt                                                                           aliyunDSW2atmtimequeryHDFSyarnclienttime201701010347D9L1024N4M10Gtail.txt           DL8Line.fasta.gz          submitJob.sh
addNode.sh                                                                      aliyunDSW2atmtimequeryHDFSyarnclienttime201701010347D9L1024N4M10G.txt               DL9Line.fasta             systemClose201701010855.txt
aliyunDSW2atmtimequeryHDFSyarnclient.sh                                         aliyunDSW2atmtimequeryHDFSyarnclienttime201701010852D9L1024N4L10240N4M10G.txt       DL9Line.fasta.gz          test
aliyunDSW2atmtimequeryHDFSyarnclienttime201612302345tail.txt                    aliyunDSW2atmtimequeryHDFSyarnclienttime201701010902D9L1024N4L10240N4M10G.txt       DSA.jar                   test_isa
aliyunDSW2atmtimequeryHDFSyarnclienttime201612302345.txt                        aliyunDSW2atmtimequeryHDFSyarnclienttime201701010904D9L1024N4L10240N4M10Gtail1.txt  error201701010046.txt     test.sh
aliyunDSW2atmtimequeryHDFSyarnclienttime201612302523,txt                        aliyunDSW2atmtimequeryHDFSyarnclienttime201701010904D9L1024N4L10240N4M10Gtail2.txt  error201701011146.txt     tools
aliyunDSW2atmtimequeryHDFSyarnclienttime201612312139D91024N1.txt                aliyunDSW2atmtimequeryHDFSyarnclienttime201701010904D9L1024N4L10240N4M10G.txt       error201701011246.txt     txtaliyunDSW2timequeryHDFSyarnclientD8yarn201612302211.txt
aliyunDSW2atmtimequeryHDFSyarnclienttime201612312143D9L392N100.txt              aliyunDSW2atmtimequeryHDFSyarnclienttime201701011225D9L1024N4L10240N4M10Gtail1.txt  getdataref.sh             txtaliyunDSW2timequeryHDFSyarnclientD9yarn201612302214.txt
aliyunDSW2atmtimequeryHDFSyarnclienttime201612312212D9L392N40M10G.txt           aliyunDSW2atmtimequeryHDFSyarnclienttime201701011225D9L1024N4L10240N4M10Gtail2.txt  getdata.sh                txtaliyunDSW2timequeryHDFSyarnclientD9yarn201612302219tail.txt
aliyunDSW2atmtimequeryHDFSyarnclienttime201612312212D9L392N40M12G.txt           aliyunDSW2atmtimequeryHDFSyarnclienttime201701011225D9L1024N4L10240N4M10G.txt       get.sh                    txtaliyunDSW2timequeryHDFSyarnclientD9yarn201612302219.txt
aliyunDSW2atmtimequeryHDFSyarnclienttime201612312212D9L392N40.txt               aliyunDSW2atmtimequeryHDFSyarnclienttime201701011354D9L1024N4L10240N4M10G.txt       lib                       v1.1.1.tar.gz
aliyunDSW2atmtimequeryHDFSyarnclienttime201612312218D9L392N40M10G.txt           aliyunDSW2atmtimequeryHDFSyarnclienttime201701011410D9L1024N4L10240N4M10G.txt       ossforprestorestart.sh    xubo
aliyunDSW2atmtimequeryHDFSyarnclienttime201612312243D9L392N40M10Gtail1.txt      aliyunDSW2atmtimequeryHDFSyarnclienttime201701011416D9L1024N4L10240N4M10G.txt       putrun.sh                 xubo20161230
aliyunDSW2atmtimequeryHDFSyarnclienttime201612312243D9L392N40M10Gtail21.txt     aliyunDSW2timequeryHDFS.sh                                                          put.sh                    xubo201612311525.tar.gz
aliyunDSW2atmtimequeryHDFSyarnclienttime201612312243D9L392N40M10Gtail2.txt      aliyunDSW2timequeryHDFSyarnclient.sh                                                query                     xubo201612312030.tar.gz
aliyunDSW2atmtimequeryHDFSyarnclienttime201612312243D9L392N40M10G.txt           backup                                                                              queryD                    xubo201612312154.tar.gz
aliyunDSW2atmtimequeryHDFSyarnclienttime201701010047D9L392N40M10Gtail1.txt      bin                                                                                 query.tar.gz              xubo201701010100.tar.gz
aliyunDSW2atmtimequeryHDFSyarnclienttime201701010047D9L392N40M10G.txt           cpuinfo.txt                                                                         realpath.sh               xubo201701010830.tar.gz
aliyunDSW2atmtimequeryHDFSyarnclienttime201701010345D9L1024N4M10G.txt           dispatch.sh                                                                         run.sh                    xubo201701010846.tar.gz
aliyunDSW2atmtimequeryHDFSyarnclienttime201701010347D9L1024N4M10Gtail1xubo.txt  DL1Line.fasta                                                                       spark-1.5.2               xubo201701011322.tar.gz
aliyunDSW2atmtimequeryHDFSyarnclienttime201701010347D9L1024N4M10Gtail2.txt      DL1Line.fasta.gz                                                                    spark-1.5.2Master.tar.gz
aliyunDSW2atmtimequeryHDFSyarnclienttime201701010347D9L1024N4M10Gtail3.txt      DL8Line.fasta                                                                       SparkPi.jar
[hadoop@emr-header-1 ~]$ rm -r xubo
[hadoop@emr-header-1 ~]$ ls xubo2016123
ls: cannot access xubo2016123: No such file or directory
[hadoop@emr-header-1 ~]$ ls xubo20161230/
[hadoop@emr-header-1 ~]$ rm -r xubo20161230/
rm: remove write-protected directory `xubo20161230'? l^Hy
[hadoop@emr-header-1 ~]$ rm -r xubo20161230/
rm: remove write-protected directory `xubo20161230'? y
[hadoop@emr-header-1 ~]$ ls
1.txt                                                                           aliyunDSW2atmtimequeryHDFSyarnclienttime201701010347D9L1024N4M10Gtail3.txt          DL1Line.fasta.gz        spark-1.5.2
addNode.sh                                                                      aliyunDSW2atmtimequeryHDFSyarnclienttime201701010347D9L1024N4M10Gtail.txt           DL8Line.fasta           spark-1.5.2Master.tar.gz
aliyunDSW2atmtimequeryHDFSyarnclient.sh                                         aliyunDSW2atmtimequeryHDFSyarnclienttime201701010347D9L1024N4M10G.txt               DL8Line.fasta.gz        SparkPi.jar
aliyunDSW2atmtimequeryHDFSyarnclienttime201612302345tail.txt                    aliyunDSW2atmtimequeryHDFSyarnclienttime201701010852D9L1024N4L10240N4M10G.txt       DL9Line.fasta           submitJob.sh
aliyunDSW2atmtimequeryHDFSyarnclienttime201612302345.txt                        aliyunDSW2atmtimequeryHDFSyarnclienttime201701010902D9L1024N4L10240N4M10G.txt       DL9Line.fasta.gz        systemClose201701010855.txt
aliyunDSW2atmtimequeryHDFSyarnclienttime201612302523,txt                        aliyunDSW2atmtimequeryHDFSyarnclienttime201701010904D9L1024N4L10240N4M10Gtail1.txt  DSA.jar                 test
aliyunDSW2atmtimequeryHDFSyarnclienttime201612312139D91024N1.txt                aliyunDSW2atmtimequeryHDFSyarnclienttime201701010904D9L1024N4L10240N4M10Gtail2.txt  error201701010046.txt   test_isa
aliyunDSW2atmtimequeryHDFSyarnclienttime201612312143D9L392N100.txt              aliyunDSW2atmtimequeryHDFSyarnclienttime201701010904D9L1024N4L10240N4M10G.txt       error201701011146.txt   test.sh
aliyunDSW2atmtimequeryHDFSyarnclienttime201612312212D9L392N40M10G.txt           aliyunDSW2atmtimequeryHDFSyarnclienttime201701011225D9L1024N4L10240N4M10Gtail1.txt  error201701011246.txt   tools
aliyunDSW2atmtimequeryHDFSyarnclienttime201612312212D9L392N40M12G.txt           aliyunDSW2atmtimequeryHDFSyarnclienttime201701011225D9L1024N4L10240N4M10Gtail2.txt  getdataref.sh           txtaliyunDSW2timequeryHDFSyarnclientD8yarn201612302211.txt
aliyunDSW2atmtimequeryHDFSyarnclienttime201612312212D9L392N40.txt               aliyunDSW2atmtimequeryHDFSyarnclienttime201701011225D9L1024N4L10240N4M10G.txt       getdata.sh              txtaliyunDSW2timequeryHDFSyarnclientD9yarn201612302214.txt
aliyunDSW2atmtimequeryHDFSyarnclienttime201612312218D9L392N40M10G.txt           aliyunDSW2atmtimequeryHDFSyarnclienttime201701011354D9L1024N4L10240N4M10G.txt       get.sh                  txtaliyunDSW2timequeryHDFSyarnclientD9yarn201612302219tail.txt
aliyunDSW2atmtimequeryHDFSyarnclienttime201612312243D9L392N40M10Gtail1.txt      aliyunDSW2atmtimequeryHDFSyarnclienttime201701011410D9L1024N4L10240N4M10G.txt       lib                     txtaliyunDSW2timequeryHDFSyarnclientD9yarn201612302219.txt
aliyunDSW2atmtimequeryHDFSyarnclienttime201612312243D9L392N40M10Gtail21.txt     aliyunDSW2atmtimequeryHDFSyarnclienttime201701011416D9L1024N4L10240N4M10G.txt       ossforprestorestart.sh  v1.1.1.tar.gz
aliyunDSW2atmtimequeryHDFSyarnclienttime201612312243D9L392N40M10Gtail2.txt      aliyunDSW2timequeryHDFS.sh                                                          putrun.sh               xubo201612311525.tar.gz
aliyunDSW2atmtimequeryHDFSyarnclienttime201612312243D9L392N40M10G.txt           aliyunDSW2timequeryHDFSyarnclient.sh                                                put.sh                  xubo201612312030.tar.gz
aliyunDSW2atmtimequeryHDFSyarnclienttime201701010047D9L392N40M10Gtail1.txt      backup                                                                              query                   xubo201612312154.tar.gz
aliyunDSW2atmtimequeryHDFSyarnclienttime201701010047D9L392N40M10G.txt           bin                                                                                 queryD                  xubo201701010100.tar.gz
aliyunDSW2atmtimequeryHDFSyarnclienttime201701010345D9L1024N4M10G.txt           cpuinfo.txt                                                                         query.tar.gz            xubo201701010830.tar.gz
aliyunDSW2atmtimequeryHDFSyarnclienttime201701010347D9L1024N4M10Gtail1xubo.txt  dispatch.sh                                                                         realpath.sh             xubo201701010846.tar.gz
aliyunDSW2atmtimequeryHDFSyarnclienttime201701010347D9L1024N4M10Gtail2.txt      DL1Line.fasta                                                                       run.sh                  xubo201701011322.tar.gz
[hadoop@emr-header-1 ~]$ hadoop fs -get .
^C[hadoop@emr-header-1 ~]$ hadoop fs -get /xubo .
SLF4J: Class path contains multiple SLF4J bindings.
SLF4J: Found binding in [jar:file:/opt/apps/hadoop-2.7.2/share/hadoop/common/lib/slf4j-log4j12-1.7.10.jar!/org/slf4j/impl/StaticLoggerBinder.class]
SLF4J: Found binding in [jar:file:/opt/apps/hbase-1.1.1/lib/slf4j-log4j12-1.7.5.jar!/org/slf4j/impl/StaticLoggerBinder.class]
SLF4J: Found binding in [jar:file:/opt/apps/tez-0.8.4/lib/slf4j-log4j12-1.7.10.jar!/org/slf4j/impl/StaticLoggerBinder.class]
SLF4J: See http://www.slf4j.org/codes.html#multiple_bindings for an explanation.
SLF4J: Actual binding is of type [org.slf4j.impl.Log4jLoggerFactory]
[hadoop@emr-header-1 ~]$ tar -zcvf xubo20170101150[C2.tar.gz  xubo
xubo/
xubo/project/
xubo/project/SparkSW/
xubo/project/SparkSW/output/
xubo/project/SparkSW/output/time/
xubo/project/SparkSW/output/time/20161231233636530DSW2ATM_queryFile_D9L392N40_dbFile_DL9Line.fasta_splitNum_256_taskNum_1_topK_5/
xubo/project/SparkSW/output/time/20161231233636530DSW2ATM_queryFile_D9L392N40_dbFile_DL9Line.fasta_splitNum_256_taskNum_1_topK_5/part-00000
xubo/project/SparkSW/output/time/20161231233636530DSW2ATM_queryFile_D9L392N40_dbFile_DL9Line.fasta_splitNum_256_taskNum_1_topK_5/_SUCCESS
xubo/project/SparkSW/output/time/20170101070154334DSW2ATM_queryFile_D9L10240N4_dbFile_DL9Line.fasta_splitNum_256_taskNum_1_topK_5/
xubo/project/SparkSW/output/time/20170101070154334DSW2ATM_queryFile_D9L10240N4_dbFile_DL9Line.fasta_splitNum_256_taskNum_1_topK_5/part-00000
xubo/project/SparkSW/output/time/20170101070154334DSW2ATM_queryFile_D9L10240N4_dbFile_DL9Line.fasta_splitNum_256_taskNum_1_topK_5/_SUCCESS
xubo/project/SparkSW/output/time/20161231224342922DSW2ATM_queryFile_D9L392N40_dbFile_DL9Line.fasta_splitNum_256_taskNum_1_topK_5/
xubo/project/SparkSW/output/time/20161231224342922DSW2ATM_queryFile_D9L392N40_dbFile_DL9Line.fasta_splitNum_256_taskNum_1_topK_5/part-00000
xubo/project/SparkSW/output/time/20161231224342922DSW2ATM_queryFile_D9L392N40_dbFile_DL9Line.fasta_splitNum_256_taskNum_1_topK_5/_SUCCESS
xubo/project/SparkSW/output/time/20170101034814834DSW2ATM_queryFile_D9L10240N4_dbFile_DL9Line.fasta_splitNum_256_taskNum_1_topK_5/
xubo/project/SparkSW/output/time/20170101034814834DSW2ATM_queryFile_D9L10240N4_dbFile_DL9Line.fasta_splitNum_256_taskNum_1_topK_5/part-00000
xubo/project/SparkSW/output/time/20170101034814834DSW2ATM_queryFile_D9L10240N4_dbFile_DL9Line.fasta_splitNum_256_taskNum_1_topK_5/_SUCCESS
xubo/project/SparkSW/output/time/20170101052520154DSW2ATM_queryFile_D9L10240N4_dbFile_DL9Line.fasta_splitNum_256_taskNum_1_topK_5/
xubo/project/SparkSW/output/time/20170101052520154DSW2ATM_queryFile_D9L10240N4_dbFile_DL9Line.fasta_splitNum_256_taskNum_1_topK_5/part-00000
xubo/project/SparkSW/output/time/20170101052520154DSW2ATM_queryFile_D9L10240N4_dbFile_DL9Line.fasta_splitNum_256_taskNum_1_topK_5/_SUCCESS
xubo/project/SparkSW/output/time/20170101034349152DSW2ATM_queryFile_D9L10240N1_dbFile_D9L10240N4_splitNum_256_taskNum_1_topK_5/
xubo/project/SparkSW/output/time/20170101034349152DSW2ATM_queryFile_D9L10240N1_dbFile_D9L10240N4_splitNum_256_taskNum_1_topK_5/part-00000
xubo/project/SparkSW/output/time/20170101034349152DSW2ATM_queryFile_D9L10240N1_dbFile_D9L10240N4_splitNum_256_taskNum_1_topK_5/_SUCCESS
xubo/project/SparkSW/output/time/20170101034306370DSW2ATM_queryFile_D9L10240N1_dbFile_D9L10240N4_splitNum_256_taskNum_1_topK_5/
xubo/project/SparkSW/output/time/20170101034306370DSW2ATM_queryFile_D9L10240N1_dbFile_D9L10240N4_splitNum_256_taskNum_1_topK_5/part-00000
xubo/project/SparkSW/output/time/20170101034306370DSW2ATM_queryFile_D9L10240N1_dbFile_D9L10240N4_splitNum_256_taskNum_1_topK_5/_SUCCESS
xubo/project/SparkSW/output/time/20170101090428184DSW2ATM_queryFile_D9L10240N4_dbFile_DL9Line.fasta_splitNum_256_taskNum_1_topK_5/
xubo/project/SparkSW/output/time/20170101090428184DSW2ATM_queryFile_D9L10240N4_dbFile_DL9Line.fasta_splitNum_256_taskNum_1_topK_5/part-00000
xubo/project/SparkSW/output/time/20170101090428184DSW2ATM_queryFile_D9L10240N4_dbFile_DL9Line.fasta_splitNum_256_taskNum_1_topK_5/_SUCCESS
xubo/project/SparkSW/output/time/20170101014756978DSW2ATM_queryFile_D9L392N40_dbFile_DL9Line.fasta_splitNum_256_taskNum_1_topK_5/
xubo/project/SparkSW/output/time/20170101014756978DSW2ATM_queryFile_D9L392N40_dbFile_DL9Line.fasta_splitNum_256_taskNum_1_topK_5/part-00000
xubo/project/SparkSW/output/time/20170101014756978DSW2ATM_queryFile_D9L392N40_dbFile_DL9Line.fasta_splitNum_256_taskNum_1_topK_5/_SUCCESS
xubo/project/SparkSW/output/time/20170101122553924DSW2ATM_queryFile_D9L10240N4_dbFile_DL9Line.fasta_splitNum_256_taskNum_1_topK_5/
xubo/project/SparkSW/output/time/20170101122553924DSW2ATM_queryFile_D9L10240N4_dbFile_DL9Line.fasta_splitNum_256_taskNum_1_topK_5/part-00000
xubo/project/SparkSW/output/time/20170101122553924DSW2ATM_queryFile_D9L10240N4_dbFile_DL9Line.fasta_splitNum_256_taskNum_1_topK_5/_SUCCESS
xubo/project/SparkSW/output/time/20170101141637673DSW2ATM_queryFile_D9L10240N4_dbFile_DL9Line.fasta_splitNum_256_taskNum_1_topK_5/
xubo/project/SparkSW/output/time/20170101141637673DSW2ATM_queryFile_D9L10240N4_dbFile_DL9Line.fasta_splitNum_256_taskNum_1_topK_5/part-00000
xubo/project/SparkSW/output/time/20170101141637673DSW2ATM_queryFile_D9L10240N4_dbFile_DL9Line.fasta_splitNum_256_taskNum_1_topK_5/_SUCCESS
xubo/project/SparkSW/output/time/20170101034423563DSW2ATM_queryFile_D9L10240N1_dbFile_D9L10240N4_splitNum_256_taskNum_1_topK_5/
xubo/project/SparkSW/output/time/20170101034423563DSW2ATM_queryFile_D9L10240N1_dbFile_D9L10240N4_splitNum_256_taskNum_1_topK_5/part-00000
xubo/project/SparkSW/output/time/20170101034423563DSW2ATM_queryFile_D9L10240N1_dbFile_D9L10240N4_splitNum_256_taskNum_1_topK_5/_SUCCESS
xubo/project/SparkSW/output/time/20170101004706714DSW2ATM_queryFile_D9L392N40_dbFile_DL9Line.fasta_splitNum_256_taskNum_1_topK_5/
xubo/project/SparkSW/output/time/20170101004706714DSW2ATM_queryFile_D9L392N40_dbFile_DL9Line.fasta_splitNum_256_taskNum_1_topK_5/part-00000
xubo/project/SparkSW/output/time/20170101004706714DSW2ATM_queryFile_D9L392N40_dbFile_DL9Line.fasta_splitNum_256_taskNum_1_topK_5/_SUCCESS
[hadoop@emr-header-1 ~]$ sz xubo20170101150\[C2.tar.gz 
[hadoop@emr-header-1 ~]$ 

[hadoop@emr-header-1 ~]$ 
[hadoop@emr-header-1 ~]$ ^C
[hadoop@emr-header-1 ~]$ 
[hadoop@emr-header-1 ~]$ ls
1.txt                                                                           aliyunDSW2atmtimequeryHDFSyarnclienttime201701010347D9L1024N4M10Gtail.txt           DL8Line.fasta.gz          submitJob.sh
addNode.sh                                                                      aliyunDSW2atmtimequeryHDFSyarnclienttime201701010347D9L1024N4M10G.txt               DL9Line.fasta             systemClose201701010855.txt
aliyunDSW2atmtimequeryHDFSyarnclient.sh                                         aliyunDSW2atmtimequeryHDFSyarnclienttime201701010852D9L1024N4L10240N4M10G.txt       DL9Line.fasta.gz          test
aliyunDSW2atmtimequeryHDFSyarnclienttime201612302345tail.txt                    aliyunDSW2atmtimequeryHDFSyarnclienttime201701010902D9L1024N4L10240N4M10G.txt       DSA.jar                   test_isa
aliyunDSW2atmtimequeryHDFSyarnclienttime201612302345.txt                        aliyunDSW2atmtimequeryHDFSyarnclienttime201701010904D9L1024N4L10240N4M10Gtail1.txt  error201701010046.txt     test.sh
aliyunDSW2atmtimequeryHDFSyarnclienttime201612302523,txt                        aliyunDSW2atmtimequeryHDFSyarnclienttime201701010904D9L1024N4L10240N4M10Gtail2.txt  error201701011146.txt     tools
aliyunDSW2atmtimequeryHDFSyarnclienttime201612312139D91024N1.txt                aliyunDSW2atmtimequeryHDFSyarnclienttime201701010904D9L1024N4L10240N4M10G.txt       error201701011246.txt     txtaliyunDSW2timequeryHDFSyarnclientD8yarn201612302211.txt
aliyunDSW2atmtimequeryHDFSyarnclienttime201612312143D9L392N100.txt              aliyunDSW2atmtimequeryHDFSyarnclienttime201701011225D9L1024N4L10240N4M10Gtail1.txt  getdataref.sh             txtaliyunDSW2timequeryHDFSyarnclientD9yarn201612302214.txt
aliyunDSW2atmtimequeryHDFSyarnclienttime201612312212D9L392N40M10G.txt           aliyunDSW2atmtimequeryHDFSyarnclienttime201701011225D9L1024N4L10240N4M10Gtail2.txt  getdata.sh                txtaliyunDSW2timequeryHDFSyarnclientD9yarn201612302219tail.txt
aliyunDSW2atmtimequeryHDFSyarnclienttime201612312212D9L392N40M12G.txt           aliyunDSW2atmtimequeryHDFSyarnclienttime201701011225D9L1024N4L10240N4M10G.txt       get.sh                    txtaliyunDSW2timequeryHDFSyarnclientD9yarn201612302219.txt
aliyunDSW2atmtimequeryHDFSyarnclienttime201612312212D9L392N40.txt               aliyunDSW2atmtimequeryHDFSyarnclienttime201701011354D9L1024N4L10240N4M10G.txt       lib                       v1.1.1.tar.gz
aliyunDSW2atmtimequeryHDFSyarnclienttime201612312218D9L392N40M10G.txt           aliyunDSW2atmtimequeryHDFSyarnclienttime201701011410D9L1024N4L10240N4M10G.txt       ossforprestorestart.sh    xubo
aliyunDSW2atmtimequeryHDFSyarnclienttime201612312243D9L392N40M10Gtail1.txt      aliyunDSW2atmtimequeryHDFSyarnclienttime201701011416D9L1024N4L10240N4M10G.txt       putrun.sh                 xubo201612311525.tar.gz
aliyunDSW2atmtimequeryHDFSyarnclienttime201612312243D9L392N40M10Gtail21.txt     aliyunDSW2timequeryHDFS.sh                                                          put.sh                    xubo201612312030.tar.gz
aliyunDSW2atmtimequeryHDFSyarnclienttime201612312243D9L392N40M10Gtail2.txt      aliyunDSW2timequeryHDFSyarnclient.sh                                                query                     xubo201612312154.tar.gz
aliyunDSW2atmtimequeryHDFSyarnclienttime201612312243D9L392N40M10G.txt           backup                                                                              queryD                    xubo201701010100.tar.gz
aliyunDSW2atmtimequeryHDFSyarnclienttime201701010047D9L392N40M10Gtail1.txt      bin                                                                                 query.tar.gz              xubo201701010830.tar.gz
aliyunDSW2atmtimequeryHDFSyarnclienttime201701010047D9L392N40M10G.txt           cpuinfo.txt                                                                         realpath.sh               xubo201701010846.tar.gz
aliyunDSW2atmtimequeryHDFSyarnclienttime201701010345D9L1024N4M10G.txt           dispatch.sh                                                                         run.sh                    xubo201701011322.tar.gz
aliyunDSW2atmtimequeryHDFSyarnclienttime201701010347D9L1024N4M10Gtail1xubo.txt  DL1Line.fasta                                                                       spark-1.5.2               xubo20170101150[C2.tar.gz
aliyunDSW2atmtimequeryHDFSyarnclienttime201701010347D9L1024N4M10Gtail2.txt      DL1Line.fasta.gz                                                                    spark-1.5.2Master.tar.gz
aliyunDSW2atmtimequeryHDFSyarnclienttime201701010347D9L1024N4M10Gtail3.txt      DL8Line.fasta                                                                       SparkPi.jar
[hadoop@emr-header-1 ~]$ mv xubo
xubo/                      xubo201612311525.tar.gz    xubo201612312030.tar.gz    xubo201612312154.tar.gz    xubo201701010100.tar.gz    xubo201701010830.tar.gz    xubo201701010846.tar.gz    xubo201701011322.tar.gz    xubo20170101150[C2.tar.gz
[hadoop@emr-header-1 ~]$ mv xubo* backup/
[hadoop@emr-header-1 ~]$ ls
1.txt                                                                           aliyunDSW2atmtimequeryHDFSyarnclienttime201701010347D9L1024N4M10Gtail2.txt          dispatch.sh             query.tar.gz
addNode.sh                                                                      aliyunDSW2atmtimequeryHDFSyarnclienttime201701010347D9L1024N4M10Gtail3.txt          DL1Line.fasta           realpath.sh
aliyunDSW2atmtimequeryHDFSyarnclient.sh                                         aliyunDSW2atmtimequeryHDFSyarnclienttime201701010347D9L1024N4M10Gtail.txt           DL1Line.fasta.gz        run.sh
aliyunDSW2atmtimequeryHDFSyarnclienttime201612302345tail.txt                    aliyunDSW2atmtimequeryHDFSyarnclienttime201701010347D9L1024N4M10G.txt               DL8Line.fasta           spark-1.5.2
aliyunDSW2atmtimequeryHDFSyarnclienttime201612302345.txt                        aliyunDSW2atmtimequeryHDFSyarnclienttime201701010852D9L1024N4L10240N4M10G.txt       DL8Line.fasta.gz        spark-1.5.2Master.tar.gz
aliyunDSW2atmtimequeryHDFSyarnclienttime201612302523,txt                        aliyunDSW2atmtimequeryHDFSyarnclienttime201701010902D9L1024N4L10240N4M10G.txt       DL9Line.fasta           SparkPi.jar
aliyunDSW2atmtimequeryHDFSyarnclienttime201612312139D91024N1.txt                aliyunDSW2atmtimequeryHDFSyarnclienttime201701010904D9L1024N4L10240N4M10Gtail1.txt  DL9Line.fasta.gz        submitJob.sh
aliyunDSW2atmtimequeryHDFSyarnclienttime201612312143D9L392N100.txt              aliyunDSW2atmtimequeryHDFSyarnclienttime201701010904D9L1024N4L10240N4M10Gtail2.txt  DSA.jar                 systemClose201701010855.txt
aliyunDSW2atmtimequeryHDFSyarnclienttime201612312212D9L392N40M10G.txt           aliyunDSW2atmtimequeryHDFSyarnclienttime201701010904D9L1024N4L10240N4M10G.txt       error201701010046.txt   test
aliyunDSW2atmtimequeryHDFSyarnclienttime201612312212D9L392N40M12G.txt           aliyunDSW2atmtimequeryHDFSyarnclienttime201701011225D9L1024N4L10240N4M10Gtail1.txt  error201701011146.txt   test_isa
aliyunDSW2atmtimequeryHDFSyarnclienttime201612312212D9L392N40.txt               aliyunDSW2atmtimequeryHDFSyarnclienttime201701011225D9L1024N4L10240N4M10Gtail2.txt  error201701011246.txt   test.sh
aliyunDSW2atmtimequeryHDFSyarnclienttime201612312218D9L392N40M10G.txt           aliyunDSW2atmtimequeryHDFSyarnclienttime201701011225D9L1024N4L10240N4M10G.txt       getdataref.sh           tools
aliyunDSW2atmtimequeryHDFSyarnclienttime201612312243D9L392N40M10Gtail1.txt      aliyunDSW2atmtimequeryHDFSyarnclienttime201701011354D9L1024N4L10240N4M10G.txt       getdata.sh              txtaliyunDSW2timequeryHDFSyarnclientD8yarn201612302211.txt
aliyunDSW2atmtimequeryHDFSyarnclienttime201612312243D9L392N40M10Gtail21.txt     aliyunDSW2atmtimequeryHDFSyarnclienttime201701011410D9L1024N4L10240N4M10G.txt       get.sh                  txtaliyunDSW2timequeryHDFSyarnclientD9yarn201612302214.txt
aliyunDSW2atmtimequeryHDFSyarnclienttime201612312243D9L392N40M10Gtail2.txt      aliyunDSW2atmtimequeryHDFSyarnclienttime201701011416D9L1024N4L10240N4M10G.txt       lib                     txtaliyunDSW2timequeryHDFSyarnclientD9yarn201612302219tail.txt
aliyunDSW2atmtimequeryHDFSyarnclienttime201612312243D9L392N40M10G.txt           aliyunDSW2timequeryHDFS.sh                                                          ossforprestorestart.sh  txtaliyunDSW2timequeryHDFSyarnclientD9yarn201612302219.txt
aliyunDSW2atmtimequeryHDFSyarnclienttime201701010047D9L392N40M10Gtail1.txt      aliyunDSW2timequeryHDFSyarnclient.sh                                                putrun.sh               v1.1.1.tar.gz
aliyunDSW2atmtimequeryHDFSyarnclienttime201701010047D9L392N40M10G.txt           backup                                                                              put.sh
aliyunDSW2atmtimequeryHDFSyarnclienttime201701010345D9L1024N4M10G.txt           bin                                                                                 query
aliyunDSW2atmtimequeryHDFSyarnclienttime201701010347D9L1024N4M10Gtail1xubo.txt  cpuinfo.txt                                                                         queryD
[hadoop@emr-header-1 ~]$ vi aliyunDSW2atmtimequeryHDFSyarnclient.sh 
[hadoop@emr-header-1 ~]$ tail -f aliyunDSW2atmtimequeryHDFSyarnclienttime201701011511L10240N4M10G.txt 
	at java.lang.ClassLoader.loadClass(ClassLoader.java:424)
	at java.lang.ClassLoader.loadClass(ClassLoader.java:357)
	at java.lang.Class.forName0(Native Method)
	at java.lang.Class.forName(Class.java:348)
	at org.apache.spark.util.Utils$.classForName(Utils.scala:175)
	at org.apache.spark.deploy.SparkSubmit$.org$apache$spark$deploy$SparkSubmit$$runMain(SparkSubmit.scala:689)
	at org.apache.spark.deploy.SparkSubmit$.doRunMain$1(SparkSubmit.scala:181)
	at org.apache.spark.deploy.SparkSubmit$.submit(SparkSubmit.scala:206)
	at org.apache.spark.deploy.SparkSubmit$.main(SparkSubmit.scala:121)
	at org.apache.spark.deploy.SparkSubmit.main(SparkSubmit.scala)
^C
[hadoop@emr-header-1 ~]$ vi aliyunDSW2atmtimequeryHDFSyarnclient.sh 
[hadoop@emr-header-1 ~]$ tail -f aliyunDSW2atmtimequeryHDFSyarnclienttime201701011512L10240N4M10G.txt 
BLOSUM62	/queryD/D9L392N40	/Luniref/DL9Line.fasta	256	1	5	11	1	
topK:5 Query:UniRef100_S2JIB5                                                   
AlignmentRecord(refName=UniRef100_S2JIB5, refSequence.take(100)=MVDNKQRNTTLKKLARWTPSSSPSPSNRASAIPPLSNDAPFVNIHHDKLQQGALYIIKIKQVSLAMFEGWNDDMCCFSILRSEVEPLRWSEARQLPGDFD, cigar=392M, score1=2136, score2=1098, ref_begin1=0, ref_end1=391, read_begin1=0, read_end1=391, ref_end2=194)
AlignmentRecord(refName=UniRef100_A0A168Q3X9, refSequence.take(100)=MVDNKQRNTTLKKLARWTPSSSPSPSNRASVIPPLSNDAPFVNIHHDKLQQGALYIIKIKQVSLAMFEGWNDDMCCFSILRSEVEPLRWSEARQLPGDFD, cigar=169M1D188M1D35M, score1=2027, score2=1063, ref_begin1=0, ref_end1=393, read_begin1=0, read_end1=391, ref_end2=196)
AlignmentRecord(refName=UniRef100_A0A0C9M6E2, refSequence.take(100)=MVDSKQRNTTLKKLARWTPSSSPSPSNRASVIPPLSNDAPFVNIHHDKLQQGAVYIIKIKQVSLAMFEGWNDDMCCFSILRSEVEPLRWSEARQLPGDFD, cigar=169M1D191M3D32M, score1=1984, score2=1061, ref_begin1=0, ref_end1=395, read_begin1=0, read_end1=391, ref_end2=198)
AlignmentRecord(refName=UniRef100_A0A0B7NSV9, refSequence.take(100)=MVDNKQRNITLKKLARWGPSSSVPSQASASKTQTIPPLSNDAPFVNIHHDNLQQGSLYIIKIKQVSLALFEGSEMEPLRWSEARQLPGDFDIYNAFDECG, cigar=22M1D2M2D45M12I66M2I24M2D5M7D23M4I11M1I11M19I22M9I17M1I35M2D27M4I7M1D11M, score1=1018, score2=619, ref_begin1=0, ref_end1=342, read_begin1=0, read_end1=379, ref_end2=140)
AlignmentRecord(refName=UniRef100_A0A0C7BKV7, refSequence.take(100)=MAPMVETNKSRTTTLKKLAKWTPSSNSSFNKKGIASPLSPDAPFVPVHYDQLQQGSLYIIKIKQVSLALFEGWNDDMCCFSILRSEVEPMRWSEARQLPG, cigar=3M1D19M1I134M10I7M5I37M27I18M10I30M4D18M1D10M1D26M4I7M5I20M, score1=863, score2=610, ref_begin1=0, ref_end1=338, read_begin1=0, read_end1=390, ref_end2=141)

topK:5 Query:UniRef100_A0A177A2S8
AlignmentRecord(refName=UniRef100_A0A177A2S8, refSequence.take(100)=MPPATTAVPTALQSVWRVSITSNKGFESPSRLASSSNSRSQSVFDDDYDDEESELDGSPLPFTPITTNSTIITTQQTPIRKRKRGQEVDIQDDNGGRRPA, cigar=392M, score1=2078, score2=1035, ref_begin1=0, ref_end1=391, read_begin1=0, read_end1=391, ref_end2=194)
AlignmentRecord(refName=UniRef100_A0A177A9G5, refSequence.take(100)=MLHVEGLAEEQQSPGDMDVLIGFETNAQGKGASVTTEQEGWPTTGQEGGRSHETGPGLRGLESQRYSRVLRRSITARRKYLAELGTGEQDGRTERQLYED, cigar=8M3D2M8D244M, score1=1272, score2=249, ref_begin1=138, ref_end1=310, read_begin1=138, read_end1=391, ref_end2=113)
AlignmentRecord(refName=UniRef100_L8FXF9, refSequence.take(100)=MKEKRVINPPLPSPRNRIPTLQAQELAGSEANDAITIGDDDDDQLQPYASSYASSFSPPPSSSSSSSRQPRKRQATTLDEDEVFHDREERRDERFFSVME, cigar=171M, score1=894, score2=0, ref_begin1=221, ref_end1=170, read_begin1=221, read_end1=391, ref_end2=0)
AlignmentRecord(refName=UniRef100_A0A177A0Y6, refSequence.take(100)=MPPKPMITSVPAGFQGMWRLDPTLNRGESTPIQAITMAGGFYSGGEDSDDDGGDDDGDDENQSENGTPNQAPPLQSNTQGRPRKKRKSKGEEEDILQGNG, cigar=2M2D29M7D37M5I10M1D11M1I140M12I21M2I16M1D16M9I21M3I47M, score1=790, score2=337, ref_begin1=0, ref_end1=360, read_begin1=0, read_end1=381, ref_end2=163)
AlignmentRecord(refName=UniRef100_A0A177A2V3, refSequence.take(100)=MPIKLTITGIPASFQSFWNSDSNLNKGDSPLIRATPPVDVFPLDDDSDIYDGDDYSLPTPTSTNRDSNIQGRLKKRQRQGEEEDTIQGKGQILSPEDYII, cigar=20M1I9M4I22M1I8M2I12M1D3M3I47M30I85M1D23M2I12M1I11M10I26M16D46M, score1=690, score2=255, ref_begin1=5, ref_end1=348, read_begin1=5, read_end1=382, ref_end2=151)

topK:5 Query:UniRef100_A0A0F4GJW2
AlignmentRecord(refName=UniRef100_A0A0F4GJW2, refSequence.take(100)=MSIFRYIVPALAVAAGAAAQCGNGGTATIQNSGDASALASCQTYDGSIAIATDVSGNIAIDGVRKITGDLIANNVTGLTGLSAQNLQEVEGSFELTSLTV, cigar=392M, score1=1982, score2=974, ref_begin1=0, ref_end1=391, read_begin1=0, read_end1=391, ref_end2=194)
AlignmentRecord(refName=UniRef100_F9XNJ0, refSequence.take(100)=MSIFRYIVPALAVAAGAAAQCGDGGTATIQNAGDASALASCQTYDGSISISSDVSGNIAIDGVRKITGDLIANNVTGLTGLSAQNLQEVEGSFELTSLTV, cigar=392M, score1=1952, score2=956, ref_begin1=0, ref_end1=391, read_begin1=0, read_end1=391, ref_end2=194)
AlignmentRecord(refName=UniRef100_A0A139H680, refSequence.take(100)=MAGLRYLVPALAVAARAVAQCGSGGTTTIQSNSDASALSGCTTYSGSIAIATGTTDNIQISGIRRITGSLIANNVTQMTSLSATDLQEIGDSFHLESLTI, cigar=264M1D84M3D44M, score1=1214, score2=673, ref_begin1=0, ref_end1=395, read_begin1=0, read_end1=391, ref_end2=198)
AlignmentRecord(refName=UniRef100_A0A139H4Y7, refSequence.take(100)=MAGLRYLVPALAVAGRAVAQCGSGGTTTIQSNADATALSGCTTFSGSIALATGTTDNIQISGIRRITGSLTANNVTQITSFSATDLEEIGDTFHLESLTI, cigar=264M1D85M3D43M, score1=1191, score2=653, ref_begin1=0, ref_end1=395, read_begin1=0, read_end1=391, ref_end2=198)
AlignmentRecord(refName=UniRef100_M3AH46, refSequence.take(100)=MAGLRYLVPALAVAGRAVAQCGSGGTTTIQSNADASGLSGCTTFSGSIAIATGTTDNIQISGIRRITGSLTANNVTQMTSFSATDLEEIGDTFHLESLTI, cigar=264M1D84M3D44M, score1=1185, score2=646, ref_begin1=0, ref_end1=395, read_begin1=0, read_end1=391, ref_end2=198)

topK:5 Query:UniRef100_A0A0F4GK02
AlignmentRecord(refName=UniRef100_A0A0F4GK02, refSequence.take(100)=MRSFLNFLAAVPAILAAPVMIERQDSDKIANSWIVRLNNDAVLAQALGPITAALGVQPTHTYEFGNFKGLSVDGVADALSLLTNVASIASIEPNTIVTTS, cigar=392M, score1=2023, score2=1012, ref_begin1=0, ref_end1=391, read_begin1=0, read_end1=391, ref_end2=194)
AlignmentRecord(refName=UniRef100_F9WXN5, refSequence.take(100)=MRSFFNFLAAVPAILAAPIMIERQGSDKIANSWIVRLNNDAVLAQALGPITAALGVQPTHTYDFGNFKGLSVDGVADALSLLTNVASIASIEPNTVVTTS, cigar=392M, score1=1951, score2=982, ref_begin1=0, ref_end1=391, read_begin1=0, read_end1=391, ref_end2=194)
AlignmentRecord(refName=UniRef100_M3C188, refSequence.take(100)=MRSFLTALLAVPAALAAPVLLDTRQADSIAGSWIVKVKQNSVLSNVISQVSQAAGVQAKYTYDFGSFKGFSIDGVSDLTTLVGNIAAIESIEPNTRVTTS, cigar=107M1D55M3D3M1I184M3I18M3I18M, score1=1362, score2=638, ref_begin1=0, ref_end1=388, read_begin1=0, read_end1=391, ref_end2=191)
AlignmentRecord(refName=UniRef100_Q0UA54, refSequence.take(100)=MLSLTNLLLVVPAALAAPVLLNTRQTDSISGSWIVRVNQQSVLSDVISQVTAAAGAGATKKHTYDFGGFKGFSIDGVSDLTSIVANIAAIQSIERNTVVR, cigar=59M2D48M1D55M1D186M3I17M5I18M, score1=1348, score2=603, ref_begin1=0, ref_end1=386, read_begin1=0, read_end1=390, ref_end2=189)
AlignmentRecord(refName=UniRef100_A0A139H217, refSequence.take(100)=MWRTKKAQDLGLQKGNISLLKSSVRMAYIITAKDSSSIPQLAVGRSLRKLHPLVFQPPSWQFLDNFSHRQECRIAKLDRRIWLWRPRRRTLHVVPVYLPA, cigar=107M1D58M2D72M1D113M3I19M5I15M, score1=1303, score2=632, ref_begin1=0, ref_end1=541, read_begin1=0, read_end1=391, ref_end2=344)

topK:5 Query:UniRef100_A0A0F4GFF4
AlignmentRecord(refName=UniRef100_A0A0F4GFF4, refSequence.take(100)=MTLGDYHIIIAIAGQPSTLTEIFGDGNNAYFSNGSLDRLAFLRVQNDLMDEASTHASARYLTFQELNALRHEDGRFAYLSYDDVQEFIGRPYQKDEKTQI, cigar=392M, score1=2147, score2=1045, ref_begin1=0, ref_end1=391, read_begin1=0, read_end1=391, ref_end2=194)
AlignmentRecord(refName=UniRef100_F9X805, refSequence.take(100)=MPPSTLTEIFGDGNNAYFSNGSLDRLAFVRVQNDLMDKASTHASARYLTFQDLNALRHEDGRFAYLSYDDVQEFIGRPYQKDEKTQIQTFDPAEHHSSLV, cigar=376M, score1=1976, score2=903, ref_begin1=15, ref_end1=377, read_begin1=15, read_end1=390, ref_end2=180)
AlignmentRecord(refName=UniRef100_M3A189, refSequence.take(100)=MAPLTLTEIFGHGNNAYFSNGNVDRLAFLRIQNDLLDKASTHPTAKYLTFQDLNALRHENGSFNYLTHHDLQDYIGRPYSKDEKTQIQDFDPSEHHPTLV, cigar=209M1I166M, score1=1701, score2=705, ref_begin1=15, ref_end1=376, read_begin1=15, read_end1=390, ref_end2=179)
AlignmentRecord(refName=UniRef100_A0A139H354, refSequence.take(100)=MKCPQDTANETNMAPLTLTEIFGNGNNAYFSNGNVDRLAFLRIQNDLLDKASTHPSAKYLTFEDLNALRDKNGKFSYVNHHDLQGTIGRPYAKDEKTQIQ, cigar=209M1I166M, score1=1660, score2=684, ref_begin1=15, ref_end1=388, read_begin1=15, read_end1=390, ref_end2=191)
AlignmentRecord(refName=UniRef100_A0A139IN61, refSequence.take(100)=MAPLTLTDIFGNGNNAYFSNGNVDRLAFLRTQNDLLDKASTHPSAKYLTFEDLNALRDENGKFSYVAHHELQDDIGRPYAKDEKTRIQHFDPSEHHPTLV, cigar=209M1I53M6I107M, score1=1606, score2=635, ref_begin1=15, ref_end1=370, read_begin1=15, read_end1=390, ref_end2=173)

topK:5 Query:UniRef100_A0A0I9XEW1
AlignmentRecord(refName=UniRef100_A0A0I9XEW1, refSequence.take(100)=MKTTLLSALLLPLLSSSVIAADDEDVTCQTKLGKESVADVQTITVTKTDSVVPTTTTTVIPTVVKKANQWSTITVFSTKTFTVTGKGGTDTFSTTTTLFK, cigar=392M, score1=2050, score2=986, ref_begin1=0, ref_end1=391, read_begin1=0, read_end1=391, ref_end2=194)
AlignmentRecord(refName=UniRef100_W7MRX3, refSequence.take(100)=MKTTLLSALLLPLLSSFVFAVDDDDVTCQTKLGKESVADVQTVTVTKTDSVAPTTTNTIIPTVVKKANQWSTITVFSTKTFTVTGKGGTDTFSTTTTLFK, cigar=391M, score1=1969, score2=935, ref_begin1=0, ref_end1=390, read_begin1=0, read_end1=390, ref_end2=193)
AlignmentRecord(refName=UniRef100_X0JM95, refSequence.take(100)=MKTILFSALLLLLSSSVFAADDDDVTCQTKLGEESAEDIHTVTVTKIDSLVPTTTTIILTVVKKANQWSTITVFSTKTFTVTGKGDTGTFSTTTTLFKVA, cigar=11M1I41M1I303M1D32M, score1=1746, score2=805, ref_begin1=0, ref_end1=387, read_begin1=0, read_end1=388, ref_end2=190)
AlignmentRecord(refName=UniRef100_W9JLI0, refSequence.take(100)=MKTILFSALLLLLSSSIFAADDYDVTCQTKIGEESVADIHTVTVTKIDSLVPTTTTIIPTVVKKANQWSTIMVFSTKTFTVTGKGDTGTFNTTTTLFKVA, cigar=11M1I41M1I86M16I201M1D32M, score1=1649, score2=700, ref_begin1=0, ref_end1=371, read_begin1=0, read_end1=388, ref_end2=174)
AlignmentRecord(refName=UniRef100_X0LHU8, refSequence.take(100)=MKLNPFTLPNHQIPSIHHEDHSTLLLLLLLSSSVFAADDDDVTCLTKLGKESVADIHTVTVTKIDSLVPTTTTIIPTVVKKANQWSIITVFSTKTFTVTG, cigar=45M1I124M19I195M, score1=1629, score2=740, ref_begin1=8, ref_end1=387, read_begin1=8, read_end1=391, ref_end2=190)

topK:5 Query:UniRef100_S2K2M3
AlignmentRecord(refName=UniRef100_S2K2M3, refSequence.take(100)=MTKNIVIVGGGFAGTAVANALEKSLAASNDQEHRLILIESKSHFYHAIAGLRSAVIDWDSRIMIPYTDLFQNRENKVVQASAVQLEKNEIVLDQSVEEFG, cigar=392M, score1=2024, score2=993, ref_begin1=0, ref_end1=391, read_begin1=0, read_end1=391, ref_end2=194)
AlignmentRecord(refName=UniRef100_A0A168IXM9, refSequence.take(100)=MTKNIVIVGGGFAGTAVANALEKSLAASNDQEHRIILIESKSHFYHAIAGLRSAVLDWDARIMVPYTDLFQNKKNKVVQASAVQLEKNEIVLDQSIEEFG, cigar=371M1D9M, score1=1777, score2=1592, ref_begin1=0, ref_end1=380, read_begin1=0, read_end1=379, ref_end2=576)
AlignmentRecord(refName=UniRef100_A0A0C9MNM2, refSequence.take(100)=MTKNIVIVGGGFAGTAVASALEKALAASNDQEHRIILIETKSHFYHAIGGLRSAVLDWDARIMVPYIDLFQNKKNKVVQASAVQLEKNEIVLDQSVEEFG, cigar=392M, score1=1758, score2=916, ref_begin1=0, ref_end1=391, read_begin1=0, read_end1=391, ref_end2=194)
AlignmentRecord(refName=UniRef100_A0A0B7N954, refSequence.take(100)=MTKNIVIVGGGFAGTAVAGALEKALAKSNDQEYRIILVEKKSHFYHAIAGLRSAVLDWDSRILIPYTDLFHNKRNKVVQASVVQLEKGEILLDQSIEEFG, cigar=359M, score1=1577, score2=742, ref_begin1=0, ref_end1=358, read_begin1=0, read_end1=358, ref_end2=161)
AlignmentRecord(refName=UniRef100_I1C7D7, refSequence.take(100)=MIQEKNIVIVGGGFAGVETANVLEKELTRSNDSQYRIILIEKKTHFYHAIAGLRSAVIDWDQQILVPYTNLFKSDKHRVIQASAVQFEKNHIVLDRKVQG, cigar=174M1I40M2D106M1D68M, score1=1052, score2=575, ref_begin1=2, ref_end1=394, read_begin1=2, read_end1=390, ref_end2=192)

topK:5 Query:UniRef100_A0A0I9Y7X6
AlignmentRecord(refName=UniRef100_A0A0I9Y7X6, refSequence.take(100)=MASSPTPQAVEGSSYKPRYIDIGINLTDPIFRGKYHGKERHPDDLDAIIERAREVGCTKLIVTGSDLGNSRDALTLARDYAGTIFGTAGIHPCSSSVFSE, cigar=392M, score1=2110, score2=1058, ref_begin1=0, ref_end1=391, read_begin1=0, read_end1=391, ref_end2=194)
AlignmentRecord(refName=UniRef100_S0DXB3, refSequence.take(100)=MASSPTPQAVEGSSYKPRYIDIGINLTDPIFRGKYHGKERHPDDLDAIIERAREVGCTKLIVTGSDLGNSRDALTLARDYAGTIFGTAGIHPCSSSVFSE, cigar=392M, score1=2105, score2=1053, ref_begin1=0, ref_end1=391, read_begin1=0, read_end1=391, ref_end2=194)
AlignmentRecord(refName=UniRef100_W9J8S2, refSequence.take(100)=MTSRPLFHCFQSSARIGFRTSSLRFQASQFRNMASSPTPQPVEGSSYKPRYIDIGINLTDPIFRGKYHGKERHPDDLDAIIGRAREVGCTKLIVTGSDLG, cigar=309M2D83M, score1=2035, score2=1027, ref_begin1=0, ref_end1=425, read_begin1=0, read_end1=391, ref_end2=228)
AlignmentRecord(refName=UniRef100_W9KZ87, refSequence.take(100)=MTSRPLFHCFQSSARIGFRASSLRFQASQFRSMASSPTPQPVEGSSYKPRYIDIGINLTDPIFRGKYHGKERHPDDLDAIIGRAREVGCTKLIVTGSDLG, cigar=309M2D83M, score1=2030, score2=1024, ref_begin1=0, ref_end1=425, read_begin1=0, read_end1=391, ref_end2=228)
AlignmentRecord(refName=UniRef100_X0D2H2, refSequence.take(100)=MTSRPLFHCFQSSARIGFRTSSLRFQASQFRNMASSPTPQPVEGSSYTPRYIDIGINLTDPIFRGKYHGKERHPDDLDAIIGRAREVGCTKLIVTGSDLG, cigar=309M2D83M, score1=2026, score2=1014, ref_begin1=0, ref_end1=425, read_begin1=0, read_end1=391, ref_end2=228)

topK:5 Query:UniRef100_A0A0F4GX45
AlignmentRecord(refName=UniRef100_A0A0F4GX45, refSequence.take(100)=MDLEARSQQLQQELDSATPSSLAARKNHDPQTWLPRAPARHTLMSHRQPITCVAFHPLFSSLASGSEDCTIKIWDYELGELERTLKSHTKAVLDVDFGGP, cigar=392M, score1=2136, score2=1061, ref_begin1=0, ref_end1=391, read_begin1=0, read_end1=391, ref_end2=194)
AlignmentRecord(refName=UniRef100_F9X6B3, refSequence.take(100)=MSVLLTSRQAEELHKSLIAYLLSTGHADSAQVLRDNLNLPESDFDAATAKKYEGLLEKKWTSVVRLQKKIMDLEARSQQLQQELDSATPSSLAARKNHDP, cigar=392M, score1=2094, score2=1057, ref_begin1=0, ref_end1=461, read_begin1=0, read_end1=391, ref_end2=264)
AlignmentRecord(refName=UniRef100_A0A139HJU6, refSequence.take(100)=MSSLLTSKQAEELHKGIVAYLISTGHADAAQSVRDAVNLSETEFDAGTAKRYEGLIEKKWTGLVRLQKKIMDLETKCQQLQHELDHATPSSLAARKNHDP, cigar=364M1I4M1I22M, score1=1918, score2=1006, ref_begin1=0, ref_end1=459, read_begin1=0, read_end1=391, ref_end2=262)
AlignmentRecord(refName=UniRef100_M2ZXX0, refSequence.take(100)=MSSLLTSKQAEELHKGIVAYLISTGHADAAQGVRDAVRLSETEFDASTAKRYEGLIEKKWTGLVRLQKKIMDLETKCQQLQHELDNATPSSLAARKNHDP, cigar=364M1I4M1I22M, score1=1909, score2=1008, ref_begin1=0, ref_end1=459, read_begin1=0, read_end1=391, ref_end2=262)
AlignmentRecord(refName=UniRef100_N1PR65, refSequence.take(100)=MSALLTSRQAEELHKSLIAYLLSTGHGNSAQVLREDLNLPESDFDAATAKKYEGLIEKKWTSVVRLQKKIMDLEAKSQQLQSELDSATPTSLAARKNHDP, cigar=349M2I41M, score1=1894, score2=995, ref_begin1=0, ref_end1=459, read_begin1=0, read_end1=391, ref_end2=262)

topK:5 Query:UniRef100_S2JR65
AlignmentRecord(refName=UniRef100_S2JR65, refSequence.take(100)=MVQVLPINYNSEHYKQNYMNGNEYQQHSTPPPPPPLQPHQQQMPIPMPVPMINHHLIHPHHQPPNFFHPPPPPPPPQPMYPADQSAGQYMDYAATGNGGY, cigar=392M, score1=2202, score2=1145, ref_begin1=0, ref_end1=391, read_begin1=0, read_end1=391, ref_end2=194)
AlignmentRecord(refName=UniRef100_A0A168N1A8, refSequence.take(100)=MVQVLPINYNNEHYKQNYIGNEYQQHSTPPPPPPLQPHQQQMPIPMPVPMINHHLIHPHHQPPNFFHPPPPPPPVPHQQPMYPADPTQQQQQQQQQYMDY, cigar=19M1I55M3D8M6D11M1I5M2D7M1D285M, score1=2009, score2=1010, ref_begin1=0, ref_end1=401, read_begin1=0, read_end1=391, ref_end2=204)
AlignmentRecord(refName=UniRef100_A0A0C9LTQ6, refSequence.take(100)=MVQVLPINYNNEHYKQNYMNGNEYQHSTPPPPPPLQPHQQQMPIPMPVPMINHHLIHPHHQPPNFFHPPPPPPPVPHQQPMYPTDPSQQQYMDYTGSGGY, cigar=24M1I50M3D17M2I6M1D7M1D251M, score1=1835, score2=845, ref_begin1=0, ref_end1=359, read_begin1=0, read_end1=357, ref_end2=162)
AlignmentRecord(refName=UniRef100_A0A0B7N0C1, refSequence.take(100)=MVQVLPINYNNEHHKQNYMSGNEYQQHSTPPPPHPLQPHQQQIPMPMPVPMINHHHHHHHPQLIHQPPSFFHPPLPPPPPQPMYPTDQAGGQYMDYAAAS, cigar=60M4D272M3D12M10D48M, score1=1814, score2=1012, ref_begin1=0, ref_end1=408, read_begin1=0, read_end1=391, ref_end2=210)
AlignmentRecord(refName=UniRef100_A0A0C7BII8, refSequence.take(100)=MVQVLPINYNNEHYKPANFMNGEHNNYQHPTPPPHPHPPIQQHQQMPIPLPPVPMINHLMPHPHHPPGYFHPPPPPPHPHQPMYDQSQQYIDYANGAYPA, cigar=15M1D6M2D3M1I6M2D8M1I7M1D14M1I12M1D6M2I4M1I6M3I4M1I10M2I230M5I6M1D33M, score1=1460, score2=684, ref_begin1=0, ref_end1=377, read_begin1=0, read_end1=386, ref_end2=180)

topK:5 Query:UniRef100_L2GNE6
AlignmentRecord(refName=UniRef100_L2GNE6, refSequence.take(100)=MISLNPIAAIRMLIGNVFTERLILPRSGTSLYTERPPSMHDVPPSRSFHAKQSNLNEHPTQVARPNGRIRKVRKAVVPNPRDAQTHKADDSMNMLPVYNS, cigar=392M, score1=2106, score2=1075, ref_begin1=0, ref_end1=391, read_begin1=0, read_end1=391, ref_end2=194)
AlignmentRecord(refName=UniRef100_A0A0M3K2W8, refSequence.take(100)=MKNASNCWNVKAQITPCIILEVELTNTSPAATSFVSTTESTKRTMSSASAESSHKLNRHNRHSTPNPSMRDLSASNNRSSKAFPTSESIPREPPKTSAHK, cigar=22M16D7M3D27M2D13M3D80M5D36M, score1=118, score2=62, ref_begin1=95, ref_end1=1121, read_begin1=95, read_end1=279, ref_end2=888)
AlignmentRecord(refName=UniRef100_I6RZH7, refSequence.take(100)=MNERNLTVIGSYSTREEALSVIEQLRDEGYDRDDIIIYTTKDAAQNFGFSGLSGIDVETNVDEVEGTHEERSLWERIKDTFTSNTYEEDSYTEKADDSVN, cigar=32M2D15M4I6M1I5M1I14M3I4M2I33M2D39M6I8M1D9M, score1=112, score2=24, ref_begin1=81, ref_end1=257, read_begin1=81, read_end1=262, ref_end2=36)
AlignmentRecord(refName=UniRef100_A0A198FSL0, refSequence.take(100)=MNINQLKSFVEVVKSDFNITNAAEKLYTSQPTISKQLKILEDELNVSLFVRKNNNLLALSPMGKEVHKVACDILGQIDKIKSIVVEEDRDKQVDMHIATT, cigar=19M5I28M1D22M2I37M2I8M, score1=112, score2=0, ref_begin1=66, ref_end1=188, read_begin1=66, read_end1=188, ref_end2=0)
AlignmentRecord(refName=UniRef100_J9I631, refSequence.take(100)=MHFPLSTSNKDQVNFAFGNMFDKKSQVVNKKKIQGTSKMISTNDSNRSSKKKINSARFDSTSNSHSQAQKTPLTQQQQQTISHHPQLSNAYATNHTSRAD, cigar=18M1I7M2I27M2D19M2D17M1D17M1D48M, score1=102, score2=47, ref_begin1=124, ref_end1=334, read_begin1=124, read_end1=279, ref_end2=802)

topK:5 Query:UniRef100_A0A141PZB2
AlignmentRecord(refName=UniRef100_A0A141PZB2, refSequence.take(100)=LGYMVHRLLQAALGRRDPDDRDHFGKKRLDLAGPLLANLFRVLFTRVTRDLQRYVQRCVETNREIYLNIGIKASTLTGGLKYALATGNWGEQKKAASSKA, cigar=392M, score1=2137, score2=1057, ref_begin1=0, ref_end1=391, read_begin1=0, read_end1=391, ref_end2=194)
AlignmentRecord(refName=UniRef100_Q0CWW4, refSequence.take(100)=MADYEDAYEDEFYDEMDEGITSEDCWTVISSFFDTKGLVSQQLDSFDEFISSTMQELVEEQGQVTLDQTLPPNEDEVDPIVLRRYELKFGTVMLSRPSVT, cigar=392M, score1=2101, score2=1895, ref_begin1=0, ref_end1=788, read_begin1=0, read_end1=391, ref_end2=984)
AlignmentRecord(refName=UniRef100_A2QYC2, refSequence.take(100)=MADYEDAYEDEYYDDMDEGITSEDCWTVISSFFDTKGLVSQQLDSFDEFISSTMQELVEEQGQVTLDQTLPPSEDEVDPVVVRRYELKFGTVMLSRPSVT, cigar=392M, score1=2093, score2=1887, ref_begin1=0, ref_end1=788, read_begin1=0, read_end1=391, ref_end2=984)
AlignmentRecord(refName=UniRef100_A0A117E303, refSequence.take(100)=MADYEDAYEDEYYDDMDEGITSEDCWTVISSFFDTKGLVSQQLDSFDEFISSTMQELVEEQGQVTLDQTLPPSEDEVDPVVVRRYELKFGTVMLSRPSVT, cigar=392M, score1=2090, score2=1884, ref_begin1=0, ref_end1=788, read_begin1=0, read_end1=391, ref_end2=984)
AlignmentRecord(refName=UniRef100_A1CG49, refSequence.take(100)=MADYDDAYEEEFYDDMEEGITSEDCWTVISSFFDTKGLVSQQLDSFDEFVSSTMQELVEEQGQVTLDQTLPPADDEVDPVVLRRYELKFGTVMLSRPSVT, cigar=392M, score1=2083, score2=1877, ref_begin1=0, ref_end1=789, read_begin1=0, read_end1=391, ref_end2=985)

topK:5 Query:UniRef100_A0A176ZZT9
AlignmentRecord(refName=UniRef100_A0A176ZZT9, refSequence.take(100)=MQVSQPNEASLLDSSSTFEDSGYDTCTTRIDDNDSIEGAGLWAAEQLSVFDAEPPSPYAGEEAAALDVEASIPAVTDEPEVVDTEDPLPPVADPPDVPMA, cigar=392M, score1=2107, score2=1044, ref_begin1=0, ref_end1=391, read_begin1=0, read_end1=391, ref_end2=194)
AlignmentRecord(refName=UniRef100_L8FQ44, refSequence.take(100)=MQVSQPNEASLLDSSSTFEDSGYDTCTTRIDDNDSIEGAGLWAAEQLSVFDAEPPSPYAGEEAAALDVEASIPAVTDEPEVVDTEDPLPPVADPPDVPMA, cigar=245M15D147M, score1=2082, score2=1121, ref_begin1=0, ref_end1=406, read_begin1=0, read_end1=391, ref_end2=209)
AlignmentRecord(refName=UniRef100_A0A094HDT4, refSequence.take(100)=MQVSQLNEASLLDFSSTFEDSGYDTCTTHINDNDSIEGAGLWAAEQLSVFDAEAPSASANEEPGALDVEASIPAVAEQPEVVDTEDPLPPVANPPDVTMS, cigar=245M15D129M, score1=1748, score2=1565, ref_begin1=0, ref_end1=388, read_begin1=0, read_end1=373, ref_end2=587)
AlignmentRecord(refName=UniRef100_A0A094EID0, refSequence.take(100)=MQVSQLNEASLLDFSSTFEDSGYDNCSTHINDNDSIEGAGLWAAEQLSVFDSEAPSPSASEEPESLGVEASPAVTEQPEVSYTEDPLSPVTNLPDVPMAE, cigar=71M1I173M15D129M, score1=1740, score2=1557, ref_begin1=0, ref_end1=387, read_begin1=0, read_end1=373, ref_end2=586)
AlignmentRecord(refName=UniRef100_A0A094HSD8, refSequence.take(100)=MQVSQLNEASLLDISSAFEDSGYDTCTTRIDDNDSIEGAGLWAAEQLSVFDTEAPSPSAAEQPATVDVEASIPAATEPPELIDTEDQLPPVAEPPDVPMA, cigar=108M1D9M1D41M1D87M15D129M, score1=1678, score2=1495, ref_begin1=0, ref_end1=391, read_begin1=0, read_end1=373, ref_end2=590)

topK:5 Query:UniRef100_A0A0F4GHI1
AlignmentRecord(refName=UniRef100_A0A0F4GHI1, refSequence.take(100)=MALQDDHDFNCLTIKELEEHAYKLMDKQTREYYNEGADSGSTLRENITAYEKYRIRPRVLRDVSAVDTSINIFGYRNSIPLGVAPTAMQCLAHSDGELGT, cigar=392M, score1=2084, score2=1030, ref_begin1=0, ref_end1=391, read_begin1=0, read_end1=391, ref_end2=194)
AlignmentRecord(refName=UniRef100_N1Q2Y9, refSequence.take(100)=MAAAANVHDASCLTIEELEHHAHDMMDKQTRDYYNEGADSGSTLRENTTGYQKYRIRPRVLRDVSAVDTSIDIFGHKNSIPLGVAPTAMQQLAHSDGEEG, cigar=190M14D196M, score1=1688, score2=839, ref_begin1=6, ref_end1=406, read_begin1=6, read_end1=391, ref_end2=196)
AlignmentRecord(refName=UniRef100_N1QJS8, refSequence.take(100)=MSSQHDLNCLNIKELELLAHERMDKQTRDYYNEGADSGSTLRENITAYEKYRIRPRVLRDVSNIDTSVNIFGFRSSIPLGVAPTAMQCLAHSDGELGTAG, cigar=194M2D12M9D6M1D178M, score1=1678, score2=860, ref_begin1=2, ref_end1=401, read_begin1=2, read_end1=391, ref_end2=193)
AlignmentRecord(refName=UniRef100_M2N5N6, refSequence.take(100)=MVVRNVDGVGDHDLNCLSIEELERHAYNMMDKQTRDYYNEGADSGSTLRENIEAYRKYRIRPRVLRDVSKINTEVKLFGHTNTAPIGVAPTAMQRLAHSD, cigar=119M1D73M16D195M, score1=1633, score2=816, ref_begin1=5, ref_end1=413, read_begin1=5, read_end1=391, ref_end2=214)
AlignmentRecord(refName=UniRef100_A0A139HXV6, refSequence.take(100)=MTAQGGDHDLNCLTIEELEHHAHDLMDKQTRDYYNEGADSGSTLRENTTAYNKYRIRPRVLRDVSQIDTRVNIFGHLNSIPLGVAPTAMQCLAHADGEIG, cigar=196M5D13M1D178M, score1=1620, score2=839, ref_begin1=5, ref_end1=398, read_begin1=5, read_end1=391, ref_end2=197)

topK:5 Query:UniRef100_A0A0I9Y9K1
AlignmentRecord(refName=UniRef100_A0A0I9Y9K1, refSequence.take(100)=MSPKLLQLIAALAASAHGLAVPDSQGAAFSVNALPSTSEEFDPVAERQLLEAKYPVVHGDIKEARSVKQSGSAKVKPASSGLSFFVPTVVGNQTFKLIYD, cigar=392M, score1=2064, score2=997, ref_begin1=0, ref_end1=391, read_begin1=0, read_end1=391, ref_end2=194)
AlignmentRecord(refName=UniRef100_S0EJ06, refSequence.take(100)=MSLKLLQLIAALAASAHGLAVPDSQGAAFSVDALPSTSEEFDPAAERQMLEAKYPATHGDIKEARSVKQSGSAKVKPASSGLSFFVPTVVGNQTFKLIYD, cigar=392M, score1=2029, score2=967, ref_begin1=0, ref_end1=391, read_begin1=0, read_end1=391, ref_end2=194)
AlignmentRecord(refName=UniRef100_W9JUC6, refSequence.take(100)=MSLKLLQLIAALAASAHGLVVPDSQGAAFSVDALPSAPEEFGPAAERQRLEARYPAMHGDIKEARSVKQSGSAKVKPSSSGMSFFVPTVIGNQTFKMIYD, cigar=392M, score1=1885, score2=909, ref_begin1=0, ref_end1=391, read_begin1=0, read_end1=391, ref_end2=193)
AlignmentRecord(refName=UniRef100_W9HR16, refSequence.take(100)=MSLKLLQLIAALAASAHGLVVPNSQGAAFSVDALPSTPEEFDPAAERQRPEARYPAMHGDVKEARSVKQSGSARVKPSSSGMSFFVPTVIGNQTLKMVYD, cigar=392M, score1=1843, score2=890, ref_begin1=0, ref_end1=391, read_begin1=0, read_end1=391, ref_end2=194)
AlignmentRecord(refName=UniRef100_X0JSP0, refSequence.take(100)=MSLKLLQLIAALAASAHGLVVPDSQGAAFSVDALLSTPEEFDPAAERQRIETRYPAMHGDIKEAGSVKPSSSGMSFFVPTVIGNQTFKMIYDTGSADLWV, cigar=66M8I318M, score1=1818, score2=848, ref_begin1=0, ref_end1=383, read_begin1=0, read_end1=391, ref_end2=186)

topK:5 Query:UniRef100_A0A0J0CJ97
AlignmentRecord(refName=UniRef100_A0A0J0CJ97, refSequence.take(100)=MEWLGHAELNFTHAPSPRKVQEKDGNVTDLLSICEKATPPCRLNPLLFNGHLQTMWTATKPAGPKIYYKRKIFDADHKIYHGTFAVDFAVEPFEAPDDPS, cigar=392M, score1=2157, score2=1094, ref_begin1=0, ref_end1=391, read_begin1=0, read_end1=391, ref_end2=194)
AlignmentRecord(refName=UniRef100_S0DUF2, refSequence.take(100)=MEWLGHAELNFTHAPSPRKVQEEDGNVTDLLSICEKATPPCRLNPLLFNGHLQTMWTATKPAGPKIYYKRKIFDADHKIYHGTFAVDFAVEPFEAPDDPS, cigar=392M, score1=2149, score2=1090, ref_begin1=0, ref_end1=391, read_begin1=0, read_end1=391, ref_end2=194)
AlignmentRecord(refName=UniRef100_F9FTG3, refSequence.take(100)=MEWLGHAELNFTHAPSPRKVQEKDGNVTDLLSICEKATPPCRLNPLLFNGHLQTMWTATKPAGPKIYYKRKIFDADHKIYHGTFAVDFAVEPFEAPEDPS, cigar=184M8D208M, score1=2119, score2=1060, ref_begin1=0, ref_end1=399, read_begin1=0, read_end1=391, ref_end2=202)
AlignmentRecord(refName=UniRef100_N4TZ35, refSequence.take(100)=MEWLGHAELNFTHAPSPRKVQEKDGNVTDLLSICEKATPPCRLNPLLFNGHLQTMWTATKPAGPKIYYKRKIFDADHKIYHGTFAVDFAVEPFEAPEDPS, cigar=184M34D208M, score1=2093, score2=1034, ref_begin1=0, ref_end1=425, read_begin1=0, read_end1=391, ref_end2=228)
AlignmentRecord(refName=UniRef100_A0A0D2XDQ1, refSequence.take(100)=MEWLGHAELNFTHAPSPRKVQEKDGNVTDLLSICEKATPPCRLNPLLFNGHLQTMWTATKPAGPKIYYKRKIFDADHKIYHGTFAVDFAVEPFEAPEDPS, cigar=184M32D208M, score1=2092, score2=1036, ref_begin1=0, ref_end1=423, read_begin1=0, read_end1=391, ref_end2=226)

topK:5 Query:UniRef100_C5M453
AlignmentRecord(refName=UniRef100_C5M453, refSequence.take(100)=MSYSYEKKITSAHPFRATGSTLLHEEQSSLKIVYDKYKTRSPYPNSSNQLRYNLIFIHGTGFNKSIWKYHINKLYQLSQSQQVPWFLDSVISLDMVGHGD, cigar=392M, score1=2105, score2=1056, ref_begin1=0, ref_end1=391, read_begin1=0, read_end1=391, ref_end2=194)
AlignmentRecord(refName=UniRef100_B9WL62, refSequence.take(100)=MSFSIEKKITLAHPFRAPGSTLINSDQSNLKLVYNKYKTNSPLPNSNNQLRFNFIFCHGTGFNKSIWKYHIKKLYQLSQSGQVPWFLDSVIAIDMVGHGD, cigar=237M2D149M4D6M, score1=1620, score2=866, ref_begin1=0, ref_end1=397, read_begin1=0, read_end1=391, ref_end2=200)
AlignmentRecord(refName=UniRef100_A0A0A6JYV9, refSequence.take(100)=MSFSVEKKTTLAHPFRAPGSTLISSDQSNLKIVYNKYKTRSPLPNSTNQLRYNFIFCHGTGFNKSIWKYHISKLYQLSQSLQVPWFLDSVIAIDMVGHGD, cigar=237M2D149M4D6M, score1=1604, score2=864, ref_begin1=0, ref_end1=397, read_begin1=0, read_end1=391, ref_end2=200)
AlignmentRecord(refName=UniRef100_Q59LU6, refSequence.take(100)=MSFSVEKKTTLAHPFRAPGSTLISSDQSNLKIVYNKYKTRSPLPNSTNQLRYNFIFCHGTGFNKSIWKYHISKLYQLSQSLQVPWFLDSVIAIDMVGHGD, cigar=237M2D149M4D6M, score1=1604, score2=864, ref_begin1=0, ref_end1=397, read_begin1=0, read_end1=391, ref_end2=200)
AlignmentRecord(refName=UniRef100_M3IQP4, refSequence.take(100)=MSFSYEKKITKAYPFRAAGSTLVHDEQPDLKIVYDKYKTRSSLPHSKNQLRYNFIFCHGTGFNKSIWKYHITRLYQLSQSMQVPWFLDSVIALDMVGHGD, cigar=237M2D148M, score1=1587, score2=817, ref_begin1=0, ref_end1=386, read_begin1=0, read_end1=384, ref_end2=189)

topK:5 Query:UniRef100_M7UDA0
AlignmentRecord(refName=UniRef100_M7UDA0, refSequence.take(100)=MSFSSLVQDLSFRDAASERRPPIRGPGSVSTYDDRASYVSRADSHVSRARSYASTAATSVSISGDIGSQLHGGYCHPLARSWQAERQLTKSMLIYPLFIS, cigar=392M, score1=2078, score2=1045, ref_begin1=0, ref_end1=391, read_begin1=0, read_end1=391, ref_end2=194)
AlignmentRecord(refName=UniRef100_G2YAA7, refSequence.take(100)=MSFSSLVQDLSFRDAASERRPPIRGPGSVSTYDDRASYVSRADSHVSRARSYASTAATSVSISGDIGSQLHGGYCHPLARSWQAERQLTKPQSMLIYPLF, cigar=90M2D302M, score1=2066, score2=1033, ref_begin1=0, ref_end1=393, read_begin1=0, read_end1=391, ref_end2=196)
AlignmentRecord(refName=UniRef100_W9CMZ4, refSequence.take(100)=MSFSSLVQDLSFRDAASERRPPIRGAGSVSTYDDRASYISRADSHVSRARSYASTAATSVSISGDISSQLHGGYSHPLARSWQAERQLTKSMLIYPLFIS, cigar=392M, score1=2020, score2=1000, ref_begin1=0, ref_end1=391, read_begin1=0, read_end1=391, ref_end2=194)
AlignmentRecord(refName=UniRef100_A7ES72, refSequence.take(100)=MSFSSLVQDLSFRDAASERRPPIRGAASVSTYDDRASYVSRADSHISRARSYASTTATSVSISGDIASQLHGGYCHPLARTWQAERQLTKSMLIYPLFIS, cigar=392M, score1=2006, score2=1005, ref_begin1=0, ref_end1=391, read_begin1=0, read_end1=391, ref_end2=194)
AlignmentRecord(refName=UniRef100_A0A194X647, refSequence.take(100)=MSFSSLVQDLSFRDTPPSNASEQRRQMARGASSASTNDDTRSHVSRARSYASTSATSVSISGDISSQLHGGYSHPLARSWQAERQLTKSMLILPLFITDN, cigar=14M5D20M7I351M, score1=1821, score2=822, ref_begin1=0, ref_end1=389, read_begin1=0, read_end1=391, ref_end2=192)

topK:5 Query:UniRef100_G2YLV2
AlignmentRecord(refName=UniRef100_G2YLV2, refSequence.take(100)=MPYKKFRSLSFDRIPSSIHPHANGIGNWQKSRKRLTYLVTVTCLGEMPRHVPMSIPRGLELRRSQYGGGATLNGTTATTANMVVDKMNAVPGFLASAAFF, cigar=392M, score1=2063, score2=1028, ref_begin1=0, ref_end1=391, read_begin1=0, read_end1=391, ref_end2=194)
AlignmentRecord(refName=UniRef100_W9C2C1, refSequence.take(100)=MPRHVPMPIPRELDLRRSQYGGTTLISTTTANIVVDKMNSVPGFLASAAFFTFLRANLVLPPSTLNSASSTPILDAYSSHTLPPLRSSSLATMSSNIDDD, cigar=20M1I8M2I69M1I245M, score1=1564, score2=594, ref_begin1=46, ref_end1=341, read_begin1=46, read_end1=391, ref_end2=144)
AlignmentRecord(refName=UniRef100_A7ESR1, refSequence.take(100)=MTAVPGFLASAAFFTFLRANLVLPPSTLNSTYSTPILYASSSQTLPTLRPSSLANMSSNIDDDIIVPNPLDGIPSLTTIALTTEEDKTKALKLVADSIAQ, cigar=60M1I245M, score1=1391, score2=451, ref_begin1=86, ref_end1=304, read_begin1=86, read_end1=391, ref_end2=107)
AlignmentRecord(refName=UniRef100_A0A194X7Y6, refSequence.take(100)=MKELPLDFHLRHYTNYTNTVVFDTINAVPGLKTSAAFFSFLRANLVLPSSTLNSTTSTPLLDPSSSQTLPPLGPSTLATMSSADDAGDEVLLPPNPLEGV, cigar=78M2D140M1I98M, score1=986, score2=358, ref_begin1=75, ref_end1=330, read_begin1=75, read_end1=391, ref_end2=132)
AlignmentRecord(refName=UniRef100_S3CS45, refSequence.take(100)=MARHVPQLDLRNTLVGSIEKGINIVPGLRTSTAFFTFLRANLVLPSSTLNSNTNTPLLSPYSSQYLPPLHTLPPSSLSIMSSSSSPVNTPSTSSTPPSNP, cigar=7M5I10M15I3M1D46M3D12M5D10M1D138M4D9M4D83M2I6M, score1=939, score2=349, ref_begin1=46, ref_end1=341, read_begin1=46, read_end1=391, ref_end2=144)

topK:5 Query:UniRef100_G2XUL9
AlignmentRecord(refName=UniRef100_G2XUL9, refSequence.take(100)=MSHRKFEAPRHGSLAYLPRKRASRHRGKVKSFPKDDKTKPVHLTATLGYKAGMTTIVRDLDRPGAKTHKKEVVEAVTVIETPPVIVVGLVGYIETPRGLR, cigar=392M, score1=2108, score2=1039, ref_begin1=0, ref_end1=391, read_begin1=0, read_end1=391, ref_end2=194)
AlignmentRecord(refName=UniRef100_A7E6K0, refSequence.take(100)=MSHRKFEAPRHGSLAYLPRKRASRHRGKVKSFPKDDKTKPVHLTATLGYKAGMTTIVRDLDRPGAKTHKKEVVEAVTVIETPPVIVVGLVGYIETPRGLR, cigar=392M, score1=2094, score2=1039, ref_begin1=0, ref_end1=391, read_begin1=0, read_end1=391, ref_end2=194)
AlignmentRecord(refName=UniRef100_W9CCG7, refSequence.take(100)=MSHRKFEAPRHGSLAYLPRKRASRHRGKVKSFPKDDKTKPVHLTATLGYKAGMTTIVRDLDRPGAKTHKKEVVEAVTVIETPPVIVVGLVGYIETPRGLR, cigar=392M, score1=2079, score2=1034, ref_begin1=0, ref_end1=391, read_begin1=0, read_end1=391, ref_end2=194)
AlignmentRecord(refName=UniRef100_K1WVI0, refSequence.take(100)=MSHRKFEAPRHGSLAYLPRKRAARHRGKVKSFPKDDPKKPVHLTATMGYKAGMTTIVRDLDRPGAKTHKKEVVEAVTVIETPPVIVVGLVGYIETPRGLR, cigar=388M, score1=1982, score2=990, ref_begin1=0, ref_end1=387, read_begin1=0, read_end1=387, ref_end2=190)
AlignmentRecord(refName=UniRef100_A0A0C3D2X0, refSequence.take(100)=MSHRKFEAPRHGSLAFLPRKRASRHRGKVKSFPKDDPKKPVHLTATLGYKAGMTTIVRDLDRPGAKSHKKEVVEAVTVIETPPVIVVGLVGYIETPRGLR, cigar=392M, score1=1975, score2=996, ref_begin1=0, ref_end1=391, read_begin1=0, read_end1=391, ref_end2=194)

topK:5 Query:UniRef100_Q4X0L2
AlignmentRecord(refName=UniRef100_Q4X0L2, refSequence.take(100)=MYYSLDISQNSRVGASPLVPRLSSEVILHSYFMINSMECKDHEGDRERGVFELSSKNVESSSSSREDAADGFLQAEPYRVDFKLSSVDLAFANSLRRVIL, cigar=392M, score1=2150, score2=1041, ref_begin1=0, ref_end1=391, read_begin1=0, read_end1=391, ref_end2=194)
AlignmentRecord(refName=UniRef100_A0A0J5PYL8, refSequence.take(100)=MDYEMDIEPTGPQVTVREAEPYRVDFKLSSVDLAFANSLRRVILAEVPTMAIDLVEVEKNTSVLPDEFLAHRLGLIPLNSKNCDQDVEYTRDCDCEDHCA, cigar=319M, score1=1767, score2=658, ref_begin1=73, ref_end1=335, read_begin1=73, read_end1=391, ref_end2=138)
AlignmentRecord(refName=UniRef100_A0A0S7DUI3, refSequence.take(100)=MDYEMDIEPTGPQVTVREAEPYRVDFKLSSVDLAFANSLRRVILAEVPTMAIDLVEVEKNTSVLPDEFLAHRLGLIPLNSKNCDQDVEYTRDCECEDHCA, cigar=319M, score1=1752, score2=648, ref_begin1=73, ref_end1=335, read_begin1=73, read_end1=391, ref_end2=138)
AlignmentRecord(refName=UniRef100_A1DHL4, refSequence.take(100)=MDYEMDIEPTGPQVTVREAEPYRVDFKLSSVDLAFANSLRRVILAEVPTMAIDLVEVEKNTSVLPDEFLAHRLGLIPLNSKNCDQDVEYTRDCECEDHCA, cigar=319M, score1=1751, score2=654, ref_begin1=73, ref_end1=335, read_begin1=73, read_end1=391, ref_end2=138)
AlignmentRecord(refName=UniRef100_A0A0K8LG67, refSequence.take(100)=MDYEMDIEPTGPQVTVREAEPYRVDFKLSSVDLAFANSLRRVILAEVPTMAIDLVEVEKNTSVLADEFLAHRLGLIPLNSKNCDQDVEYTRDCECEDHCA, cigar=319M, score1=1733, score2=640, ref_begin1=73, ref_end1=335, read_begin1=73, read_end1=391, ref_end2=138)

topK:5 Query:UniRef100_W9Z3K9
AlignmentRecord(refName=UniRef100_W9Z3K9, refSequence.take(100)=MALDSFLRKAYWTLAACGLVYALILGALTHPAVQRNATYAHNINPSYFQDLSNVEQFGFLQHQIQPFTITTPDNVTLFAWHILPLPLYRQHEQALKEQAE, cigar=392M, score1=2110, score2=1041, ref_begin1=0, ref_end1=391, read_begin1=0, read_end1=391, ref_end2=194)
AlignmentRecord(refName=UniRef100_W9YAN3, refSequence.take(100)=MLMALNNVFRKAYWTLAACGLAYAIFLGALTHPTVQRNAMYAHNINPTHFQDLSNVEQFGFLRHQVQPFTVTTPDNVTLFAWHILPLHLYHEHEQRLKEQ, cigar=392M, score1=1743, score2=899, ref_begin1=0, ref_end1=393, read_begin1=0, read_end1=391, ref_end2=196)
AlignmentRecord(refName=UniRef100_H6BNH0, refSequence.take(100)=MAFQGFFRKAYWTLAACGLAYALLLGALTHPTIQRNATYAHNVNPTIFQNLSNVEQFGFLHHQVQPFTVTTPDNVTLFAWHILPLHLYHQHEEALKAQST, cigar=392M, score1=1699, score2=890, ref_begin1=0, ref_end1=391, read_begin1=0, read_end1=391, ref_end2=194)
AlignmentRecord(refName=UniRef100_A0A0D2JC67, refSequence.take(100)=MAFNSFIRKAYWILATCGLVYALAIGALTHPFVQRNATYVHNINPTFFQDLNNTEQFGFLHHQVQPFTITTPDNVTLFAWHILPLRLYRKHEQALKAQSD, cigar=205M1I186M, score1=1615, score2=871, ref_begin1=0, ref_end1=390, read_begin1=0, read_end1=391, ref_end2=193)
AlignmentRecord(refName=UniRef100_A0A0D2DGG9, refSequence.take(100)=MAFNSFFRKVYWTLAGCGLIYALMIGALTHPTVQRNATYAHNINPTYFQDLNNTEQFGFLRHQIQPFTITTRDNVTLFAWHILPLHLYRRHEQSLKTQEN, cigar=194M4I194M, score1=1547, score2=809, ref_begin1=0, ref_end1=387, read_begin1=0, read_end1=391, ref_end2=190)

topK:5 Query:UniRef100_C5M6U4
AlignmentRecord(refName=UniRef100_C5M6U4, refSequence.take(100)=MFSKTFIRRSIRSTQWIRYNSSKAAPLDASRLIIEKTTTPKTKLPKEQLVFGKTFTDHMLEIEWTKEKGWDTPKISPYHNLSLDPSTIVFHYAFELFEGM, cigar=392M, score1=2102, score2=1040, ref_begin1=0, ref_end1=391, read_begin1=0, read_end1=391, ref_end2=194)
AlignmentRecord(refName=UniRef100_C4YIA7, refSequence.take(100)=MILKTSSLLRSAVQSRQWLRYTSTVAPLEASKLIVEKTNNPKPKLPKDKLVFGKTFTDHMLEIEWTKEKGWHAPKISPYHNLSLDPSTIVFHYAFELFEG, cigar=20M1I369M, score1=1796, score2=873, ref_begin1=2, ref_end1=392, read_begin1=2, read_end1=391, ref_end2=195)
AlignmentRecord(refName=UniRef100_Q5AHJ9, refSequence.take(100)=MILKTSSLLRSAVQPRQWLRYTSTVAPLEASKLIVEKTSNPKPKLPKDKLVFGKTFTDHMLEIEWTKEKGWHTPKISPYHNLSLDPSTIVFHYAFELFEG, cigar=20M1I369M, score1=1793, score2=870, ref_begin1=2, ref_end1=392, read_begin1=2, read_end1=391, ref_end2=195)
AlignmentRecord(refName=UniRef100_A0A0A6KWM1, refSequence.take(100)=MILKTSSLLRSAVQPRQWLRYASTVAPLEASRLIVEKTNNPKPKLPKDKLVFGKTFTDHMLEIEWTKEKGWHAPKISPYHNLSLDPSTIVFHYAFELFEG, cigar=17M1I372M, score1=1792, score2=866, ref_begin1=2, ref_end1=392, read_begin1=2, read_end1=391, ref_end2=195)
AlignmentRecord(refName=UniRef100_B9WB98, refSequence.take(100)=MILKPSSLLRSVVQPRQWLRYTSSVAPLQASRLIIEKTNNPKPKLPKDKLVFGKTFTDHMLEIEWTKEKGWHTPKISPYHNLSLDPSTIVFHYAFELFEG, cigar=18M1I369M, score1=1788, score2=870, ref_begin1=4, ref_end1=392, read_begin1=4, read_end1=391, ref_end2=195)

topK:5 Query:UniRef100_G2Y5H4
AlignmentRecord(refName=UniRef100_G2Y5H4, refSequence.take(100)=MSEIKPTEVEALQKEEVIADPLDDMEDYYQLYEMKDLVVVHAYDGDMDEHILEEVKPRYIIMYEPDTSFVRRVEVYRSSHNDRNVRVYFLYYGGSVEEQR, cigar=392M, score1=2052, score2=1037, ref_begin1=0, ref_end1=391, read_begin1=0, read_end1=391, ref_end2=194)
AlignmentRecord(refName=UniRef100_A7EJV3, refSequence.take(100)=MSSLIGEQQPVKLSLPLKYQQEIFQELRQKDELVVLARGLGLLRLVTNLLHSYDAAGNNLILLIGADDRENGWIGEALAEHAAISMAPKARGLSVVNTDL, cigar=392M, score1=1990, score2=1020, ref_begin1=0, ref_end1=928, read_begin1=0, read_end1=391, ref_end2=731)
AlignmentRecord(refName=UniRef100_W9C6J0, refSequence.take(100)=MSSANVEQQPVKLSLPLKYQQEIFQELRQKDQLVILARGLGLLRLVTNLLHSYDAAGNNLIILVSADDRENGWIGEALAEHAAISMAPKARGLSVVNTDL, cigar=391M, score1=1954, score2=1006, ref_begin1=0, ref_end1=926, read_begin1=0, read_end1=390, ref_end2=729)
AlignmentRecord(refName=UniRef100_A0A194XTT2, refSequence.take(100)=MSANGDQQPVKLSLPLKYQQELFQELREKDELVVIARGLGLLRLVTNLLHSYDAAGNNLILVVGADDRENGWLGEALAEHAAISMAPKARGLSVVNTDVM, cigar=392M, score1=1888, score2=973, ref_begin1=0, ref_end1=931, read_begin1=0, read_end1=391, ref_end2=734)
AlignmentRecord(refName=UniRef100_K1WB96, refSequence.take(100)=MSSANGDQQPVKLSLPLKYQQEIFQELRQKDELVIIARGLGLLRLITNLLHSYDAAGNNLIILVGADERENGWIGEALAEHAAISMSPRARGLSVVNTEN, cigar=392M, score1=1873, score2=986, ref_begin1=0, ref_end1=931, read_begin1=0, read_end1=391, ref_end2=734)

topK:5 Query:UniRef100_Q4WRX7
AlignmentRecord(refName=UniRef100_Q4WRX7, refSequence.take(100)=MSNQQVGTVFDRVIQEVCDASQVDFEESGVDQQTLIDLRKSWQKKLSSLGVAHFPWDPAPPQPAPPQTQNQILPPTAPVPSNAPRPAPPQQTQQQHVPPQ, cigar=392M, score1=2192, score2=1111, ref_begin1=0, ref_end1=391, read_begin1=0, read_end1=391, ref_end2=194)
AlignmentRecord(refName=UniRef100_A0A0J5PH90, refSequence.take(100)=MPRGGRISPGESDFDLNQNPTETGGNETRSSDLRPLILKYLIAATMSNQQVGTVFDRVIQEVCDASQVDFEESGVDQQTLIDLRKSWQKKLSSLGVAHFP, cigar=392M, score1=2188, score2=1110, ref_begin1=0, ref_end1=436, read_begin1=0, read_end1=391, ref_end2=239)
AlignmentRecord(refName=UniRef100_A1D1U2, refSequence.take(100)=MSNQQVVNDVQGTVFDRVIQEVCDASQVDFEESGVDQQTLIDLRKSWQKKLSSLGVAHFPWDPAPPQPAPPQTQNQILPPTAPVPSNAPRPAPPQQTQQQ, cigar=6M5D386M, score1=2121, score2=1091, ref_begin1=0, ref_end1=396, read_begin1=0, read_end1=391, ref_end2=199)
AlignmentRecord(refName=UniRef100_A0A0S7E2L3, refSequence.take(100)=MSNQQVGMVFDRVIQEVCDASQVDFEESGVDQQTLIDLRKSWQKKLSSLGVAHFPWDPAPPQPAPPQTQNQILPPTAPVPSNAPRPAPPQQTQQQHVPPQ, cigar=392M, score1=2117, score2=1095, ref_begin1=0, ref_end1=391, read_begin1=0, read_end1=391, ref_end2=194)
AlignmentRecord(refName=UniRef100_A0A0K8LNH0, refSequence.take(100)=MSNQQVGTVFERVIQEVCDASQVDFEESGVDQQTLLDLRKSWQKKLSSLGVAHFPWDPAPPQPAPPQTQNQILPPTAPVPSNAPRPAPPQTQQHVPPQQH, cigar=90M2I102M1I197M, score1=2062, score2=1055, ref_begin1=0, ref_end1=388, read_begin1=0, read_end1=391, ref_end2=191)

topK:5 Query:UniRef100_G2YHU2
AlignmentRecord(refName=UniRef100_G2YHU2, refSequence.take(100)=MTSSIFKGLLPFALLAPAARAASLAATPLVCSNPALSCSGSSTNTCCFNTPGGQMVQTQFWDSNPSTGPSNSWTIHGLWPDHCDGTYDSNCDTSREYSSI, cigar=392M, score1=2114, score2=1078, ref_begin1=0, ref_end1=391, read_begin1=0, read_end1=391, ref_end2=194)
AlignmentRecord(refName=UniRef100_W9CJA4, refSequence.take(100)=MTFSISKVLLPFVLLAPAAHAASLAATPLVCSNPTLSCSGSSTNTCCFNTPGGQMVQTQFWDANPSTGPANSWTIHGLWPDHCDGTYDSNCDTSRQYSSI, cigar=258M2I132M, score1=1946, score2=1009, ref_begin1=0, ref_end1=389, read_begin1=0, read_end1=391, ref_end2=192)
AlignmentRecord(refName=UniRef100_A7E422, refSequence.take(100)=MISSISKVILPFVLLAPATHAASLAATPLVCSNPALSCSGSSTNTCCFNTPGGQMVQTQFWDSDPSTGPSDSWTIHGLWPDHCDGTYDSNCDSSRAYSSI, cigar=113M37I111M6D82M1D48M, score1=1638, score2=768, ref_begin1=0, ref_end1=360, read_begin1=0, read_end1=390, ref_end2=163)
AlignmentRecord(refName=UniRef100_A0A194XNL1, refSequence.take(100)=MASFSNVVLASMAFMQVVLAGSPKTCSNPTLSCHNTTAVADTCCFNAPGGQLLQTQFWDTSPSTGPSNSWTIHGLWPDHCDGTYDSNCDASRAYTNITAI, cigar=19M2D218M6D83M1D49M, score1=1416, score2=708, ref_begin1=23, ref_end1=395, read_begin1=23, read_end1=391, ref_end2=197)
AlignmentRecord(refName=UniRef100_A0A0C3H9D6, refSequence.take(100)=MASLASAAIAVALLAMSGARAGLPVTCSNPQLSCQNTTVVSNTCCFNAPGGQLVQTQFWDTSPSTGYSNSWTIHGLWPDHCDGTYDSSCDSKRAYTNISS, cigar=22M3I15M2D160M1D63M5D7M3I8M4D61M1D47M, score1=1374, score2=729, ref_begin1=2, ref_end1=396, read_begin1=2, read_end1=390, ref_end2=199)

topK:5 Query:UniRef100_C5M8Q0
AlignmentRecord(refName=UniRef100_C5M8Q0, refSequence.take(100)=MAINWKSALQSSAAVVSILIILKELHDLYQSRIHSKHLTSLSPRTRGVESLIGNTPLVEIKSLSKLTGCKIYGKLELLNPAGSAKDRVALAIIKASEKQG, cigar=392M, score1=2066, score2=1006, ref_begin1=0, ref_end1=391, read_begin1=0, read_end1=391, ref_end2=194)
AlignmentRecord(refName=UniRef100_M3K5S0, refSequence.take(100)=MTINWKTTLQTSASVISLIIVLKELYSLYTKSTTKSPSKLTLLSPRTRGIESLIGNTPLLEIKSLSRLTGCKIYAKLELMNPAGSAKDRVALSIIRANET, cigar=29M1D6M1D356M, score1=1696, score2=768, ref_begin1=0, ref_end1=392, read_begin1=0, read_end1=390, ref_end2=195)
AlignmentRecord(refName=UniRef100_B9WIY6, refSequence.take(100)=MPINWKSTLQTSASVISLFIIAKELYNLYITTISPSKNKLHSKLTLLPPRTRGIESLIGNTPLIEIKSLSRQLGCKIYAKLELCNPGGSAKDRVALAIIR, cigar=29M7D7M1I141M3D10M5D204M, score1=1685, score2=738, ref_begin1=0, ref_end1=405, read_begin1=0, read_end1=391, ref_end2=208)
AlignmentRecord(refName=UniRef100_A0A0A6KAL2, refSequence.take(100)=MAINWKSTLQTSASVISLFLIAKELYNLYVTTTNKDKSNSKLTLLPPRTRGIESLIGNTPLIEIKSLSRQLGCKIYAKLELCNPGGSAKDRVALAIIRAA, cigar=29M5D7M1I144M2D211M, score1=1680, score2=726, ref_begin1=0, ref_end1=397, read_begin1=0, read_end1=391, ref_end2=200)
AlignmentRecord(refName=UniRef100_C4YSM3, refSequence.take(100)=MAINWKSTLQTSASVISLFLIAKELYNLYVTTTNKDKSNSKLTLLPPRTRGIESLIGNTPLIEIKSLSRQLGCKIYAKLELCNPGGSAKDRVALAIIRAA, cigar=29M5D7M1I144M2D211M, score1=1680, score2=726, ref_begin1=0, ref_end1=397, read_begin1=0, read_end1=391, ref_end2=200)

topK:5 Query:UniRef100_W9Z313
AlignmentRecord(refName=UniRef100_W9Z313, refSequence.take(100)=MLALTSAIDNPHSTYPLRPALGVQFALNFTDLNVSMSEREEFLLSRTQGPAMSRPVAESPSPFSAQRQVFAPWSLSPYGPFAGDSSGRISPARPEALRQR, cigar=392M, score1=2128, score2=1065, ref_begin1=0, ref_end1=391, read_begin1=0, read_end1=391, ref_end2=194)
AlignmentRecord(refName=UniRef100_A0A0D2IUZ8, refSequence.take(100)=MLALTSPISSLHSTYPSSGLAPGVQFALDLTDNNAGMTEQEDFLFSRPPDTANLMPLAESPSPFSVQSRFTPWSLSTYDPFAGEPGGRISPDRTERLRQR, cigar=16M3D3M2I47M1I323M, score1=1638, score2=688, ref_begin1=0, ref_end1=391, read_begin1=0, read_end1=391, ref_end2=194)
AlignmentRecord(refName=UniRef100_H6BJU9, refSequence.take(100)=MLALSSTIHNPYSKYFADIAPGIQSAFELTNDTTNMSDREDFLYPRTQPSSLSRQSAESPSQFGLQSNRFTPWSTSTYDPFAGEPGGRITPDHPEPLRQR, cigar=195M1D197M, score1=1620, score2=655, ref_begin1=0, ref_end1=392, read_begin1=0, read_end1=391, ref_end2=194)
AlignmentRecord(refName=UniRef100_A0A0D2I6K5, refSequence.take(100)=MLALRSPINNLQSTYSSGLAPGVQFALDLTDNTAGMSEKEDFSFSRQQDTATSRPLAETSSPFSFQRFSQWPSSTYDPFAGESGGRISPERSERLRQRLP, cigar=67M2I127M1D196M, score1=1610, score2=690, ref_begin1=0, ref_end1=390, read_begin1=0, read_end1=391, ref_end2=193)
AlignmentRecord(refName=UniRef100_A0A178CQ81, refSequence.take(100)=MLALTSPISNLHSTYSSGVAPGVQFALDLTDNTAGMSEKEDFLFSRQQQDTATARSLADTSSPFSFSRFAQWPSSTYDPFAGESGGRISPERSERLRQRL, cigar=46M1D21M2I127M1D196M, score1=1604, score2=679, ref_begin1=0, ref_end1=391, read_begin1=0, read_end1=391, ref_end2=194)

topK:5 Query:UniRef100_G2YZ18
AlignmentRecord(refName=UniRef100_G2YZ18, refSequence.take(100)=MPGLARDNTAEIAERDYFSEYPPPATLEKHTSLAAEFINFHAAAGRRVVLVTSGGTTVPLERQTVRFIDNFSAGTRGATSAEYFLEAGYAVIFLHRQFSL, cigar=392M, score1=2098, score2=1039, ref_begin1=0, ref_end1=391, read_begin1=0, read_end1=391, ref_end2=194)
AlignmentRecord(refName=UniRef100_A7EVN5, refSequence.take(100)=MNALSNNLTWVLLPEARIINLIPTQPSTEVNRKAGVPNSLQLAPTTSRHAPELELAHPAGTSPKLTSTPPSSSTFTLSFNLFPSSQPSSPTSSIFSSSSQ, cigar=392M, score1=2003, score2=995, ref_begin1=0, ref_end1=499, read_begin1=0, read_end1=391, ref_end2=302)
AlignmentRecord(refName=UniRef100_W9CBM2, refSequence.take(100)=MSSQLESTTTSRDAPELGLAHPAISPKLTSTPPSSSTFTLSFNLSHSRPSSPTSSIFSSSSQDTMSTSSSMPGGLARQNTAEVAERDYFAENPPPATLER, cigar=2M1D214M1D11M1D165M, score1=1963, score2=986, ref_begin1=0, ref_end1=464, read_begin1=0, read_end1=391, ref_end2=267)
AlignmentRecord(refName=UniRef100_A0A194X2X0, refSequence.take(100)=MSSSSSRPDLVRQNTADIAERDYFSENPAPAALDKHTALAKQFIDFHAAAGRRVVLVTSGGTTVPLERQTVRFIDNFSAGTRGATSAEYFLETGYAVIFL, cigar=213M1I169M, score1=1765, score2=877, ref_begin1=1, ref_end1=388, read_begin1=1, read_end1=383, ref_end2=191)
AlignmentRecord(refName=UniRef100_S3DE49, refSequence.take(100)=MANTIEASSSPAVFRSSQPDPSPLRIRTKSTPHSSSTFTLSFNLPESVPSSPTSSVFSDSSEITMSSASSRPDSTRQTSADVAERDYFNENPAPASLEKY, cigar=211M4I110M2I11M4I47M, score1=1644, score2=827, ref_begin1=1, ref_end1=449, read_begin1=1, read_end1=389, ref_end2=252)

topK:5 Query:UniRef100_W9XNF5
AlignmentRecord(refName=UniRef100_W9XNF5, refSequence.take(100)=MPVEFISAAYLNASTELHPIPELTGLADPDYLERYARNLDDYEYNYTLVPYDSSYFDPWTVAATIAAHTRHLKVIVALRPNTLYPTVAAKALATLDQLSR, cigar=392M, score1=2092, score2=1045, ref_begin1=0, ref_end1=391, read_begin1=0, read_end1=391, ref_end2=194)
AlignmentRecord(refName=UniRef100_A0A0D2BGL5, refSequence.take(100)=MPVEFISATFLNASTELKPIPGASIDPDYLERYARNLDDYAFNYTLVPYDSSYFDPWTVGATIASHTRNLKIIIAVRPNTLYPTVAAKALATLDQLSRGR, cigar=24M2I145M1I97M9D100M3I4M2D8M2I6M, score1=1601, score2=897, ref_begin1=0, ref_end1=394, read_begin1=0, read_end1=391, ref_end2=197)
AlignmentRecord(refName=UniRef100_A0A0D2FYH9, refSequence.take(100)=MPVEFISATFLNASTELNPIPNASIDPDYLARYARNLDDYAFNYTLVPYDSSYYDPWTVGATIASLTKNLKIIIALRPNTLYPTVAAKALATLDQLSRGR, cigar=24M2I144M1I97M7D95M4I15M, score1=1590, score2=824, ref_begin1=0, ref_end1=381, read_begin1=0, read_end1=381, ref_end2=184)
AlignmentRecord(refName=UniRef100_W9XLP5, refSequence.take(100)=MPVEFISATFLNPSTELNPIQNAPADRDYLERYARNLDDYEFNYTLVPYDSSYFDPWTVGATIASVTKNLKIIIAVRPNTLYPTVAAKALSTLDQLSRGR, cigar=21M2I148M1I86M4D12M4D93M1I8M3I11M, score1=1589, score2=832, ref_begin1=0, ref_end1=386, read_begin1=0, read_end1=385, ref_end2=188)
AlignmentRecord(refName=UniRef100_A0A0D2CAA0, refSequence.take(100)=MPVEFISATFLNASTELNAIPGASIDPDYLARYARNLDDYAFNYTLVPYDSSYFDPWTVGATIASHTKNLKIIIAVRPNTLYPTVAAKALATLDQLSRGR, cigar=24M2I144M1I97M7D116M2I6M, score1=1578, score2=876, ref_begin1=0, ref_end1=393, read_begin1=0, read_end1=391, ref_end2=196)

topK:5 Query:UniRef100_W9XNZ5
AlignmentRecord(refName=UniRef100_W9XNZ5, refSequence.take(100)=MPVNISFAERLGNIVSLTNGFVNAGQEADAARRAARELEEEILNTASSPHEYQSKLAQAISSLQGPPAPKVVERTEEAEEPELFNTEGPRFGAYQYATFH, cigar=392M, score1=2103, score2=1021, ref_begin1=0, ref_end1=391, read_begin1=0, read_end1=391, ref_end2=194)
AlignmentRecord(refName=UniRef100_A0A0D2ILX7, refSequence.take(100)=MPVDVRFADRLGNIMSLSNAFISTGQDAEAARTKAKDLEEETLNTASSPDEYQAKLEAVIECLQSPPEAHSEEPPQEAEILNLEGPSFGNYQYATFHVDG, cigar=68M3I316M, score1=1616, score2=681, ref_begin1=0, ref_end1=383, read_begin1=0, read_end1=386, ref_end2=182)
AlignmentRecord(refName=UniRef100_W9XPD7, refSequence.take(100)=MNVFLSAGQEANEARKAAREVEDEILKAASSPDEYQNAIKEAITGLQGPPSDSPEQHEQPEGPEILNTEGPSIGGYQYATFHAAGQTSTIFKAQAKDSMA, cigar=52M1I319M, score1=1608, score2=679, ref_begin1=18, ref_end1=371, read_begin1=18, read_end1=389, ref_end2=174)
AlignmentRecord(refName=UniRef100_A0A0D2KIW7, refSequence.take(100)=MPVEISFTERLSNIVALTNAFTSAGNDGDAARNKARDLESEILQSASSPEEYQRQLREALQASHTLNAPQSDESELPQEPEILNHDGPSFGAYQFATYHT, cigar=70M1I313M, score1=1542, score2=691, ref_begin1=0, ref_end1=382, read_begin1=0, read_end1=383, ref_end2=185)
AlignmentRecord(refName=UniRef100_W9WLX8, refSequence.take(100)=MPADISFTERLSNIVSLANAFISAGNDGDIARNKARDLEGELLQSASSPEEYQRQLQKALKATQAQNAAPADETELPQEQEILNLEGPSFGAYKYATYHT, cigar=70M1I313M, score1=1539, score2=664, ref_begin1=0, ref_end1=382, read_begin1=0, read_end1=383, ref_end2=185)

topK:5 Query:UniRef100_Q4WVP7
AlignmentRecord(refName=UniRef100_Q4WVP7, refSequence.take(100)=MADCWQSQASVAGPYWISPGNQPCLRTSTFRDLMYAFPRPKHTSRVMKPRSAGNSPSSAAKRRATTSHTSPMYRQLPLQSYQAQIQAALAASAMRRTRQP, cigar=392M, score1=2154, score2=1082, ref_begin1=0, ref_end1=391, read_begin1=0, read_end1=391, ref_end2=194)
AlignmentRecord(refName=UniRef100_A0A0J5Q1D5, refSequence.take(100)=MADCWQSQASVAGPYWISPGNQPCLRTSTFRDLMYAFPRPKHTSRVMKPRSAGNSPSSAAKRRATTSHTSPMYRQLPLQSYQAQIQAALAASAMRRTRQP, cigar=392M, score1=2129, score2=1068, ref_begin1=0, ref_end1=391, read_begin1=0, read_end1=391, ref_end2=194)
AlignmentRecord(refName=UniRef100_A1DDQ0, refSequence.take(100)=MADCWQPQASVAGPYWIYPENQPCFRTSTFRDLMYAFPRPKHTSRVMKPRSAGNSPSSAAKRRATTSHTSPMYRQLPQQSYQAQIQAALAASAMRRTRQP, cigar=365M2I8M1I16M, score1=1946, score2=982, ref_begin1=0, ref_end1=388, read_begin1=0, read_end1=391, ref_end2=191)
AlignmentRecord(refName=UniRef100_A0A0S7E3N9, refSequence.take(100)=MADCWQPQASVAGPYWISPENQPCFRTSTFRDLMYAFPRPKHTSRVMKPRSAGNSPSSAAKRRATTSHTSPMYRHLPQQSYQAQIQAALAASAMRRTRQP, cigar=365M2I25M, score1=1932, score2=957, ref_begin1=0, ref_end1=389, read_begin1=0, read_end1=391, ref_end2=192)
AlignmentRecord(refName=UniRef100_A0A0K8L3D6, refSequence.take(100)=MADCWQPQASVAGPYWISPGDQPCFRTSTFRDLMYAFPRPKHTSRVMKPRSAGNSPSSVAKRRATTSHTSPMYQHLPQQSYQAQIQAALAASAIRRTRQP, cigar=365M2I25M, score1=1892, score2=934, ref_begin1=0, ref_end1=389, read_begin1=0, read_end1=391, ref_end2=192)

topK:5 Query:UniRef100_M7U8Z4
AlignmentRecord(refName=UniRef100_M7U8Z4, refSequence.take(100)=MSSRDIYNKATVYSPVDTRTNPPQNSSPSNKLSSSHSKVPSFNRPSSSTIPKAYTTLERDNKSTNKGLSQQHTLLQRDGQASSSRGHTSSSHDRTQLNRD, cigar=392M, score1=2182, score2=1072, ref_begin1=0, ref_end1=391, read_begin1=0, read_end1=391, ref_end2=194)
AlignmentRecord(refName=UniRef100_W9CTF1, refSequence.take(100)=MSFKDIYNKATVYNPVDTRTQAPQHNHASGRPSSSYPTAPSSSRPSTSTTPKPYTTLERDNNSSRRVSLSRPSHQHTMLQRDGQPSSSHGRTPAPQNHTL, cigar=66M4D48M1D106M1I2M1I70M24I8M8I27M4D6M9D4M1D17M, score1=1158, score2=585, ref_begin1=0, ref_end1=372, read_begin1=0, read_end1=387, ref_end2=175)
AlignmentRecord(refName=UniRef100_A7EU11, refSequence.take(100)=MRAAATNAPADAKSRFKSQHDIHMASRQVKYREMNHEEKKKQDEWVRDFIQYAGPCPAGFSWERVKYGYVCNGGNHLCTDDLLAEGKGGFYVGTLDAGWW, cigar=182M1I8M15I8M4I60M, score1=868, score2=264, ref_begin1=111, ref_end1=257, read_begin1=111, read_end1=388, ref_end2=60)
AlignmentRecord(refName=UniRef100_S3DWW7, refSequence.take(100)=MSNRPRSNSRTSSSRRPDDYESSSSSRPQGTRLNRDNVNSSSHPRTQSLSRNNAGTMLARDNYSSSSGQNSSALVQGTRLARDHSIAPQQSSRTDSRTLA, cigar=3M2D17M6I23M6I14M4D8M5D16M1D12M1D17M3D79M9D4M4D7M11I4M2I13M2D5M1D7M3I15M, score1=303, score2=80, ref_begin1=1, ref_end1=287, read_begin1=1, read_end1=272, ref_end2=83)
AlignmentRecord(refName=UniRef100_S3D309, refSequence.take(100)=MSRPNERRSSTASNRGSKPKDPYAHGTTLARDGTYGTINVTRTETRGTRDTPSSSRRPSSPVVHGTKLNRDSRSSSTQQGSKIASPRAETMLNRDRRDSS, cigar=16M4I22M6D7M1I6M2D3M2D17M9I91M7D4M9D13M5D9M1D6M2D4M5I39M, score1=277, score2=107, ref_begin1=29, ref_end1=364, read_begin1=29, read_end1=284, ref_end2=161)

topK:5 Query:UniRef100_Q4WGF5
AlignmentRecord(refName=UniRef100_Q4WGF5, refSequence.take(100)=MGKAARGKRNAPSSSPYQKPGAPLSKAASAIFKFNTDIGQHILKNPTIADAIVDKANVQPSQTVLEVGPGTGILTTRILEKAKKVIAVELDPRMAAEVTK, cigar=392M, score1=2085, score2=1020, ref_begin1=0, ref_end1=391, read_begin1=0, read_end1=391, ref_end2=194)
AlignmentRecord(refName=UniRef100_A1DCE8, refSequence.take(100)=MGKAARGKRNAPSSSPYQKPGGAPLSKAASAIFKFNTDIGQHILKNPTIADAIVDKANVQPSQTVLEVGPGTGILTTRILEKAKKVIAVELDPRMAAEVT, cigar=20M1D372M, score1=2035, score2=1008, ref_begin1=0, ref_end1=392, read_begin1=0, read_end1=391, ref_end2=195)
AlignmentRecord(refName=UniRef100_A0A0S7DM69, refSequence.take(100)=MGKAARGKRNAPSSSPYQKPSGAPLSKAASAIFKFNTDIGQHILKNPTIADAIVDKANVQPSQTVLEVGPGTGILTTRILEKAKKVIAVELDPRMAAEVT, cigar=20M1D372M, score1=2025, score2=1008, ref_begin1=0, ref_end1=392, read_begin1=0, read_end1=391, ref_end2=195)
AlignmentRecord(refName=UniRef100_A0A0K8LE33, refSequence.take(100)=MGKAPRGKRNAASSSPYQKPGGAPLSKAASAIFKFNTDIGQHILKNPTIADAIVDKANVQQSQTVLEVGPGTGILTTRILQKAKKVIAVELDPRMAAEVT, cigar=20M1D368M, score1=1967, score2=961, ref_begin1=0, ref_end1=388, read_begin1=0, read_end1=387, ref_end2=191)
AlignmentRecord(refName=UniRef100_A1CDH1, refSequence.take(100)=MGKAARGKRNASGSNSPYQKPGGAPLSKAASAIFKFNTDIGQHILKNPTIADAIVDKANIQPSQTVLEVGPGPGILTTRILQKAKKVVAVELDPRMAAEL, cigar=12M1D8M1D279M1I92M, score1=1876, score2=959, ref_begin1=0, ref_end1=392, read_begin1=0, read_end1=391, ref_end2=195)

topK:5 Query:UniRef100_W9Z1E5
AlignmentRecord(refName=UniRef100_W9Z1E5, refSequence.take(100)=MALLATASADNTINIYAVPANPTPNVPFKLLRTLRAHLAGVNAIAWSPVGPPYTLASASDDKSILLWSPLASDFPISPSPLVGHSNYVYSLAFSPKGNML, cigar=392M, score1=2133, score2=1056, ref_begin1=0, ref_end1=391, read_begin1=0, read_end1=391, ref_end2=194)
AlignmentRecord(refName=UniRef100_W9Z3P9, refSequence.take(100)=MALLATASADNTINIYSVPAEPTPNTPFKLLRTLRAHLAGVNAIAWSPVGPPYTLASASDDKSILLWSPLSSDFPISPSPLVGHSNYVYSLAFSPKGNML, cigar=234M5I68M3D28M8I18M1D20M4I4M, score1=1714, score2=929, ref_begin1=0, ref_end1=375, read_begin1=0, read_end1=388, ref_end2=178)
AlignmentRecord(refName=UniRef100_H6C2K6, refSequence.take(100)=MDQDQYRPSKRRRTSSAGSMASTRSSYDPEVRPNPESTASRQDDRRGGTHNRSQYRGEDNEDKDRDSSPRRKVSRGRNTTRSRSPRRRFSRSRTSSSRYD, cigar=228M4I79M5D30M16I23M, score1=1587, score2=843, ref_begin1=0, ref_end1=557, read_begin1=0, read_end1=379, ref_end2=360)
AlignmentRecord(refName=UniRef100_A0A0D2IJJ8, refSequence.take(100)=MDQDRYLPSKRRRTSSADSSSSRNSFADPRSHPLPRRLSDSTRSRLHSRRGRTYSSSRSRDASRDDTPHRRRSRSRSSPRRRSSRSPTGSSTYDSAPEHQ, cigar=234M5I69M2D9M1D13M, score1=1466, score2=631, ref_begin1=0, ref_end1=496, read_begin1=0, read_end1=329, ref_end2=299)
AlignmentRecord(refName=UniRef100_A0A0D1ZAA7, refSequence.take(100)=MDIDRDPPSKRRRTSSEDSFSSRNSAAEPRSHLPALRHPDSRDARRGRGYSSSRSRNASRDDTPNIRRSRSRSRSRSRRSLSRSRTPSSVYESGREHQPR, cigar=225M4I77M13D5M1I19M15I14M6D19M, score1=1457, score2=875, ref_begin1=0, ref_end1=552, read_begin1=0, read_end1=378, ref_end2=355)

topK:5 Query:UniRef100_B2ADM6
AlignmentRecord(refName=UniRef100_B2ADM6, refSequence.take(100)=MVQLDNFSTEQKQQYILATVVIGLILSTGSHVARIYARLKIIKELRREDWCMTGGLILSYGTVACLLYEFLLMIWIIQKLQPPTLFLIKLSFIIFHMTIF, cigar=392M, score1=2133, score2=1045, ref_begin1=0, ref_end1=391, read_begin1=0, read_end1=391, ref_end2=194)
AlignmentRecord(refName=UniRef100_A0A090CPK0, refSequence.take(100)=MVQLDNFSTEQKQQYILATVVIGLILSTGSHVARIYARLKIIKELRREDWCMTGGLILSYGTVACLLYGLPNQGVPIPVLGKERFKEFLLMIWIIQKLQP, cigar=68M18D131M19I174M, score1=1955, score2=920, ref_begin1=0, ref_end1=390, read_begin1=0, read_end1=391, ref_end2=193)
AlignmentRecord(refName=UniRef100_A0A175W5G0, refSequence.take(100)=MATIGDNFTIEQRQQYVVASMSIGIILSTVTLIARVWARELIIHRLRIEDWLMVAGTILSYGTAICMLWGMVLSLRGYLKVCWYVIGLPMLGPKIADENN, cigar=68M29D61M20I48M19I15M1D60M1I22M3D4M11D15M, score1=749, score2=312, ref_begin1=4, ref_end1=341, read_begin1=4, read_end1=336, ref_end2=144)
AlignmentRecord(refName=UniRef100_A0A194VC52, refSequence.take(100)=MTVKLDDFDPGQKRQYVLVGVTIGLVLATVSTVLRTWAKLMSTKRLRSEDYFMFAALFLCLTTGLGQHEDTLTKLQMRHFLISLWVIQRLQPPSLFCVKT, cigar=49M8D16M1D75M1D58M19I19M1I31M7I13M2I19M1D10M9I8M2D53M, score1=557, score2=393, ref_begin1=1, ref_end1=365, read_begin1=1, read_end1=389, ref_end2=562)
AlignmentRecord(refName=UniRef100_A0A179I7A2, refSequence.take(100)=MAVALDNFDIGQKKTYVVAGTTVGLVLAIVTFVARLYTRLTFNKALYREEWWMGAAVLVTCGATYRWIGAKRGRCVLLGSEKRLQPIDIFCIKTSIILFY, cigar=62M4I4M7D74M1D53M19I20M1I31M1D4M, score1=527, score2=132, ref_begin1=1, ref_end1=258, read_begin1=1, read_end1=272, ref_end2=61)

topK:5 Query:UniRef100_C5MD91
AlignmentRecord(refName=UniRef100_C5MD91, refSequence.take(100)=MSKFIIENNLRKVIPYYINLETHVKGRWEGKTLIEVFKSDFGISEQDVLEDIKNEKLYVISNINKPNEKACLKGFDLLISRPLHAKDLVCHSKHRHEPPI, cigar=392M, score1=2141, score2=1050, ref_begin1=0, ref_end1=391, read_begin1=0, read_end1=391, ref_end2=194)
AlignmentRecord(refName=UniRef100_B9W8E1, refSequence.take(100)=MSKYIVENNIRKVIPYYTDFQTFVKKRWEGKTIIDIYESDFGECEENILDDIESEKLYIVTNSNKPNDQSILTGVDKLTKRKLDEKDIICHTKHRHEPPI, cigar=101M1D180M3D37M2D5M7D69M, score1=1378, score2=762, ref_begin1=0, ref_end1=404, read_begin1=0, read_end1=391, ref_end2=206)
AlignmentRecord(refName=UniRef100_A0A0A6L2Y7, refSequence.take(100)=MSKYIVENNIRKVIPYYTDFQTFVKKRWEGRTIIDVYESDFGECQQNILDDIESEKLYIVTNSNKPTEQSILTGVETLIKRKLDEKDIICHTKHRHEPPI, cigar=105M1D176M1D31M2I4M3D5M7D69M, score1=1359, score2=759, ref_begin1=0, ref_end1=401, read_begin1=0, read_end1=391, ref_end2=202)
AlignmentRecord(refName=UniRef100_Q59PV5, refSequence.take(100)=MSKYIVENNIRKVIPYYTDFQTFVKKRWEGRTIIDVYESDFGECQQNILDDIESEKLYIVTNSNKPTEQSILTGVETLIKRKLDEKDIICHTKHRHEPPI, cigar=105M1D176M1D31M2I4M3D5M7D69M, score1=1360, score2=759, ref_begin1=0, ref_end1=401, read_begin1=0, read_end1=391, ref_end2=202)
AlignmentRecord(refName=UniRef100_Q59PX9, refSequence.take(100)=MSKYIVENNIRKVIPYYTDFQTFVKKRWEARTIIDVYESDFGECQQNILDDIESEKLYIVTNSNKPTEQSILTGVETLIKRKLDEKDIICHTKHRHEPPI, cigar=105M1D176M1D33M3D5M1D4M4D69M, score1=1351, score2=753, ref_begin1=0, ref_end1=401, read_begin1=0, read_end1=391, ref_end2=202)

topK:5 Query:UniRef100_Q4WWZ5
AlignmentRecord(refName=UniRef100_Q4WWZ5, refSequence.take(100)=MKSYLLFVAVLLQAVLVRTAALHPSSRRTCQTSLRNCPEGTVIVSKSHPKAHFSTVQAAIESLPNDNSKQTILILAGNYTEQLNVTRSGPITLLGQTDSV, cigar=392M, score1=2122, score2=1038, ref_begin1=0, ref_end1=391, read_begin1=0, read_end1=391, ref_end2=194)
AlignmentRecord(refName=UniRef100_B0XYM7, refSequence.take(100)=MKSYLLFVAVLLQAVLVRTAALHPSSRRTCQTSLRNCPEGTVIVSKSHPKAHFSTVQAAIESLPNDNSKQTILILAGNYTEQLNVTRSGPITLLGQTDSV, cigar=392M, score1=2121, score2=1038, ref_begin1=0, ref_end1=391, read_begin1=0, read_end1=391, ref_end2=194)
AlignmentRecord(refName=UniRef100_A1D7T5, refSequence.take(100)=MKSYLLFLAVLLQAVLVRTAALHPSSRRTCQTSLRNCPEGTVIVSKSHPKAHFSTVQAAIESLPNDNSKQTILILAGNYTEQLNVTRSGPITLLGQTDSV, cigar=392M, score1=2092, score2=1026, ref_begin1=0, ref_end1=391, read_begin1=0, read_end1=391, ref_end2=194)
AlignmentRecord(refName=UniRef100_A0A0S7DLB1, refSequence.take(100)=MKSYFLFLAVILQAVLVRTAALHSSSRRTCQTSLRNCPEGTVIVSKSHPKAHFSTVQAAIQSLPNDNSKQTILILAGNYTEQLNVTRSGPITLLGQTDSV, cigar=392M, score1=2070, score2=1001, ref_begin1=0, ref_end1=391, read_begin1=0, read_end1=391, ref_end2=194)
AlignmentRecord(refName=UniRef100_A0A0K8LD69, refSequence.take(100)=MKSYLLFLAVILQAVLGRTAALHSSSRRACQTSLRNCPEGTVIVSKSHPKAHFSTVQAAIKSLPNDNSKQTILILAGNYTEQLNVTRSGPITLLGQTDSV, cigar=392M, score1=2034, score2=993, ref_begin1=0, ref_end1=391, read_begin1=0, read_end1=391, ref_end2=194)

topK:5 Query:UniRef100_M7UCQ6
AlignmentRecord(refName=UniRef100_M7UCQ6, refSequence.take(100)=MKFTNAIALAILAATATAVAVPEPWCGRPGQPCKREAVAVAAPVAEPWCGRPGQPCKRTPEAEAWCGRPGQPCKRDAEPWCGRPGQPCKREALPEAWCGR, cigar=392M, score1=2283, score2=1140, ref_begin1=0, ref_end1=391, read_begin1=0, read_end1=391, ref_end2=194)
AlignmentRecord(refName=UniRef100_G2XZB1, refSequence.take(100)=MKFTNAIALAILAATATAVAVPEPWCGRPGQPCKREAVAVAAPVAEPWCGRPGQPCKRTPEAEAWCGRPGQPCKRDAEPWCGRPGQPCKREALPEAWCGR, cigar=392M, score1=2279, score2=1136, ref_begin1=0, ref_end1=391, read_begin1=0, read_end1=391, ref_end2=194)
AlignmentRecord(refName=UniRef100_A7EFR4, refSequence.take(100)=MKFTNAIALAILAATATAVAIPEPWCGRPGQPCKREAVAVAAPIPEPWCGRPGQPCKRDAEPWCGRPGQPCKREALPEAWCGRPGQPCKRTPLAEAEAEA, cigar=47M17I79M11I93M38I107M, score1=1687, score2=706, ref_begin1=0, ref_end1=325, read_begin1=0, read_end1=391, ref_end2=125)
AlignmentRecord(refName=UniRef100_W9CTS4, refSequence.take(100)=MKFTNAIALAILAAIATAAAVPEAQPWCGRPGQACKREAVAGPVAEPWCGRPGQPCKRTPLAEAEAEAWCGRPGQPCRKNKRAAEALAEAFAEPAAEADV, cigar=23M2D13M2I9M49I47M11I79M8I2M26I123M, score1=1414, score2=415, ref_begin1=0, ref_end1=297, read_begin1=0, read_end1=391, ref_end2=93)
AlignmentRecord(refName=UniRef100_A0A179HBS9, refSequence.take(100)=MRLSVTAVAAILASGAIASPWCNRPGQPCKREAMPEPTLAPRLPEPEPEAWCNRPGQPCKREANPDPWCTRPGQPCKRHPEPTMAPRAPEPEPEAEPEAW, cigar=32M7D41M1D8M1I19M4I15M3I13M2D14M1I3M17I19M10I11M2D14M4D15M1I11M1D4M12D24M8I10M3I25M, score1=635, score2=328, ref_begin1=6, ref_end1=308, read_begin1=6, read_end1=331, ref_end2=109)

topK:5 Query:UniRef100_M7V2E2
AlignmentRecord(refName=UniRef100_M7V2E2, refSequence.take(100)=MVASSYTKLESDPPTKPSLPWRFSSSLIMGVTGAITRFFYYGLSNVEVIGLERFKATLDRRENPEERERGLITVSNHVSVMDDPLIWGVLPLKYGFNPSN, cigar=392M, score1=2136, score2=1065, ref_begin1=0, ref_end1=391, read_begin1=0, read_end1=391, ref_end2=194)
AlignmentRecord(refName=UniRef100_G2YSU6, refSequence.take(100)=MVASSYTKLESDPPTKPSLPWRFSSSLIMGVTGAITRFFYYGLSNVEVIGLERFKATLDRRENPEERERGLITVSNHVSVMDDPLIWGVLPLKYGFNPSN, cigar=392M, score1=2123, score2=1060, ref_begin1=0, ref_end1=391, read_begin1=0, read_end1=391, ref_end2=194)
AlignmentRecord(refName=UniRef100_A7F7X6, refSequence.take(100)=MGVTGAVSRIFYYGLNNMEVIGLERFMATLDKRENPEDRERGLITVSNHVSVMDDPLIWGVLPFKYGFNASNHRWSLGSYDICFQNKLLSSFFTLGQVLP, cigar=364M, score1=1852, score2=844, ref_begin1=28, ref_end1=363, read_begin1=28, read_end1=391, ref_end2=166)
AlignmentRecord(refName=UniRef100_W9CFJ0, refSequence.take(100)=MSLPSYTKLQSDPPSKPSLPWRFGSSLIMGVTGAFTRFFYYGLSNVEVIGLKRFLTTLDSRQNPEDRERGLITVSNHVSVLDDPLMILSSFFTLGQVLPT, cigar=86M29I277M, score1=1730, score2=741, ref_begin1=0, ref_end1=362, read_begin1=0, read_end1=391, ref_end2=165)
AlignmentRecord(refName=UniRef100_A0A0C3HYV1, refSequence.take(100)=MGLTGTLSRGFLYGLNYMEVIGLDRFLETLDKRKDVGGRERGLLTVSNHVSVLDDPLIWGSLPLSYAFSPKDLRWSLGSYDICFKNKFLSAFFSVGQVLP, cigar=135M3I218M1D8M, score1=1449, score2=594, ref_begin1=28, ref_end1=361, read_begin1=28, read_end1=391, ref_end2=164)

